W/SensorService(  947): Listener[100] = Thread[Thread-75520,5,main]
W/SensorService(  947): Listener[101] = Thread[Thread-75617,5,main]
W/SensorService(  947): Listener[102] = Thread[Thread-75688,5,main]
W/SensorService(  947): Listener[103] = Thread[Thread-75797,5,main]
W/SensorService(  947): Listener[104] = Thread[Thread-75948,5,main]
W/SensorService(  947): Listener[105] = Thread[Thread-76277,5,main]
W/SensorService(  947): Listener[106] = Thread[Thread-76381,5,main]
W/SensorService(  947): Listener[107] = Thread[Thread-76862,5,main]
W/SensorService(  947): Listener[108] = Thread[Thread-76919,5,main]
W/SensorService(  947): Listener[109] = Thread[Thread-76995,5,main]
W/SensorService(  947): Listener[110] = Thread[Thread-77375,5,main]
W/SensorService(  947): Listener[111] = Thread[Thread-79172,5,main]
W/SensorService(  947): Listener[112] = Thread[Thread-79334,5,main]
W/SensorService(  947): Listener[113] = Thread[Thread-79377,5,main]
W/SensorService(  947): Listener[114] = Thread[Thread-79569,5,main]
W/SensorService(  947): Listener[115] = Thread[Thread-79646,5,main]
W/SensorService(  947): Listener[116] = Thread[Thread-79686,5,main]
W/SensorService(  947): Listener[117] = Thread[Thread-79737,5,main]
W/SensorService(  947): Listener[118] = Thread[Thread-79817,5,main]
W/SensorService(  947): Listener[119] = Thread[Thread-79892,5,main]
W/SensorService(  947): Listener[120] = Thread[Thread-79893,5,main]
W/SensorService(  947): Listener[121] = Thread[Thread-79955,5,main]
W/SensorService(  947): Listener[122] = Thread[Thread-80015,5,main]
W/SensorService(  947): Listener[123] = Thread[Thread-80082,5,main]
W/SensorService(  947): Listener[124] = Thread[Thread-80113,5,main]
W/SensorService(  947): Listener[125] = Thread[Thread-80161,5,main]
W/SensorService(  947): Listener[126] = Thread[Thread-80207,5,main]
W/SensorService(  947): Listener[127] = Thread[Thread-80237,5,main]
W/SensorService(  947): Listener[128] = Thread[Thread-80282,5,main]
W/SensorService(  947): Listener[129] = Thread[Thread-80350,5,main]
W/SensorService(  947): Listener[130] = Thread[Thread-80429,5,main]
W/SensorService(  947): Listener[131] = Thread[Thread-80477,5,main]
W/SensorService(  947): Listener[132] = Thread[Thread-80537,5,main]
W/SensorService(  947): Listener[133] = Thread[Thread-80600,5,main]
W/SensorService(  947): Listener[134] = Thread[Thread-80648,5,main]
W/SensorService(  947): Listener[135] = Thread[Thread-80895,5,main]
W/SensorService(  947): Listener[136] = Thread[Thread-80933,5,main]
W/SensorService(  947): Listener[137] = Thread[Thread-80982,5,main]
W/SensorService(  947): Listener[138] = Thread[Thread-81095,5,main]
W/SensorService(  947): Listener[139] = Thread[Thread-81168,5,main]
W/SensorService(  947): Listener[140] = Thread[Thread-81246,5,main]
W/SensorService(  947): Listener[141] = Thread[Thread-81326,5,main]
W/SensorService(  947): Listener[142] = Thread[Thread-81433,5,main]
W/SensorService(  947): Listener[143] = Thread[Thread-81521,5,main]
W/SensorService(  947): Listener[144] = Thread[Thread-81593,5,main]
W/SensorService(  947): Listener[145] = Thread[Thread-81678,5,main]
W/SensorService(  947): Listener[146] = Thread[Thread-81759,5,main]
W/SensorService(  947): Listener[147] = Thread[Thread-81845,5,main]
W/SensorService(  947): Listener[148] = Thread[Thread-82137,5,main]
W/SensorService(  947): Listener[149] = Thread[Thread-82160,5,main]
W/SensorService(  947): Listener[150] = Thread[Thread-82253,5,main]
W/SensorService(  947): Listener[151] = Thread[Thread-83744,5,main]
W/SensorService(  947): Listener[152] = Thread[Thread-83795,5,main]
W/SensorService(  947): Listener[153] = Thread[Thread-83813,5,main]
W/SensorService(  947): Listener[154] = Thread[Thread-83819,5,main]
W/SensorService(  947): Listener[155] = Thread[Thread-83876,5,main]
W/SensorService(  947): Listener[156] = Thread[Thread-83940,5,main]
W/SensorService(  947): Listener[157] = Thread[Thread-83987,5,main]
W/SensorService(  947): Listener[158] = Thread[Thread-84028,5,main]
W/SensorService(  947): Listener[159] = Thread[Thread-84053,5,main]
W/SensorService(  947): Listener[160] = com.badlogic.gdx.backends.android.AndroidInput$SensorListener@42e57c58
W/SensorService(  947): Listener[161] = com.badlogic.gdx.backends.android.AndroidInput$SensorListener@42fbc230
W/SensorService(  947): Listener[162] = Thread[Thread-84188,5,main]
W/SensorService(  947): Listener[163] = Thread[Thread-84420,5,main]
W/SensorService(  947): Listener[164] = Thread[Thread-84476,5,main]
W/SensorService(  947): Listener[165] = Thread[Thread-84572,5,main]
W/SensorService(  947): Listener[166] = Thread[Thread-84620,5,main]
W/SensorService(  947): Listener[167] = Thread[Thread-84836,5,main]
W/SensorService(  947): Listener[168] = Thread[Thread-84899,5,main]
W/SensorService(  947): Listener[169] = Thread[Thread-84946,5,main]
W/SensorService(  947): Listener[170] = Thread[Thread-85007,5,main]
W/SensorService(  947): Listener[171] = Thread[Thread-85076,5,main]
W/SensorService(  947): Listener[172] = Thread[Thread-85122,5,main]
W/SensorService(  947): Listener[173] = Thread[Thread-85245,5,main]
W/SensorService(  947): Listener[174] = Thread[Thread-85301,5,main]
W/SensorService(  947): Listener[175] = Thread[Thread-85373,5,main]
W/SensorService(  947): Listener[176] = Thread[Thread-85421,5,main]
W/SensorService(  947): Listener[177] = Thread[Thread-85437,5,main]
W/SensorService(  947): Listener[178] = Thread[Thread-85452,5,main]
W/SensorService(  947): Listener[179] = Thread[Thread-85529,5,main]
W/SensorService(  947): Listener[180] = Thread[Thread-85574,5,main]
W/SensorService(  947): Listener[181] = Thread[Thread-85621,5,main]
W/SensorService(  947): Listener[182] = Thread[Thread-85691,5,main]
W/SensorService(  947): Listener[183] = Thread[Thread-85748,5,main]
W/SensorService(  947): Listener[184] = Thread[Thread-85788,5,main]
W/SensorService(  947): Listener[185] = Thread[Thread-85842,5,main]
W/SensorService(  947): Listener[186] = Thread[Thread-85895,5,main]
W/SensorService(  947): Listener[187] = Thread[Thread-85941,5,main]
W/SensorService(  947): Listener[188] = Thread[Thread-85964,5,main]
W/SensorService(  947): Listener[189] = Thread[Thread-86004,5,main]
W/SensorService(  947): Listener[190] = Thread[Thread-86069,5,main]
W/SensorService(  947): Listener[191] = Thread[Thread-86114,5,main]
W/SensorService(  947): Listener[192] = Thread[Thread-86183,5,main]
W/SensorService(  947): Listener[193] = Thread[Thread-86228,5,main]
W/SensorService(  947): Listener[194] = Thread[Thread-86286,5,main]
W/SensorService(  947): Listener[195] = Thread[Thread-86336,5,main]
W/SensorService(  947): Listener[196] = Thread[Thread-86378,5,main]
W/SensorService(  947): Listener[197] = Thread[Thread-86390,5,main]
W/SensorService(  947): Listener[198] = Thread[Thread-86410,5,main]
W/SensorService(  947): Listener[199] = Thread[Thread-86429,5,main]
W/SensorService(  947): Listener[200] = Thread[Thread-86477,5,main]
W/SensorService(  947): Listener[201] = Thread[Thread-86502,5,main]
W/SensorService(  947): Listener[202] = Thread[Thread-86592,5,main]
W/SensorService(  947): Listener[203] = Thread[Thread-86678,5,main]
W/SensorService(  947): Listener[204] = Thread[Thread-86752,5,main]
W/SensorService(  947): Listener[205] = Thread[Thread-86852,5,main]
W/SensorService(  947): Listener[206] = Thread[Thread-86929,5,main]
W/SensorService(  947): Listener[207] = Thread[Thread-87014,5,main]
W/SensorService(  947): Listener[208] = Thread[Thread-87089,5,main]
W/SensorService(  947): Listener[209] = Thread[Thread-87139,5,main]
W/SensorService(  947): Listener[210] = Thread[Thread-87192,5,main]
W/SensorService(  947): Listener[211] = Thread[Thread-87258,5,main]
W/SensorService(  947): Listener[212] = Thread[Thread-87308,5,main]
W/SensorService(  947): Listener[213] = Thread[Thread-87330,5,main]
W/SensorService(  947): Listener[214] = Thread[Thread-87387,5,main]
W/SensorService(  947): Listener[215] = Thread[Thread-87437,5,main]
W/SensorService(  947): Listener[216] = Thread[Thread-87504,5,main]
W/SensorService(  947): Listener[217] = Thread[Thread-87554,5,main]
W/SensorService(  947): Listener[218] = Thread[Thread-87596,5,main]
W/SensorService(  947): Listener[219] = Thread[Thread-87637,5,main]
W/SensorService(  947): Listener[220] = Thread[Thread-87680,5,main]
W/SensorService(  947): Listener[221] = Thread[Thread-87726,5,main]
W/SensorService(  947): Listener[222] = Thread[Thread-87767,5,main]
W/SensorService(  947): Listener[223] = Thread[Thread-87788,5,main]
W/SensorService(  947): Listener[224] = Thread[Thread-87801,5,main]
W/SensorService(  947): Listener[225] = Thread[Thread-87917,5,main]
W/SensorService(  947): Listener[226] = Thread[Thread-87965,5,main]
W/SensorService(  947): Listener[227] = Thread[Thread-88010,5,main]
W/SensorService(  947): Listener[228] = Thread[Thread-88128,5,main]
W/SensorService(  947): Listener[229] = Thread[Thread-88397,5,main]
W/SensorService(  947): Listener[230] = Thread[Thread-88445,5,main]
W/SensorService(  947): Listener[231] = Thread[Thread-88514,5,main]
W/SensorService(  947): Listener[232] = Thread[Thread-88797,5,main]
W/SensorService(  947): Listener[233] = Thread[Thread-88870,5,main]
W/SensorService(  947): Listener[234] = Thread[Thread-89093,5,main]
W/SensorService(  947): Listener[235] = Thread[Thread-89132,5,main]
W/SensorService(  947): Listener[236] = Thread[Thread-89171,5,main]
W/SensorService(  947): Listener[237] = Thread[Thread-89234,5,main]
W/SensorService(  947): Listener[238] = Thread[Thread-89295,5,main]
W/SensorService(  947): Listener[239] = Thread[Thread-89319,5,main]
W/SensorService(  947): Listener[240] = Thread[Thread-89399,5,main]
W/SensorService(  947): Listener[241] = Thread[Thread-89459,5,main]
W/SensorService(  947): Listener[242] = Thread[Thread-89532,5,main]
W/SensorService(  947): Listener[243] = Thread[Thread-89696,5,main]
W/SensorService(  947): Listener[244] = Thread[Thread-89769,5,main]
W/SensorService(  947): Listener[245] = Thread[Thread-89844,5,main]
W/SensorService(  947): Listener[246] = Thread[Thread-89933,5,main]
W/SensorService(  947): Listener[247] = Thread[Thread-89993,5,main]
W/SensorService(  947): Listener[248] = Thread[Thread-90066,5,main]
W/SensorService(  947): Listener[249] = Thread[Thread-90141,5,main]
W/SensorService(  947): Listener[250] = Thread[Thread-90180,5,main]
W/SensorService(  947): Listener[251] = Thread[Thread-90230,5,main]
W/SensorService(  947): Listener[252] = Thread[Thread-90308,5,main]
W/SensorService(  947): Listener[253] = Thread[Thread-90340,5,main]
W/SensorService(  947): Listener[254] = Thread[Thread-90435,5,main]
W/SensorService(  947): Listener[255] = Thread[Thread-90531,5,main]
W/SensorService(  947): Listener[256] = Thread[Thread-90598,5,main]
W/SensorService(  947): Listener[257] = Thread[Thread-90648,5,main]
W/SensorService(  947): Listener[258] = Thread[Thread-90725,5,main]
W/SensorService(  947): Listener[259] = Thread[Thread-90768,5,main]
W/SensorService(  947): Listener[260] = Thread[Thread-90823,5,main]
W/SensorService(  947): Listener[261] = Thread[Thread-90943,5,main]
W/SensorService(  947): Listener[262] = Thread[Thread-91022,5,main]
W/SensorService(  947): Listener[263] = Thread[Thread-91061,5,main]
W/SensorService(  947): Listener[264] = Thread[Thread-91100,5,main]
W/SensorService(  947): Listener[265] = Thread[Thread-91173,5,main]
W/SensorService(  947): Listener[266] = Thread[Thread-91255,5,main]
W/SensorService(  947): Listener[267] = Thread[Thread-91293,5,main]
W/SensorService(  947): Listener[268] = Thread[Thread-91503,5,main]
W/SensorService(  947): Listener[269] = Thread[Thread-91977,5,main]
W/SensorService(  947): Listener[270] = Thread[Thread-93623,5,main]
W/SensorService(  947): Listener[271] = Thread[Thread-93743,5,main]
W/SensorService(  947): Listener[272] = Thread[Thread-93782,5,main]
W/SensorService(  947): Listener[273] = Thread[Thread-93824,5,main]
W/SensorService(  947): Listener[274] = Thread[Thread-93906,5,main]
W/SensorService(  947): Listener[275] = Thread[Thread-93981,5,main]
W/SensorService(  947): Listener[276] = Thread[Thread-94001,5,main]
W/SensorService(  947): Listener[277] = Thread[Thread-94181,5,main]
W/SensorService(  947): Listener[278] = Thread[Thread-94256,5,main]
W/SensorService(  947): Listener[279] = Thread[Thread-94364,5,main]
W/SensorService(  947): Listener[280] = Thread[Thread-94431,5,main]
W/SensorService(  947): Listener[281] = Thread[Thread-94508,5,main]
W/SensorService(  947): Listener[282] = Thread[Thread-94580,5,main]
W/SensorService(  947): Listener[283] = Thread[Thread-94656,5,main]
W/SensorService(  947): Listener[284] = Thread[Thread-94886,5,main]
W/SensorService(  947): Listener[285] = Thread[Thread-95143,5,main]
W/SensorService(  947): Listener[286] = Thread[Thread-95774,5,main]
W/SensorService(  947): Listener[287] = Thread[Thread-95858,5,main]
W/SensorService(  947): Listener[288] = Thread[Thread-95939,5,main]
W/SensorService(  947): Listener[289] = Thread[Thread-96016,5,main]
W/SensorService(  947): Listener[290] = Thread[Thread-96075,5,main]
W/SensorService(  947): Listener[291] = Thread[Thread-96188,5,main]
W/SensorService(  947): Listener[292] = Thread[Thread-96236,5,main]
W/SensorService(  947): Listener[293] = Thread[Thread-96366,5,main]
W/SensorService(  947): Listener[294] = Thread[Thread-96510,5,main]
W/SensorService(  947): Listener[295] = Thread[Thread-96599,5,main]
W/SensorService(  947): Listener[296] = Thread[Thread-96675,5,main]
W/SensorService(  947): Listener[297] = Thread[Thread-96864,5,main]
W/SensorService(  947): Listener[298] = Thread[Thread-96965,5,main]
W/SensorService(  947): Listener[299] = Thread[Thread-97037,5,main]
W/SensorService(  947): Listener[300] = Thread[Thread-97106,5,main]
W/SensorService(  947): Listener[301] = Thread[Thread-97151,5,main]
W/SensorService(  947): Listener[302] = Thread[Thread-97169,5,main]
W/SensorService(  947): Listener[303] = Thread[Thread-97212,5,main]
W/SensorService(  947): Listener[304] = Thread[Thread-97265,5,main]
W/SensorService(  947): Listener[305] = Thread[Thread-97306,5,main]
W/SensorService(  947): Listener[306] = Thread[Thread-97352,5,main]
W/SensorService(  947): Listener[307] = Thread[Thread-97397,5,main]
W/SensorService(  947): Listener[308] = Thread[Thread-97448,5,main]
W/SensorService(  947): Listener[309] = Thread[Thread-97494,5,main]
W/SensorService(  947): Listener[310] = Thread[Thread-97581,5,main]
W/SensorService(  947): Listener[311] = Thread[Thread-97645,5,main]
W/SensorService(  947): Listener[312] = Thread[Thread-97862,5,main]
W/SensorService(  947): Listener[313] = Thread[Thread-97907,5,main]
W/SensorService(  947): Listener[314] = Thread[Thread-97922,5,main]
W/SensorService(  947): Listener[315] = Thread[Thread-97982,5,main]
W/SensorService(  947): Listener[316] = Thread[Thread-98028,5,main]
W/SensorService(  947): Listener[317] = Thread[Thread-98150,5,main]
W/SensorService(  947): Listener[318] = Thread[Thread-98228,5,main]
W/SensorService(  947): Listener[319] = Thread[Thread-98279,5,main]
W/SensorService(  947): Listener[320] = Thread[Thread-98341,5,main]
W/SensorService(  947): Listener[321] = Thread[Thread-98440,5,main]
W/SensorService(  947): Listener[322] = Thread[Thread-98597,5,main]
W/SensorService(  947): Listener[323] = Thread[Thread-98692,5,main]
W/SensorService(  947): Listener[324] = Thread[Thread-98744,5,main]
W/SensorService(  947): Listener[325] = Thread[Thread-98823,5,main]
W/SensorService(  947): Listener[326] = Thread[Thread-98900,5,main]
W/SensorService(  947): Listener[327] = Thread[Thread-98971,5,main]
W/SensorService(  947): Listener[328] = Thread[Thread-99032,5,main]
W/SensorService(  947): Listener[329] = Thread[Thread-99101,5,main]
W/SensorService(  947): Listener[330] = Thread[Thread-99182,5,main]
W/SensorService(  947): Listener[331] = Thread[Thread-100279,5,main]
W/SensorService(  947): Listener[332] = Thread[Thread-100370,5,main]
W/SensorService(  947): Listener[333] = Thread[Thread-100443,5,main]
W/SensorService(  947): Listener[334] = Thread[Thread-100533,5,main]
W/SensorService(  947): Listener[335] = Thread[Thread-100614,5,main]
W/SensorService(  947): Listener[336] = Thread[Thread-100706,5,main]
W/SensorService(  947): Listener[337] = Thread[Thread-100772,5,main]
W/SensorService(  947): Listener[338] = Thread[Thread-100839,5,main]
W/SensorService(  947): Listener[339] = Thread[Thread-100935,5,main]
W/SensorService(  947): Listener[340] = Thread[Thread-101021,5,main]
W/SensorService(  947): Listener[341] = com.badlogic.gdx.backends.android.AndroidInput$SensorListener@424ac530
W/SensorService(  947): Listener[342] = com.badlogic.gdx.backends.android.AndroidInput$SensorListener@424a7128
W/SensorService(  947): Listener[343] = Thread[Thread-101130,5,main]
W/SensorService(  947): Listener[344] = Thread[Thread-101210,5,main]
W/SensorService(  947): Listener[345] = Thread[Thread-101299,5,main]
W/SensorService(  947): Listener[346] = Thread[Thread-101351,5,main]
W/SensorService(  947): Listener[347] = Thread[Thread-101413,5,main]
W/SensorService(  947): Listener[348] = Thread[Thread-101627,5,main]
W/SensorService(  947): Listener[349] = Thread[Thread-101675,5,main]
W/SensorService(  947): Listener[350] = Thread[Thread-101697,5,main]
W/SensorService(  947): Listener[351] = Thread[Thread-101870,5,main]
W/SensorService(  947): Listener[352] = Thread[Thread-102213,5,main]
W/SensorService(  947): Listener[353] = Thread[Thread-102333,5,main]
W/SensorService(  947): Listener[354] = Thread[Thread-102383,5,main]
W/SensorService(  947): Listener[355] = Thread[Thread-102426,5,main]
W/SensorService(  947): Listener[356] = Thread[Thread-102502,5,main]
W/SensorService(  947): Listener[357] = Thread[Thread-102579,5,main]
W/SensorService(  947): Listener[358] = Thread[Thread-102675,5,main]
W/SensorService(  947): Listener[359] = Thread[Thread-102761,5,main]
W/SensorService(  947): Listener[360] = Thread[Thread-102793,5,main]
W/SensorService(  947): Listener[361] = Thread[Thread-102848,5,main]
W/SensorService(  947): Listener[362] = Thread[Thread-102885,5,main]
W/SensorService(  947): Listener[363] = Thread[Thread-103034,5,main]
W/SensorService(  947): Listener[364] = Thread[Thread-103100,5,main]
W/SensorService(  947): Listener[365] = Thread[Thread-105018,5,main]
W/SensorService(  947): Listener[366] = Thread[Thread-105086,5,main]
W/SensorService(  947): Listener[367] = Thread[Thread-105152,5,main]
W/SensorService(  947): Listener[368] = Thread[Thread-105215,5,main]
W/SensorService(  947): Listener[369] = Thread[Thread-105350,5,main]
W/SensorService(  947): Listener[370] = Thread[Thread-105444,5,main]
W/SensorService(  947): Listener[371] = Thread[Thread-105521,5,main]
W/SensorService(  947): Listener[372] = Thread[Thread-105560,5,main]
W/SensorService(  947): Listener[373] = Thread[Thread-105641,5,main]
W/SensorService(  947): Listener[374] = Thread[Thread-105686,5,main]
W/SensorService(  947): Listener[375] = Thread[Thread-105741,5,main]
W/SensorService(  947): Listener[376] = Thread[Thread-105789,5,main]
W/SensorService(  947): Listener[377] = Thread[Thread-105849,5,main]
W/SensorService(  947): Listener[378] = Thread[Thread-105905,5,main]
W/SensorService(  947): Listener[379] = Thread[Thread-105964,5,main]
W/SensorService(  947): Listener[380] = Thread[Thread-106037,5,main]
W/SensorService(  947): Listener[381] = Thread[Thread-106075,5,main]
W/SensorService(  947): Listener[382] = Thread[Thread-106205,5,main]
W/SensorService(  947): Listener[383] = Thread[Thread-106269,5,main]
W/SensorService(  947): Listener[384] = Thread[Thread-106292,5,main]
W/SensorService(  947): Listener[385] = Thread[Thread-106314,5,main]
W/SensorService(  947): Listener[386] = Thread[Thread-106376,5,main]
W/SensorService(  947): Listener[387] = Thread[Thread-106442,5,main]
W/SensorService(  947): Listener[388] = Thread[Thread-106493,5,main]
W/SensorService(  947): Listener[389] = Thread[Thread-106498,5,main]
W/SensorService(  947): Listener[390] = Thread[Thread-106575,5,main]
W/SensorService(  947): Listener[391] = Thread[Thread-106653,5,main]
W/SensorService(  947): Listener[392] = Thread[Thread-106721,5,main]
W/SensorService(  947): Listener[393] = Thread[Thread-106781,5,main]
W/SensorService(  947): Listener[394] = Thread[Thread-106833,5,main]
W/SensorService(  947): Listener[395] = Thread[Thread-106884,5,main]
W/SensorService(  947): Listener[396] = Thread[Thread-106934,5,main]
W/SensorService(  947): Listener[397] = Thread[Thread-106943,5,main]
W/SensorService(  947): Listener[398] = Thread[Thread-106988,5,main]
W/SensorService(  947): Listener[399] = Thread[Thread-107057,5,main]
W/SensorService(  947): Listener[400] = Thread[Thread-107165,5,main]
W/SensorService(  947): Listener[401] = Thread[Thread-107192,5,main]
W/SensorService(  947): Listener[402] = Thread[Thread-107242,5,main]
W/SensorService(  947): Listener[403] = Thread[Thread-107297,5,main]
W/SensorService(  947): Listener[404] = Thread[Thread-107373,5,main]
W/SensorService(  947): Listener[405] = Thread[Thread-107422,5,main]
W/SensorService(  947): Listener[406] = Thread[Thread-107478,5,main]
W/SensorService(  947): Listener[407] = Thread[Thread-107522,5,main]
W/SensorService(  947): Listener[408] = Thread[Thread-107552,5,main]
W/SensorService(  947): Listener[409] = Thread[Thread-107557,5,main]
W/SensorService(  947): Listener[410] = Thread[Thread-107607,5,main]
W/SensorService(  947): Listener[411] = Thread[Thread-107690,5,main]
W/SensorService(  947): Listener[412] = Thread[Thread-107726,5,main]
W/SensorService(  947): Listener[413] = Thread[Thread-107729,5,main]
W/SensorService(  947): Listener[414] = Thread[Thread-107763,5,main]
W/SensorService(  947): Listener[415] = Thread[Thread-107822,5,main]
W/SensorService(  947): Listener[416] = Thread[Thread-107850,5,main]
W/SensorService(  947): Listener[417] = Thread[Thread-107871,5,main]
W/SensorService(  947): Listener[418] = Thread[Thread-107960,5,main]
W/SensorService(  947): Listener[419] = Thread[Thread-108025,5,main]
W/SensorService(  947): Listener[420] = Thread[Thread-108095,5,main]
W/SensorService(  947): Listener[421] = Thread[Thread-108123,5,main]
W/SensorService(  947): Listener[422] = Thread[Thread-108176,5,main]
W/SensorService(  947): Listener[423] = Thread[Thread-110629,5,main]
W/SensorService(  947): Listener[424] = Thread[Thread-110999,5,main]
W/SensorService(  947): Listener[425] = Thread[Thread-111143,5,main]
W/SensorService(  947): Listener[426] = Thread[Thread-111215,5,main]
W/SensorService(  947): Listener[427] = Thread[Thread-111303,5,main]
W/SensorService(  947): Listener[428] = Thread[Thread-111392,5,main]
W/SensorService(  947): Listener[429] = Thread[Thread-111434,5,main]
W/SensorService(  947): Listener[430] = Thread[Thread-111481,5,main]
W/SensorService(  947): Listener[431] = Thread[Thread-111581,5,main]
W/SensorService(  947): Listener[432] = Thread[Thread-111645,5,main]
W/SensorService(  947): Listener[433] = Thread[Thread-111743,5,main]
W/SensorService(  947): Listener[434] = Thread[Thread-111775,5,main]
W/SensorService(  947): Listener[435] = Thread[Thread-111821,5,main]
W/SensorService(  947): Listener[436] = Thread[Thread-111905,5,main]
W/SensorService(  947): Listener[437] = Thread[Thread-111962,5,main]
W/SensorService(  947): Listener[438] = Thread[Thread-112020,5,main]
W/SensorService(  947): Listener[439] = Thread[Thread-112054,5,main]
W/SensorService(  947): Listener[440] = Thread[Thread-112106,5,main]
W/SensorService(  947): Listener[441] = Thread[Thread-112157,5,main]
W/SensorService(  947): Listener[442] = Thread[Thread-112199,5,main]
W/SensorService(  947): Listener[443] = Thread[Thread-112282,5,main]
W/SensorService(  947): Listener[444] = Thread[Thread-112358,5,main]
W/SensorService(  947): Listener[445] = Thread[Thread-112436,5,main]
W/SensorService(  947): Listener[446] = Thread[Thread-112478,5,main]
W/SensorService(  947): Listener[447] = Thread[Thread-112484,5,main]
W/SensorService(  947): Listener[448] = Thread[Thread-112499,5,main]
W/SensorService(  947): Listener[449] = Thread[Thread-112508,5,main]
W/SensorService(  947): Listener[450] = Thread[Thread-112543,5,main]
W/SensorService(  947): Listener[451] = Thread[Thread-112622,5,main]
W/SensorService(  947): Listener[452] = Thread[Thread-112697,5,main]
W/SensorService(  947): Listener[453] = Thread[Thread-112751,5,main]
W/SensorService(  947): Listener[454] = Thread[Thread-112795,5,main]
W/SensorService(  947): Listener[455] = Thread[Thread-112837,5,main]
W/SensorService(  947): Listener[456] = Thread[Thread-112877,5,main]
W/SensorService(  947): Listener[457] = Thread[Thread-112927,5,main]
W/SensorService(  947): Listener[458] = Thread[Thread-112978,5,main]
W/SensorService(  947): Listener[459] = Thread[Thread-113234,5,main]
W/SensorService(  947): Listener[460] = Thread[Thread-113468,5,main]
W/SensorService(  947): Listener[461] = Thread[Thread-119576,5,main]
W/SensorService(  947): Listener[462] = Thread[Thread-119654,5,main]
W/SensorService(  947): Listener[463] = Thread[Thread-126441,5,main]
W/SensorService(  947): Listener[464] = Thread[Thread-126644,5,main]
W/SensorService(  947): Listener[465] = Thread[Thread-126704,5,main]
W/SensorService(  947): Listener[466] = Thread[Thread-126777,5,main]
W/SensorService(  947): Listener[467] = Thread[Thread-126917,5,main]
W/SensorService(  947): Listener[468] = Thread[Thread-127082,5,main]
W/SensorService(  947): Listener[469] = Thread[Thread-127115,5,main]
W/SensorService(  947): Listener[470] = Thread[Thread-127133,5,main]
W/SensorService(  947): Listener[471] = Thread[Thread-127166,5,main]
W/SensorService(  947): Listener[472] = Thread[Thread-127372,5,main]
W/SensorService(  947): Listener[473] = Thread[Thread-127446,5,main]
W/SensorService(  947): Listener[474] = Thread[Thread-127556,5,main]
W/SensorService(  947): Listener[475] = Thread[Thread-127682,5,main]
W/SensorService(  947): Listener[476] = Thread[Thread-127757,5,main]
W/SensorService(  947): Listener[477] = Thread[Thread-127820,5,main]
W/SensorService(  947): Listener[478] = Thread[Thread-127890,5,main]
W/SensorService(  947): Listener[479] = Thread[Thread-127984,5,main]
W/SensorService(  947): Listener[480] = Thread[Thread-128065,5,main]
W/SensorService(  947): Listener[481] = Thread[Thread-128252,5,main]
W/SensorService(  947): Listener[482] = Thread[Thread-128488,5,main]
W/SensorService(  947): Listener[483] = Thread[Thread-128595,5,main]
W/SensorService(  947): Listener[484] = Thread[Thread-129437,5,main]
W/SensorService(  947): Listener[485] = Thread[Thread-129536,5,main]
W/SensorService(  947): Listener[486] = Thread[Thread-129548,5,main]
W/SensorService(  947): Listener[487] = Thread[Thread-129605,5,main]
W/SensorService(  947): Listener[488] = Thread[Thread-129683,5,main]
W/SensorService(  947): Listener[489] = Thread[Thread-129760,5,main]
W/SensorService(  947): Listener[490] = Thread[Thread-129809,5,main]
W/SensorService(  947): Listener[491] = Thread[Thread-129873,5,main]
W/SensorService(  947): Listener[492] = Thread[Thread-129974,5,main]
W/SensorService(  947): Listener[493] = Thread[Thread-130013,5,main]
W/SensorService(  947): Listener[494] = Thread[Thread-130055,5,main]
W/SensorService(  947): Listener[495] = Thread[Thread-130094,5,main]
W/SensorService(  947): Listener[496] = Thread[Thread-130097,5,main]
W/SensorService(  947): Listener[497] = Thread[Thread-130109,5,main]
W/SensorService(  947): Listener[498] = Thread[Thread-130142,5,main]
W/SensorService(  947): Listener[499] = Thread[Thread-130208,5,main]
W/SensorService(  947): Listener[500] = Thread[Thread-130788,5,main]
W/SensorService(  947): Listener[501] = Thread[Thread-132505,5,main]
W/SensorService(  947): Listener[502] = Thread[Thread-132641,5,main]
W/SensorService(  947): Listener[503] = Thread[Thread-132696,5,main]
W/SensorService(  947): Listener[504] = Thread[Thread-132764,5,main]
W/SensorService(  947): Listener[505] = Thread[Thread-132809,5,main]
W/SensorService(  947): Listener[506] = Thread[Thread-132839,5,main]
W/SensorService(  947): Listener[507] = Thread[Thread-132929,5,main]
W/SensorService(  947): Listener[508] = Thread[Thread-133022,5,main]
W/SensorService(  947): Listener[509] = Thread[Thread-133079,5,main]
W/SensorService(  947): Listener[510] = Thread[Thread-133120,5,main]
W/SensorService(  947): Listener[511] = Thread[Thread-133214,5,main]
W/SensorService(  947): Listener[512] = Thread[Thread-133250,5,main]
W/SensorService(  947): Listener[513] = Thread[Thread-133268,5,main]
W/SensorService(  947): Listener[514] = Thread[Thread-133305,5,main]
W/SensorService(  947): Listener[515] = Thread[Thread-133360,5,main]
W/SensorService(  947): Listener[516] = Thread[Thread-133381,5,main]
W/SensorService(  947): Listener[517] = Thread[Thread-133451,5,main]
W/SensorService(  947): Listener[518] = Thread[Thread-133553,5,main]
W/SensorService(  947): Listener[519] = Thread[Thread-133602,5,main]
W/SensorService(  947): Listener[520] = Thread[Thread-133650,5,main]
W/SensorService(  947): Listener[521] = Thread[Thread-134168,5,main]
W/SensorService(  947): Listener[522] = Thread[Thread-134252,5,main]
W/SensorService(  947): Listener[523] = Thread[Thread-134369,5,main]
W/SensorService(  947): Listener[524] = Thread[Thread-134423,5,main]
W/SensorService(  947): Listener[525] = Thread[Thread-134579,5,main]
W/SensorService(  947): Listener[526] = Thread[Thread-134669,5,main]
W/SensorService(  947): Listener[527] = Thread[Thread-134825,5,main]
W/SensorService(  947): Listener[528] = Thread[Thread-134883,5,main]
W/SensorService(  947): Listener[529] = Thread[Thread-134948,5,main]
W/SensorService(  947): Listener[530] = Thread[Thread-135031,5,main]
W/SensorService(  947): Listener[531] = Thread[Thread-135583,5,main]
W/SensorService(  947): Listener[532] = Thread[Thread-137330,5,main]
W/SensorService(  947): Listener[533] = Thread[Thread-137486,5,main]
W/SensorService(  947): Listener[534] = Thread[Thread-137576,5,main]
W/SensorService(  947): Listener[535] = Thread[Thread-138043,5,main]
W/SensorService(  947): Listener[536] = Thread[Thread-163652,5,main]
W/SensorService(  947): Listener[537] = Thread[Thread-163721,5,main]
W/SensorService(  947): Listener[538] = Thread[Thread-163790,5,main]
W/SensorService(  947): Listener[539] = Thread[Thread-163847,5,main]
W/SensorService(  947): Listener[540] = Thread[Thread-163895,5,main]
W/SensorService(  947): Listener[541] = Thread[Thread-164408,5,main]
W/SensorService(  947): Listener[542] = Thread[Thread-164480,5,main]
W/SensorService(  947): Listener[543] = Thread[Thread-164537,5,main]
W/SensorService(  947): Listener[544] = Thread[Thread-164615,5,main]
W/SensorService(  947): Listener[545] = Thread[Thread-164645,5,main]
W/SensorService(  947): Listener[546] = Thread[Thread-164648,5,main]
W/SensorService(  947): Listener[547] = Thread[Thread-164780,5,main]
W/SensorService(  947): Listener[548] = Thread[Thread-164819,5,main]
W/SensorService(  947): Listener[549] = Thread[Thread-164824,5,main]
W/SensorService(  947): Listener[550] = Thread[Thread-164834,5,main]
W/SensorService(  947): Listener[551] = Thread[Thread-164903,5,main]
W/SensorService(  947): Listener[552] = Thread[Thread-164945,5,main]
W/SensorService(  947): Listener[553] = Thread[Thread-164957,5,main]
W/SensorService(  947): Listener[554] = Thread[Thread-164996,5,main]
W/SensorService(  947): Listener[555] = Thread[Thread-165089,5,main]
W/SensorService(  947): Listener[556] = Thread[Thread-165131,5,main]
W/SensorService(  947): Listener[557] = Thread[Thread-165180,5,main]
W/SensorService(  947): Listener[558] = Thread[Thread-165421,5,main]
W/SensorService(  947): Listener[559] = Thread[Thread-166055,5,main]
W/SensorService(  947): Listener[560] = Thread[Thread-166130,5,main]
W/SensorService(  947): Listener[561] = Thread[Thread-166157,5,main]
W/SensorService(  947): Listener[562] = Thread[Thread-166160,5,main]
W/SensorService(  947): Listener[563] = Thread[Thread-166163,5,main]
W/SensorService(  947): Listener[564] = Thread[Thread-166172,5,main]
W/SensorService(  947): Listener[565] = Thread[Thread-166214,5,main]
W/SensorService(  947): Listener[566] = Thread[Thread-166274,5,main]
W/SensorService(  947): Listener[567] = Thread[Thread-166301,5,main]
W/SensorService(  947): Listener[568] = Thread[Thread-166323,5,main]
W/SensorService(  947): Listener[569] = Thread[Thread-166392,5,main]
W/SensorService(  947): Listener[570] = Thread[Thread-166457,5,main]
W/SensorService(  947): Listener[571] = Thread[Thread-173797,5,main]
W/SensorService(  947): void android::SensorService::listenerSensor(const char*, int32_t)--:
I/SensorManager(  947): unregisterListenerImpl++: listener = com.htc.smartdim.sensor_eye@425aca98
E/ActivityThread(  947): Service com.htc.smartdim.sensor_eye has leaked IntentReceiver com.htc.smartdim.sensor_eye$CoverStateReceiver@4258bc70 that was originally registered here. Are you missing a call to unregisterReceiver()?
E/ActivityThread(  947): android.app.IntentReceiverLeaked: Service com.htc.smartdim.sensor_eye has leaked IntentReceiver com.htc.smartdim.sensor_eye$CoverStateReceiver@4258bc70 that was originally registered here. Are you missing a call to unregisterReceiver()?
E/ActivityThread(  947): 	at android.app.LoadedApk$ReceiverDispatcher.<init>(LoadedApk.java:904)
E/ActivityThread(  947): 	at android.app.LoadedApk.getReceiverDispatcher(LoadedApk.java:673)
E/ActivityThread(  947): 	at android.app.ContextImpl.registerReceiverInternal(ContextImpl.java:1686)
E/ActivityThread(  947): 	at android.app.ContextImpl.registerReceiver(ContextImpl.java:1666)
E/ActivityThread(  947): 	at android.content.ContextWrapper.registerReceiver(ContextWrapper.java:481)
E/ActivityThread(  947): 	at com.htc.smartdim.sensor_eye.register(sensor_eye.java:166)
E/ActivityThread(  947): 	at com.htc.smartdim.sensor_eye.onStart(sensor_eye.java:285)
E/ActivityThread(  947): 	at android.app.Service.onStartCommand(Service.java:450)
E/ActivityThread(  947): 	at android.app.ActivityThread.handleServiceArgs(ActivityThread.java:3173)
E/ActivityThread(  947): 	at android.app.ActivityThread.access$2100(ActivityThread.java:156)
E/ActivityThread(  947): 	at android.app.ActivityThread$H.handleMessage(ActivityThread.java:1461)
E/ActivityThread(  947): 	at android.os.Handler.dispatchMessage(Handler.java:102)
E/ActivityThread(  947): 	at android.os.Looper.loop(Looper.java:157)
E/ActivityThread(  947): 	at com.android.server.ServerThread.initAndLoop(SystemServer.java:1467)
E/ActivityThread(  947): 	at com.android.server.SystemServer.main(SystemServer.java:1597)
E/ActivityThread(  947): 	at java.lang.reflect.Method.invokeNative(Native Method)
E/ActivityThread(  947): 	at java.lang.reflect.Method.invoke(Method.java:515)
E/ActivityThread(  947): 	at com.android.internal.os.ZygoteInit$MethodAndArgsCaller.run(ZygoteInit.java:858)
E/ActivityThread(  947): 	at com.android.internal.os.ZygoteInit.main(ZygoteInit.java:674)
E/ActivityThread(  947): 	at dalvik.system.NativeStart.main(Native Method)
I/PedometerServiceScheduler(1)( 2030): Removing PedometerService from schedule...
D/AutoSetting( 9662): service - mHandler: cancel location update
D/AutoSetting( 9662): service -           changes count: 0
W/PropertyValuesHolder( 1196): Method setMyDrawable() with type int not found on target class class com.htc.lockscreen.ui.ArrowAnimationView
I/ActivityManager(  947): Waited long enough for: ServiceRecord{442770b8 u0 com.amazon.mShop.android/com.amazon.venezia.notification.NotificationService}
I/ActivityManager(  947): Waited long enough for: ServiceRecord{4419eff8 u0 com.htc.sense.hsp/.weather.location.AutoSettingService}
D/libc    (15505): [NET] getaddrinfo+,hn 16(0x6170692e6e616e),sn(),family 0,flags 4
D/libc    (15505): [NET] getaddrinfo-,err=8
D/libc    (15505): [NET] getaddrinfo+,hn 16(0x6170692e6e616e),sn(),family 0,flags 1024
D/libc    (15505): [NET] getaddrinfo-, 1
D/libc    (15505): [NET] getaddrinfo_proxy+
D/libc    (  382): [NET] getaddrinfo+,hn 16(0x6170692e6e616e),sn(),family 0,flags 1024
D/libc    (  382): [NET]_dns_getaddrinfo: iface= v4v6=10 method=1
D/libc    (  382): [NET] res_nLookupCache: rstatp->iface =
D/libc    (  382): [NET] __get_res_cache: ifname =wlan0
D/libc    (  382): [NET][SMD] Cache EXPIRED (STALE ENTRY 0xb722d0d0 DISCARDED) or need renew
D/libc    (  382): [NET] entry_id:128   entry:0xb722d0d0  removed 
D/libc    (  382): [NET] res_nquery: need to res_nsend
D/libc    (  382): [NET] +++++ res_nsend xid =9ad1 +++++
D/libc    (  382): [NET] res_nLookupCache: rstatp->iface =
D/libc    (  382): [NET] __get_res_cache: ifname =wlan0
D/libc    (  382): [NET] NOT IN CACHE
D/libc    (  382): [NET][SMD][v0204] Extended TTL = 43200, original TTL = 251
D/libc    (  382): [NET]res_nsend:resplen=50
D/libc    (  382): [NET]res_queryN: exit 3, ancount=1
D/libc    (  382): [NET]_dns_getaddrinfo-, (NS_SUCCESS)
D/libc    (  382): [NET] getaddrinfo-, SUCCESS
D/libc    (15505): [NET] getaddrinfo_proxy-, success
I/Metrics:BatchTransmitte(14255): QueuePusher.sendBatches - Drained batch queue.; Number of HIGH queue batches sent: 0
W/System.err(13552): android.os.DeadObjectException
W/System.err(13552): 	at android.os.BinderProxy.transact(Native Method)
W/System.err(13552): 	at com.offsetnull.bt.service.IWindowCallback$Stub$Proxy.rawDataIncoming(IWindowCallback.java:184)
W/System.err(13552): 	at com.offsetnull.bt.service.Connection.sendBytesToWindow(Connection.java:1653)
W/System.err(13552): 	at com.offsetnull.bt.service.Connection.dispatch(Connection.java:1605)
W/System.err(13552): 	at com.offsetnull.bt.service.Connection.access$20(Connection.java:1387)
W/System.err(13552): 	at com.offsetnull.bt.service.Connection$ConnectionHandler.handleMessage(Connection.java:738)
W/System.err(13552): 	at android.os.Handler.dispatchMessage(Handler.java:98)
W/System.err(13552): 	at android.os.Looper.loop(Looper.java:157)
W/System.err(13552): 	at android.app.ActivityThread.main(ActivityThread.java:5867)
W/System.err(13552): 	at java.lang.reflect.Method.invokeNative(Native Method)
W/System.err(13552): 	at java.lang.reflect.Method.invoke(Method.java:515)
W/System.err(13552): 	at com.android.internal.os.ZygoteInit$MethodAndArgsCaller.run(ZygoteInit.java:858)
W/System.err(13552): 	at com.android.internal.os.ZygoteInit.main(ZygoteInit.java:674)
W/System.err(13552): 	at dalvik.system.NativeStart.main(Native Method)
W/System.err(13552): android.os.DeadObjectException
W/System.err(13552): 	at android.os.BinderProxy.transact(Native Method)
W/System.err(13552): 	at com.offsetnull.bt.service.IWindowCallback$Stub$Proxy.rawDataIncoming(IWindowCallback.java:184)
W/System.err(13552): 	at com.offsetnull.bt.service.Connection.lineToWindow(Connection.java:1183)
W/System.err(13552): 	at com.offsetnull.bt.service.Connection$ConnectionHandler.handleMessage(Connection.java:662)
W/System.err(13552): 	at android.os.Handler.dispatchMessage(Handler.java:98)
W/System.err(13552): 	at android.os.Looper.loop(Looper.java:157)
W/System.err(13552): 	at android.app.ActivityThread.main(ActivityThread.java:5867)
W/System.err(13552): 	at java.lang.reflect.Method.invokeNative(Native Method)
W/System.err(13552): 	at java.lang.reflect.Method.invoke(Method.java:515)
W/System.err(13552): 	at com.android.internal.os.ZygoteInit$MethodAndArgsCaller.run(ZygoteInit.java:858)
W/System.err(13552): 	at com.android.internal.os.ZygoteInit.main(ZygoteInit.java:674)
W/System.err(13552): 	at dalvik.system.NativeStart.main(Native Method)
W/System.err(13552): android.os.DeadObjectException
W/System.err(13552): 	at android.os.BinderProxy.transact(Native Method)
W/System.err(13552): 	at com.offsetnull.bt.service.IWindowCallback$Stub$Proxy.xcallS(IWindowCallback.java:260)
W/System.err(13552): 	at com.offsetnull.bt.service.Connection.windowXCallS(Connection.java:828)
W/System.err(13552): 	at com.offsetnull.bt.service.Connection$ConnectionHandler.handleMessage(Connection.java:598)
W/System.err(13552): 	at android.os.Handler.dispatchMessage(Handler.java:98)
W/System.err(13552): 	at android.os.Looper.loop(Looper.java:157)
W/System.err(13552): 	at android.app.ActivityThread.main(ActivityThread.java:5867)
W/System.err(13552): 	at java.lang.reflect.Method.invokeNative(Native Method)
W/System.err(13552): 	at java.lang.reflect.Method.invoke(Method.java:515)
W/System.err(13552): 	at com.android.internal.os.ZygoteInit$MethodAndArgsCaller.run(ZygoteInit.java:858)
W/System.err(13552): 	at com.android.internal.os.ZygoteInit.main(ZygoteInit.java:674)
W/System.err(13552): 	at dalvik.system.NativeStart.main(Native Method)
W/System.err(13552): android.os.DeadObjectException
W/System.err(13552): 	at android.os.BinderProxy.transact(Native Method)
W/System.err(13552): 	at com.offsetnull.bt.service.IWindowCallback$Stub$Proxy.rawDataIncoming(IWindowCallback.java:184)
W/System.err(13552): 	at com.offsetnull.bt.service.Connection.lineToWindow(Connection.java:1183)
W/System.err(13552): 	at com.offsetnull.bt.service.Connection$ConnectionHandler.handleMessage(Connection.java:662)
W/System.err(13552): 	at android.os.Handler.dispatchMessage(Handler.java:98)
W/System.err(13552): 	at android.os.Looper.loop(Looper.java:157)
W/System.err(13552): 	at android.app.ActivityThread.main(ActivityThread.java:5867)
W/System.err(13552): 	at java.lang.reflect.Method.invokeNative(Native Method)
W/System.err(13552): 	at java.lang.reflect.Method.invoke(Method.java:515)
W/System.err(13552): 	at com.android.internal.os.ZygoteInit$MethodAndArgsCaller.run(ZygoteInit.java:858)
W/System.err(13552): 	at com.android.internal.os.ZygoteInit.main(ZygoteInit.java:674)
W/System.err(13552): 	at dalvik.system.NativeStart.main(Native Method)
W/System.err(13552): android.os.DeadObjectException
W/System.err(13552): 	at android.os.BinderProxy.transact(Native Method)
W/System.err(13552): 	at com.offsetnull.bt.service.IWindowCallback$Stub$Proxy.rawDataIncoming(IWindowCallback.java:184)
W/System.err(13552): 	at com.offsetnull.bt.service.Connection.lineToWindow(Connection.java:1183)
W/System.err(13552): 	at com.offsetnull.bt.service.Connection$ConnectionHandler.handleMessage(Connection.java:662)
W/System.err(13552): 	at android.os.Handler.dispatchMessage(Handler.java:98)
W/System.err(13552): 	at android.os.Looper.loop(Looper.java:157)
W/System.err(13552): 	at android.app.ActivityThread.main(ActivityThread.java:5867)
W/System.err(13552): 	at java.lang.reflect.Method.invokeNative(Native Method)
W/System.err(13552): 	at java.lang.reflect.Method.invoke(Method.java:515)
W/System.err(13552): 	at com.android.internal.os.ZygoteInit$MethodAndArgsCaller.run(ZygoteInit.java:858)
W/System.err(13552): 	at com.android.internal.os.ZygoteInit.main(ZygoteInit.java:674)
W/System.err(13552): 	at dalvik.system.NativeStart.main(Native Method)
W/System.err(13552): android.os.DeadObjectException
W/System.err(13552): 	at android.os.BinderProxy.transact(Native Method)
W/System.err(13552): 	at com.offsetnull.bt.service.IWindowCallback$Stub$Proxy.rawDataIncoming(IWindowCallback.java:184)
W/System.err(13552): 	at com.offsetnull.bt.service.Connection.sendBytesToWindow(Connection.java:1653)
W/System.err(13552): 	at com.offsetnull.bt.service.Connection.dispatch(Connection.java:1605)
W/System.err(13552): 	at com.offsetnull.bt.service.Connection.access$20(Connection.java:1387)
W/System.err(13552): 	at com.offsetnull.bt.service.Connection$ConnectionHandler.handleMessage(Connection.java:738)
W/System.err(13552): 	at android.os.Handler.dispatchMessage(Handler.java:98)
W/System.err(13552): 	at android.os.Looper.loop(Looper.java:157)
W/System.err(13552): 	at android.app.ActivityThread.main(ActivityThread.java:5867)
W/System.err(13552): 	at java.lang.reflect.Method.invokeNative(Native Method)
W/System.err(13552): 	at java.lang.reflect.Method.invoke(Method.java:515)
W/System.err(13552): 	at com.android.internal.os.ZygoteInit$MethodAndArgsCaller.run(ZygoteInit.java:858)
W/System.err(13552): 	at com.android.internal.os.ZygoteInit.main(ZygoteInit.java:674)
W/System.err(13552): 	at dalvik.system.NativeStart.main(Native Method)
W/System.err(13552): android.os.DeadObjectException
W/System.err(13552): 	at android.os.BinderProxy.transact(Native Method)
W/System.err(13552): 	at com.offsetnull.bt.service.IWindowCallback$Stub$Proxy.xcallS(IWindowCallback.java:260)
W/System.err(13552): 	at com.offsetnull.bt.service.Connection.windowXCallS(Connection.java:828)
W/System.err(13552): 	at com.offsetnull.bt.service.Connection$ConnectionHandler.handleMessage(Connection.java:598)
W/System.err(13552): 	at android.os.Handler.dispatchMessage(Handler.java:98)
W/System.err(13552): 	at android.os.Looper.loop(Looper.java:157)
W/System.err(13552): 	at android.app.ActivityThread.main(ActivityThread.java:5867)
W/System.err(13552): 	at java.lang.reflect.Method.invokeNative(Native Method)
W/System.err(13552): 	at java.lang.reflect.Method.invoke(Method.java:515)
W/System.err(13552): 	at com.android.internal.os.ZygoteInit$MethodAndArgsCaller.run(ZygoteInit.java:858)
W/System.err(13552): 	at com.android.internal.os.ZygoteInit.main(ZygoteInit.java:674)
W/System.err(13552): 	at dalvik.system.NativeStart.main(Native Method)
D/AbstractMetricsFactoryImpl(14255): record : No data points in metrics event
D/PMS     (  947): releaseWL(427f5940): PARTIAL_WAKE_LOCK  wake:com.google.android.gms/.config.ConfigFetchService 0x1
D/AutoSetting( 9662): service - handleMessage() stop self
D/AutoSetting( 9662): service - onDestroy() END
D/Process (  947): killProcessQuiet, pid=13663
D/Process (  947): com.android.server.am.ActivityManagerService.killUnneededProcessLocked:7565 com.android.server.am.ActivityManagerService.updateOomAdjLocked:17027 com.android.server.am.ActivityManagerService.updateOomAdjLocked:16871 
I/ActivityManager(  947): Killing 13663:com.google.android.partnersetup/u0a31 (adj 15): empty #17
D/AutoSetting( 9662): service - handleMessage() quit looper
I/ActivityManager(  947): Recipient 13663
D/PMS     (  947): acquireWL(42cf9fb0): PARTIAL_WAKE_LOCK  GCM_CONN 0x1 13664 10028
I/GCM     (13664): GCM message com.supercell.clashofclans 0:1416818622814059%0#e7346957f9fd7ecd
D/ConnectivityService(  947): getPackageNamebyPID : 4 package(s) in process com.google.process.gapps, return package name=com.google.android.syncadapters.contacts
D/ConnectivityService(  947): reportInetCondition for net 1, percentage: 100 by com.google.android.syncadapters.contacts (13664/10028)
D/ConnectivityService(  947): handleInetConditionChange: net=1, condition=100,mActiveDefaultNetwork=1
D/ConnectivityService(  947): handleInetConditionChange: starting a change hold
D/PMS     (  947): acquireWL(4352b6c8): PARTIAL_WAKE_LOCK  AlarmManager 0x1 947 1000
V/AlarmManager(  947): sending alarm PendingIntent{42ee8590: PendingIntentRecord{4329e620 com.google.android.gms broadcastIntent}}, i=com.google.android.intent.action.SEND_IDLE, t=2, cnt=1, w=5762665766, Int=0
V/AlarmManager(  947): sending alarm PendingIntent{42a804b8: PendingIntentRecord{43103790 com.google.android.gsf broadcastIntent}}, i=com.google.android.intent.action.SEND_IDLE, t=2, cnt=1, w=5762665772, Int=0
D/PMS     (  947): acquireWL(43502c58): PARTIAL_WAKE_LOCK  *net_scheduler* 0x1 13664 10028
D/PMS     (  947): releaseWL(43502c58): PARTIAL_WAKE_LOCK  *net_scheduler* 0x1
D/PMS     (  947): acquireWL(42941648): PARTIAL_WAKE_LOCK  GTALK_IDLE_ALARM 0x1 13664 10028
D/PMS     (  947): releaseWL(42941648): PARTIAL_WAKE_LOCK  GTALK_IDLE_ALARM 0x1
D/PMS     (  947): acquireWL(42b64b70): PARTIAL_WAKE_LOCK  GTALK_IDLE_ALARM 0x1 13664 10028
D/PMS     (  947): releaseWL(42b64b70): PARTIAL_WAKE_LOCK  GTALK_IDLE_ALARM 0x1
D/PMS     (  947): releaseWL(4352b6c8): PARTIAL_WAKE_LOCK  AlarmManager 0x1
D/PMS     (  947): acquireWL(42cdbb08): PARTIAL_WAKE_LOCK  *net_scheduler* 0x1 13664 10028
D/PMS     (  947): releaseWL(42cdbb08): PARTIAL_WAKE_LOCK  *net_scheduler* 0x1
D/PMS     (  947): acquireWL(42394638): PARTIAL_WAKE_LOCK  GOOGLE_C2DM 0x1 13664 10028
D/PMS     (  947): releaseWL(42cf9fb0): PARTIAL_WAKE_LOCK  GCM_CONN 0x1
D/PMS     (  947): acquireWL(4320ccc0): PARTIAL_WAKE_LOCK  *net_scheduler* 0x1 13664 10028
D/PMS     (  947): releaseWL(4320ccc0): PARTIAL_WAKE_LOCK  *net_scheduler* 0x1
I/ActivityManager(  947): Start proc com.supercell.clashofclans for broadcast com.supercell.clashofclans/com.google.android.gcm.GCMBroadcastReceiver: pid=14181 uid=10230 gids={50230, 3003, 5012}
D/PMS     (  947): acquireWL(42c88698): PARTIAL_WAKE_LOCK  GCM_LIB 0x1 14181 10230
D/PMS     (  947): releaseWL(42394638): PARTIAL_WAKE_LOCK  GOOGLE_C2DM 0x1
D/Process (  947): killProcessQuiet, pid=13539
D/DotMatrix(15887): [NotificationService] onNotificationPosted, pkgName: com.supercell.clashofclans, id: -1, tag:null
D/DotMatrix(15887): [EventService] get3rdNotificationByPkgName, com.supercell.clashofclans does not support DotMatrix
D/Process (  947): com.android.server.am.ActivityManagerService.killUnneededProcessLocked:7565 com.android.server.am.ActivityManagerService.updateOomAdjLocked:17027 com.android.server.am.ActivityManagerService.updateOomAdjLocked:16871 
D/PMS     (  947): releaseWL(42c88698): PARTIAL_WAKE_LOCK  GCM_LIB 0x1
D/NotificationService(  947): notification sound not played, stream=5 volume=0 always=false
I/ActivityManager(  947): Killing 13539:com.google.android.apps.docs/u0a117 (adj 15): empty #17
I/RemoteViews( 1196): com.supercell.clashofclans (false,0)
D/OnDemandProgressBar( 1196): release indeterminate drawable android.widget.OnDemandProgressBar{41fbb078 G.ED.... ......I. 0,0-0,0 #102000d android:id/progress}
I/ActivityManager(  947): Recipient 13539
I/RemoteViews.Performance( 1196): com.supercell.clashofclans 0 6 3 11
I/RemoteViews( 1196): com.supercell.clashofclans (false,0)
D/OnDemandProgressBar( 1196): release indeterminate drawable android.widget.OnDemandProgressBar{420078d0 G.ED.... ......I. 0,0-0,0 #102000d android:id/progress}
I/RemoteViews.Performance( 1196): com.supercell.clashofclans 0 7 2 16
D/ConnectivityService(  947): handleInetConditionHoldEnd: net=1, condition=100, published condition=100
