V/AlarmManager(  947): sending alarm PendingIntent{43123b88: PendingIntentRecord{42d15778 com.amazon.mShop.android broadcastIntent}}, i=com.amazon.venezia.notification.FLUSH_NOTIFICATION_CACHE, t=3, cnt=1, w=5762864316, Int=0
I/PackageManager(  947):   Action: "android.intent.action.SENDTO"
I/PackageManager(  947):   Category: "android.intent.category.DEFAULT"
I/PackageManager(  947):   Scheme: "mmsto"
V/AlarmManager(  947): sending alarm PendingIntent{433c7148: PendingIntentRecord{432aa7e8 com.google.android.gms broadcastIntent}}, i=null, t=0, cnt=1, w=1416818765062, Int=11555000
I/PackageManager(  947): Adding preferred activity ComponentInfo{com.htc.sense.mms/com.htc.sense.mms.ui.PreHandleIntentActivity} for user 0, uid:1001, pid:1394 :
I/PackageManager(  947):   Action: "android.intent.action.SENDTO"
I/PackageManager(  947):   Category: "android.intent.category.DEFAULT"
I/PackageManager(  947):   Scheme: "sms"
V/AlarmManager(  947): sending alarm PendingIntent{43081558: PendingIntentRecord{42f1eda0 com.google.android.inputmethod.latin broadcastIntent}}, i=com.android.inputmethod.latin.personalization.DICT_DECAY, t=1, cnt=1, w=1416818822552, Int=3600000
I/PackageManager(  947): Adding preferred activity ComponentInfo{com.htc.sense.mms/com.htc.sense.mms.ui.PreHandleIntentActivity} for user 0, uid:1001, pid:1394 :
I/PackageManager(  947):   Action: "android.intent.action.SENDTO"
I/PackageManager(  947):   Category: "android.intent.category.DEFAULT"
I/PackageManager(  947):   Scheme: "smsto"
I/PackageManager(  947): Adding preferred activity ComponentInfo{com.htc.sense.mms/com.htc.sense.mms.ui.PreHandleIntentActivity} for user 0, uid:1001, pid:1394 :
E/ExternalAccountType( 1541): Unsupported attribute readOnly
I/PackageManager(  947):   Action: "android.intent.action.SENDTO"
I/PackageManager(  947):   Category: "android.intent.category.DEFAULT"
I/PackageManager(  947):   Scheme: "mms"
I/PackageManager(  947): Adding preferred activity ComponentInfo{com.htc.sense.mms/com.htc.sense.mms.ui.PreHandleIntentActivity} for user 0, uid:1001, pid:1394 :
W/asset   (  947): Copying FileAsset 0x81ca89f8 (zip:/data/app/com.happygoatstudios.bttest-1.apk:/resources.arsc) to buffer size 47012 to make it aligned.
I/PackageManager(  947):   Action: "android.intent.action.SENDTO"
I/PackageManager(  947):   Category: "android.intent.category.DEFAULT"
I/PackageManager(  947):   Scheme: "mmsto"
D/HtcAppWifiOffload(  947): PACKAGE_CHANGED
I/PackageManager(  947): Adding preferred activity ComponentInfo{com.htc.sense.mms/com.htc.sense.mms.ui.PreHandleIntentActivity} for user 0, uid:1001, pid:1394 :
D/PhoneApp( 1394): -- PackageChangeBroadcastReceiver  action = android.intent.action.PACKAGE_REMOVED
D/HtcAppWifiOffload(  947): Update HomePackageName:com.htc.launcher
D/HtcAppWifiOffload(  947): Update HomePackageName:com.teslacoilsw.launcher
I/HtcKeyguardAppUpdateMonitor( 1196): ApplicationsIntentReceiver action:android.intent.action.PACKAGE_ADDED
I/HtcKeyguardAppUpdateMonitor( 1196): ApplicationsIntentReceiver packageName:com.happygoatstudios.bttest
I/HtcKeyguardAppUpdateMonitor( 1196): ApplicationsIntentReceiver replacing:true
W/asset   (20994): Copying FileAsset 0x7f0a1520 (zip:/data/app/com.happygoatstudios.bttest-1.apk:/resources.arsc) to buffer size 47012 to make it aligned.
W/asset   (11429): Copying FileAsset 0x7974ce68 (zip:/data/app/com.happygoatstudios.bttest-1.apk:/resources.arsc) to buffer size 47012 to make it aligned.
I/PackageManager(  947):   Action: "android.intent.action.SENDTO"
I/PackageManager(  947):   Category: "android.intent.category.DEFAULT"
I/PackageManager(  947):   Scheme: "sms"
I/PackageManager(  947): Adding preferred activity ComponentInfo{com.htc.sense.mms/com.htc.sense.mms.ui.PreHandleIntentActivity} for user 0, uid:1001, pid:1394 :
I/Prism.ItemManager(11429): loadItemsIfNotLoaded() isDelayLoad: true, isLoaded: false, isToLoad: false
I/Prism.ItemManager(11429): loadItemsIfNotLoaded() isDelayLoad: true, isLoaded: false, isToLoad: false
W/InputMethodInfo(  947): Duplicated subtype definition found: , voice
I/PackageManager(  947):   Action: "android.intent.action.SENDTO"
I/PackageManager(  947):   Category: "android.intent.category.DEFAULT"
I/PackageManager(  947):   Scheme: "smsto"
E/acms    (13687): Could not register newly installed application com.happygoatstudios.bttest
I/PackageManager(  947): Adding preferred activity ComponentInfo{com.htc.sense.mms/com.htc.sense.mms.ui.PreHandleIntentActivity} for user 0, uid:1001, pid:1394 :
I/PackageManager(  947):   Action: "android.intent.action.SENDTO"
I/PackageManager(  947):   Category: "android.intent.category.DEFAULT"
I/PackageManager(  947):   Scheme: "mms"
I/PackageManager(  947): Adding preferred activity ComponentInfo{com.htc.sense.mms/com.htc.sense.mms.ui.PreHandleIntentActivity} for user 0, uid:1001, pid:1394 :
I/ActivityManager(  947): Start proc com.android.keychain for broadcast com.android.keychain/.KeyChainBroadcastReceiver: pid=14610 uid=1000 gids={41000, 5006, 5001, 3006, 1028, 1015, 3002, 3001, 3003, 5012, 9985, 1023, 5011, 1007}
I/PackageManager(  947):   Action: "android.intent.action.SENDTO"
I/PackageManager(  947):   Category: "android.intent.category.DEFAULT"
I/PackageManager(  947):   Scheme: "mmsto"
I/PackageManager(  947): Adding preferred activity ComponentInfo{com.htc.sense.mms/com.htc.sense.mms.ui.PreHandleIntentActivity} for user 0, uid:1001, pid:1394 :
I/PackageManager(  947):   Action: "android.intent.action.SENDTO"
I/PackageManager(  947):   Category: "android.intent.category.DEFAULT"
I/PackageManager(  947):   Scheme: "sms"
I/PackageManager(  947): Adding preferred activity ComponentInfo{com.htc.sense.mms/com.htc.sense.mms.ui.PreHandleIntentActivity} for user 0, uid:1001, pid:1394 :
D/AccTypeManager( 1541): Registering external account type=com.twitter.android.auth.login, packageName=com.twitter.android
W/PackageManager(  947): Unable to load service info ResolveInfo{43206108 com.htc.sense.socialnetwork.instagram/.remote.InstagramSyncContactService m=0x108000}
W/PackageManager(  947): org.xmlpull.v1.XmlPullParserException: No android.content.SyncAdapter meta-data
W/PackageManager(  947): 	at android.content.pm.RegisteredServicesCache.parseServiceInfo(RegisteredServicesCache.java:449)
W/PackageManager(  947): 	at android.content.pm.RegisteredServicesCache.generateServicesMap(RegisteredServicesCache.java:305)
W/PackageManager(  947): 	at android.content.pm.RegisteredServicesCache.access$100(RegisteredServicesCache.java:70)
W/PackageManager(  947): 	at android.content.pm.RegisteredServicesCache$1.onReceive(RegisteredServicesCache.java:148)
W/PackageManager(  947): 	at android.app.LoadedApk$ReceiverDispatcher$Args.run(LoadedApk.java:857)
W/PackageManager(  947): 	at android.os.Handler.handleCallback(Handler.java:733)
W/PackageManager(  947): 	at android.os.Handler.dispatchMessage(Handler.java:95)
W/PackageManager(  947): 	at android.os.Looper.loop(Looper.java:157)
W/PackageManager(  947): 	at com.android.server.ServerThread.initAndLoop(SystemServer.java:1467)
W/PackageManager(  947): 	at com.android.server.SystemServer.main(SystemServer.java:1597)
W/PackageManager(  947): 	at java.lang.reflect.Method.invokeNative(Native Method)
W/PackageManager(  947): 	at java.lang.reflect.Method.invoke(Method.java:515)
W/PackageManager(  947): 	at com.android.internal.os.ZygoteInit$MethodAndArgsCaller.run(ZygoteInit.java:858)
W/PackageManager(  947): 	at com.android.internal.os.ZygoteInit.main(ZygoteInit.java:674)
W/PackageManager(  947): 	at dalvik.system.NativeStart.main(Native Method)
I/PackageManager(  947):   Action: "android.intent.action.SENDTO"
I/PackageManager(  947):   Category: "android.intent.category.DEFAULT"
I/PackageManager(  947):   Scheme: "smsto"
I/PackageManager(  947): Adding preferred activity ComponentInfo{com.htc.sense.mms/com.htc.sense.mms.ui.PreHandleIntentActivity} for user 0, uid:1001, pid:1394 :
W/ContextImpl(14610): Calling a method in the system process without a qualified user: android.app.ContextImpl.startService:1735 android.content.ContextWrapper.startService:501 android.content.ContextWrapper.startService:501 com.android.keychain.KeyChainBroadcastReceiver.onReceive:12 android.app.ActivityThread.handleReceiver:2833 
D/AccTypeManager( 1541): Registering external account type=com.htc.linkedin, packageName=com.htc.sense.linkedin
I/PackageManager(  947):   Action: "android.intent.action.SENDTO"
I/PackageManager(  947):   Category: "android.intent.category.DEFAULT"
I/PackageManager(  947):   Scheme: "mms"
I/ActivityManager(  947): Delay finish: com.android.keychain/.KeyChainBroadcastReceiver
I/PackageManager(  947): Adding preferred activity ComponentInfo{com.htc.sense.mms/com.htc.sense.mms.ui.PreHandleIntentActivity} for user 0, uid:1001, pid:1394 :
I/ActivityManager(  947): Resuming delayed broadcast
I/PackageManager(  947):   Action: "android.intent.action.SENDTO"
I/PackageManager(  947):   Category: "android.intent.category.DEFAULT"
I/PackageManager(  947):   Scheme: "mmsto"
D/Process (  947): killProcessQuiet, pid=13823
D/Process (  947): com.android.server.am.ActivityManagerService.killUnneededProcessLocked:7565 com.android.server.am.ActivityManagerService.updateOomAdjLocked:17027 com.android.server.am.ActivityManagerService.updateOomAdjLocked:16871 
I/PackageManager(  947): Adding preferred activity ComponentInfo{com.htc.sense.mms/com.htc.sense.mms.ui.PreHandleIntentActivity} for user 0, uid:1001, pid:1394 :
I/ActivityManager(  947): Killing 13823:com.htc.providers.settings:remote/u0a14 (adj 15): empty #17
I/ActivityManager(  947): Recipient 13823
I/PackageManager(  947):   Action: "android.intent.action.SENDTO"
I/PackageManager(  947):   Category: "android.intent.category.DEFAULT"
I/PackageManager(  947):   Scheme: "sms"
I/PackageManager(  947): Adding preferred activity ComponentInfo{com.htc.sense.mms/com.htc.sense.mms.ui.PreHandleIntentActivity} for user 0, uid:1001, pid:1394 :
E/ExternalAccountType( 1541): Unsupported attribute readOnly
I/PackageManager(  947):   Action: "android.intent.action.SENDTO"
I/PackageManager(  947):   Category: "android.intent.category.DEFAULT"
I/PackageManager(  947):   Scheme: "smsto"
I/PackageManager(  947): Adding preferred activity ComponentInfo{com.htc.sense.mms/com.htc.sense.mms.ui.PreHandleIntentActivity} for user 0, uid:1001, pid:1394 :
I/ConfigFetchService( 9898): PackageReceiver: Intent { act=android.intent.action.PACKAGE_REMOVED dat=package: flg=0x4000010 cmp=com.google.android.gms/.config.ConfigFetchService$PackageReceiver (has extras) }
I/PackageManager(  947):   Action: "android.intent.action.SENDTO"
I/PackageManager(  947):   Category: "android.intent.category.DEFAULT"
I/PackageManager(  947):   Scheme: "mms"
I/PackageManager(  947): Adding preferred activity ComponentInfo{com.htc.sense.mms/com.htc.sense.mms.ui.PreHandleIntentActivity} for user 0, uid:1001, pid:1394 :
I/PackageManager(  947):   Action: "android.intent.action.SENDTO"
I/PackageManager(  947):   Category: "android.intent.category.DEFAULT"
I/PackageManager(  947):   Scheme: "mmsto"
D/PMS     (  947): acquireWL(43225bc8): PARTIAL_WAKE_LOCK  wake:com.google.android.gms/.config.ConfigFetchService 0x1 9898 10028
I/PackageManager(  947): Adding preferred activity ComponentInfo{com.htc.sense.mms/com.htc.sense.mms.ui.PreHandleIntentActivity} for user 0, uid:1001, pid:1394 :
I/ActivityManager(  947): Delay finish: com.google.android.gms/.config.ConfigFetchService$PackageReceiver
I/ConfigService(13664): onCreate
I/ConfigService(13664): onBind for Intent { act=com.google.android.gms.config.UPDATE pkg=com.google.android.gms } action com.google.android.gms.config.UPDATE
I/PackageManager(  947):   Action: "android.intent.action.SENDTO"
I/PackageManager(  947):   Category: "android.intent.category.DEFAULT"
I/PackageManager(  947):   Scheme: "sms"
I/ConfigFetchService( 9898): onStartCommand Intent { act=android.intent.action.PACKAGE_REMOVED dat=package: cmp=com.google.android.gms/.config.ConfigFetchService (has extras) }
I/PackageManager(  947): Adding preferred activity ComponentInfo{com.htc.sense.mms/com.htc.sense.mms.ui.PreHandleIntentActivity} for user 0, uid:1001, pid:1394 :
I/ActivityManager(  947): Resuming delayed broadcast
I/ConfigService(13664): onBind returning update interface
I/PackageManager(  947):   Action: "android.intent.action.SENDTO"
I/PackageManager(  947):   Category: "android.intent.category.DEFAULT"
I/PackageManager(  947):   Scheme: "smsto"
E/cutils-trace(14630): Error opening trace file: No such file or directory (2)
I/PackageManager(  947): Adding preferred activity ComponentInfo{com.htc.sense.mms/com.htc.sense.mms.ui.PreHandleIntentActivity} for user 0, uid:1001, pid:1394 :
I/ConfigService(13664): onBind for Intent { act=com.google.android.gms.config.START pkg=com.google.android.gms } action com.google.android.gms.config.START
I/ConfigService(13664): onBind returning config service
I/ConfigService(13664): onDestroy
I/PackageManager(  947):   Action: "android.intent.action.SENDTO"
I/PackageManager(  947):   Category: "android.intent.category.DEFAULT"
I/PackageManager(  947):   Scheme: "mms"
I/PackageManager(  947): Adding preferred activity ComponentInfo{com.htc.sense.mms/com.htc.sense.mms.ui.PreHandleIntentActivity} for user 0, uid:1001, pid:1394 :
I/PackageManager(  947):   Action: "android.intent.action.SENDTO"
I/PackageManager(  947):   Category: "android.intent.category.DEFAULT"
I/PackageManager(  947):   Scheme: "mmsto"
D/PackageBroadcastService( 9898): Received broadcast action=android.intent.action.PACKAGE_REMOVED and uri=com.happygoatstudios.bttest
I/PackageManager(  947): Adding preferred activity ComponentInfo{com.htc.sense.mms/com.htc.sense.mms.ui.PreHandleIntentActivity} for user 0, uid:1001, pid:1394 :
D/CustomizationManager(14630): ====startRecUseTime====
D/htc.customization.log.level(14630):  is 
W/CustomizationLogLevel(14630): Level value is invalid, use default level 2
D/PhoneApp( 1394): -- PackageChangeBroadcastReceiver  action = android.intent.action.PACKAGE_ADDED
D/PhoneApp( 1394): -- PackageChangeBroadcastReceiver  action = android.intent.action.PACKAGE_REPLACED
I/ActivityManager(  947): Delay finish: com.google.android.gms/.drive.api.DriveSystemBroadcastReceiver
D/PMS     (  947): acquireWL(426d71a0): PARTIAL_WAKE_LOCK  Icing 0x1 9898 10028
D/PMS     (  947): releaseWL(426d71a0): PARTIAL_WAKE_LOCK  Icing 0x1
I/ActivityManager(  947): Resuming delayed broadcast
I/[PluginManager]RegisterService( 9662): onHandleIntent, action: android.intent.action.PACKAGE_REMOVED, data: package:com.happygoatstudios.bttest
I/ActivityManager(  947): Delay finish: com.htc.sense.hsp/.opensense.pluginmanager.RegisterReceiver
I/[PluginManager]RegisterService( 9662): handle notify Blinkfeed plugin client changed
I/ActivityManager(  947): Resuming delayed broadcast
D/CustomizationManager(14630):  Read ACC file spent 0.070 (s)
I/ActivityManager(  947): Start proc com.google.android.apps.docs for broadcast com.google.android.apps.docs/.receivers.AppPackageAddRemoveReceiver: pid=14644 uid=10117 gids={50117, 3003, 5012, 1028, 1015}
V/CustomizationCIDLoader(14630): full path : /system/customize/CID/default.xml
I/CustomizationCIDLoader(14630): Parsing tag category name = system
I/CustomizationCIDLoader(14630): Parsing tag category name = application
I/CustomizationCIDLoader(14630): Parsing tag category name = SettingsProvider
I/CustomizationCIDLoader(14630): Parsing tag category name = Settings
I/CustomizationCIDLoader(14630): Parsing tag category name = HTCCamera
I/CustomizationCIDLoader(14630): Parsing tag category name = AudioService
I/CustomizationCIDLoader(14630): Parsing tag category name = ACC
I/CustomizationCIDLoader(14630): add string-array item, value = us:free=+87902
D/CustomizationManager(14630):  Read CID file spent 0.110 (s)
D/CustomizationManager(14630):  All configurations done spent 0.110 (s)
W/HtcNativeFlag(14630): Fail to get flag string for type 'customer', use default value
W/HtcNativeFlag(14630): Fail to get flag for type 'customer', use default value: -1
W/HtcNativeFlag(14630): Fail to get flag string for type 'language', use default value
W/HtcNativeFlag(14630): Fail to get flag for type 'language', use default value: -1
W/CpuWake (  947): >>nativeAcquireCpuPerfWakeLock()
W/CpuWake (  947): <<nativeAcquireCpuPerfWakeLock()
W/CpuWake (  947): >>acquire mCpuPerf_cpu_count wakelock
W/CpuWake (  947): <<acquire mCpuPerf_cpu_count wakelock
W/CpuWake (  947): >>acquire mCpuPerf_Freq wakelock
W/CpuWake (  947): <<acquire mCpuPerf_Freq wakelock
D/PMS     (  947): acquireHCC(428e0308): CPU_MIN_NUM ActivityManager-MultiCore-Num 0x400 947 1000
I/ActivityManager(  947): START u0 {act=android.intent.action.MAIN cat=[android.intent.category.LAUNCHER] flg=0x10000000 cmp=com.happygoatstudios.bttest/com.offsetnull.bttest.TestLauncher} from pid 14630
D/PMS     (  947): acquireHCC(428a83f0): CPU_MIN_FREQ ActivityManager-MultiCore-Freq 0x100 947 1000
E/MP-Decision( 1665): Update arg 4
W/asset   (  947): Copying FileAsset 0x7beb16e0 (zip:/data/app/com.happygoatstudios.bttest-1.apk:/resources.arsc) to buffer size 47012 to make it aligned.
I/Intent  (  947): @test_code: getHtcIntentFlag: 0 obj: 1114910024
E/MP-Decision( 1665): Update arg "0 190 240 240".
E/MP-Decision( 1665): Update arg "0 75 400 400".
I/ActivityManager(  947): Start proc com.offsetnull.bttest for activity com.happygoatstudios.bttest/com.offsetnull.bttest.TestLauncher: pid=14658 uid=10218 gids={50218, 3003, 5012, 1028, 1015}
E/jdwp    (14658): Failed sending reply to debugger: Broken pipe
W/asset   (14658): Copying FileAsset 0x728c9220 (zip:/data/app/com.happygoatstudios.bttest-1.apk:/resources.arsc) to buffer size 47012 to make it aligned.
I/Intent  (  947): @test_code: getHtcIntentFlag: 0 obj: 1113051112
E/MP-Decision( 1665): Update arg 2
E/MP-Decision( 1665): Update arg 4
W/CpuWake (  947): >>nativeAcquireCpuPerfWakeLock()
W/CpuWake (  947): <<nativeAcquireCpuPerfWakeLock()
I/ActivityManager(  947): START u0 {cmp=com.happygoatstudios.bttest/com.offsetnull.bt.launcher.Launcher (has extras)} from pid 14658
D/DocsApplication(14644): Installing DEX configuration.
D/RemoteDisplayProvider(  947): Received package manager broadcast: Intent { act=android.intent.action.PACKAGE_REMOVED dat=package: flg=0x4000010 (has extras) }
D/RemoteDisplayProvider(  947): start
W/PackageManager(  947): Unable to load service info ResolveInfo{42cf9ea8 com.htc.sense.socialnetwork.instagram/.remote.InstagramSyncContactService m=0x108000}
W/PackageManager(  947): org.xmlpull.v1.XmlPullParserException: No android.content.SyncAdapter meta-data
W/PackageManager(  947): 	at android.content.pm.RegisteredServicesCache.parseServiceInfo(RegisteredServicesCache.java:449)
W/PackageManager(  947): 	at android.content.pm.RegisteredServicesCache.generateServicesMap(RegisteredServicesCache.java:305)
W/PackageManager(  947): 	at android.content.pm.RegisteredServicesCache.access$100(RegisteredServicesCache.java:70)
W/PackageManager(  947): 	at android.content.pm.RegisteredServicesCache$1.onReceive(RegisteredServicesCache.java:148)
W/PackageManager(  947): 	at android.app.LoadedApk$ReceiverDispatcher$Args.run(LoadedApk.java:857)
W/PackageManager(  947): 	at android.os.Handler.handleCallback(Handler.java:733)
W/PackageManager(  947): 	at android.os.Handler.dispatchMessage(Handler.java:95)
W/PackageManager(  947): 	at android.os.Looper.loop(Looper.java:157)
W/PackageManager(  947): 	at com.android.server.ServerThread.initAndLoop(SystemServer.java:1467)
W/PackageManager(  947): 	at com.android.server.SystemServer.main(SystemServer.java:1597)
W/PackageManager(  947): 	at java.lang.reflect.Method.invokeNative(Native Method)
W/PackageManager(  947): 	at java.lang.reflect.Method.invoke(Method.java:515)
W/PackageManager(  947): 	at com.android.internal.os.ZygoteInit$MethodAndArgsCaller.run(ZygoteInit.java:858)
W/PackageManager(  947): 	at com.android.internal.os.ZygoteInit.main(ZygoteInit.java:674)
W/PackageManager(  947): 	at dalvik.system.NativeStart.main(Native Method)
D/DexInstaller(14644): Dex configuration file eager_dex_configuration.xml not found. Skipping dex installation.
D/RemoteDisplayProvider(  947): Received package manager broadcast: Intent { act=android.intent.action.PACKAGE_ADDED dat=package: flg=0x4000010 (has extras) }
D/RemoteDisplayProvider(  947): start
D/RemoteDisplayProvider(  947): Received package manager broadcast: Intent { act=android.intent.action.PACKAGE_REPLACED dat=package: flg=0x4000010 (has extras) }
D/RemoteDisplayProvider(  947): start
D/DocListInjectorProvider(14644): Plugin installer initialized.
I/PackageInfoHelper(14644): Provided clientMode=RELEASE, packageInfo=PackageInfo{41b57fd0 com.google.android.apps.docs}
D/CrossAppStateProvider(14644): Initialized StateProvider with authority: com.google.android.apps.docs.statesyncer
D/TAG     (14644): onCreate()
E/LAUNCHER(14658): STARTING SREVICE
W/ContextImpl(14658): Implicit intents with startService are not safe: Intent { act=com.offsetnull.bt.service.IStellarService.MODE_TEST } android.content.ContextWrapper.startService:501 com.offsetnull.bt.launcher.Launcher.onCreate:505 android.app.Activity.performCreate:5312 
W/ContextImpl(14658): Implicit intents with startService are not safe: Intent { act=com.offsetnull.bt.service.IStellarService.MODE_TEST } android.content.ContextWrapper.bindService:524 com.offsetnull.bt.launcher.Launcher.onCreate:509 android.app.Activity.performCreate:5312 
W/ContextImpl(14658): Implicit intents with startService are not safe: Intent { act=com.offsetnull.bt.service.IStellarService.MODE_TEST } android.content.ContextWrapper.bindService:524 com.offsetnull.bt.launcher.Launcher.onStart:556 android.app.Instrumentation.callActivityOnStart:1239 
W/ContextImpl(14658): Implicit intents with startService are not safe: Intent { act=com.offsetnull.bt.service.IStellarService.MODE_TEST } android.content.ContextWrapper.bindService:524 com.offsetnull.bt.launcher.Launcher.onResume:566 android.app.Instrumentation.callActivityOnResume:1282 
I/ActivityManager(  947): Start proc com.happygoatstudios.bttest:stellar_test for service com.happygoatstudios.bttest/com.offsetnull.bt.service.StellarService: pid=14672 uid=10218 gids={50218, 3003, 5012, 1028, 1015}
W/ContextImpl(14658): Implicit intents with startService are not safe: Intent { act=com.offsetnull.bt.service.IStellarService.MODE_TEST } android.content.ContextWrapper.bindService:524 com.offsetnull.bt.launcher.Launcher.onStart:556 android.app.Instrumentation.callActivityOnStart:1239 
W/ContextImpl(14658): Implicit intents with startService are not safe: Intent { act=com.offsetnull.bt.service.IStellarService.MODE_TEST } android.content.ContextWrapper.bindService:524 com.offsetnull.bt.launcher.Launcher.onResume:566 android.app.Instrumentation.callActivityOnResume:1282 
W/asset   (14672): Copying FileAsset 0x728ca6d8 (zip:/data/app/com.happygoatstudios.bttest-1.apk:/resources.arsc) to buffer size 47012 to make it aligned.
I/Prism.ItemManager(11429): loadItemsIfNotLoaded() isDelayLoad: false, isLoaded: false, isToLoad: true
I/Prism.ItemManager(11429): loadItems() com.htc.launcher.pageview.WidgetManager@41bde698 +
I/Prism.WidgetManager(11429): onLoadItems() +
I/Adreno-EGL(14658): <qeglDrvAPI_eglInitialize:410>: EGL 1.4 QUALCOMM build: AU_LINUX_ANDROID_LNX.LA.3.5.1_RB1.04.04.02.048.041_msm8974_LNX.LA.3.5.1_RB1_CL3304448_release_AU (CL3304448)
I/Adreno-EGL(14658): OpenGL ES Shader Compiler Version: E031.24.00.14
I/Adreno-EGL(14658): Build Date: 04/18/14 Fri
I/Adreno-EGL(14658): Local Branch: 
I/Adreno-EGL(14658): Remote Branch: quic/LNX.LA.3.5.1_RB1.1
I/Adreno-EGL(14658): Local Patches: NONE
I/Adreno-EGL(14658): Reconstruct Branch: AU_LINUX_ANDROID_LNX.LA.3.5.1_RB1.04.04.02.048.041 +  NOTHING
D/libc    (14658): [NET] getaddrinfo+,hn 23(0x62742e68617070),sn(),family 0,flags 4
D/libc    (14658): [NET] getaddrinfo-,err=8
D/libc    (14658): [NET] getaddrinfo+,hn 23(0x62742e68617070),sn(),family 0,flags 1024
D/libc    (14658): [NET] getaddrinfo-, 1
D/libc    (14658): [NET] getaddrinfo_proxy+
D/libc    (  382): [NET] getaddrinfo+,hn 23(0x62742e68617070),sn(),family 0,flags 1024
D/libc    (  382): [NET]_dns_getaddrinfo: iface= v4v6=10 method=1
D/libc    (  382): [NET] res_nLookupCache: rstatp->iface =
D/libc    (  382): [NET] __get_res_cache: ifname =wlan0
D/libc    (  382): [NET]res_queryN: exit 3, ancount=1
D/libc    (  382): [NET]_dns_getaddrinfo-, (NS_SUCCESS)
D/libc    (  382): [NET] getaddrinfo-, SUCCESS
D/libc    (14658): [NET] getaddrinfo_proxy-, success
E/Prism.WidgetManager(11429): The same lists. No need to update. skip it.
I/Prism.WidgetManager(11429): onLoadItems() -
I/Prism.ItemManager(11429): loadItems() com.htc.launcher.pageview.WidgetManager@41bde698 -
D/HtcAppWifiOffload(  947): Brocast resume intent for internet app<com.happygoatstudios.bttest>
W/GAV2    (14644): Thread[main,5,main]: Need to call initialize() and be in fallback mode to start dispatch.
I/ActivityManager(  947): Delay finish: com.google.android.apps.docs/.receivers.AppPackageAddRemoveReceiver
E/BLOWTORCH(14672): SHOULD SET THE UNCAUGHT EXCEPTION HANDLER HERE.
D/PMS     (  947): acquireWL(42c65478): PARTIAL_WAKE_LOCK  BatteryServiceUpdateStats_3 0x1 0 0
D/UsbnetService(  947): BroadcastReceiver::onReceive+
D/UsbnetService(  947): onReceive BATTERY_CHANGED
D/UsbnetService(  947):  --> pluggedType = 2, mPluggedType = 0, mScreenOff = false
D/UsbnetService(  947): BroadcastReceiver::onReceive-
D/HtcCdmaPhoneApp( 1394): level 56 scale 100
I/IntentController( 1196): receive(android.intent.action.BATTERY_CHANGED,1,false)
I/BatteryService(  947): n_update end
D/PMS     (  947): releaseWL(42c65478): PARTIAL_WAKE_LOCK  BatteryServiceUpdateStats_3 0x1
D/HtcPowerSaver(  947): updateBatteryInfo
D/PowerUI ( 1196): closing low battery warning: level=56
D/PMS     (  947): runPSCheck
D/HtcPowerSaver(  947): Checking...
I/HtcPowerSaver(  947): >> updateStatus
D/PowerUI ( 1196): plugged = true, health = 2, mBatteryLevel = 56, mPluggedBatteryLevel = 52, mLowBatteryWarningLevel2 = 25, mshowLowChargingWarning2 = true
D/DotMatrix(15887): [EventService] reorderCurrEventType, mCurrentEventType = 30, version:1.3
D/DotMatrix(15887): [EventService] checkEventUpdateCondition, bCheckCondition:true, mCoverOn:false
E/MP-Decision( 1665): Update arg 1
W/CpuWake (  947): >>nativeReleaseCpuPerfWakeLock()
W/CpuWake (  947): <<nativeReleaseCpuPerfWakeLock()
W/CpuWake (  947): >>release mCpuPerf_cpu_count wakelock
W/CpuWake (  947): <<release mCpuPerf_cpu_count wakelock
I/HtcPowerSaver(  947): updateStatus (8000,56,-1,false,false,false,-1)
W/CpuWake (  947): >>release mCpuPerf_Freq wakelock
W/CpuWake (  947): <<release mCpuPerf_Freq wakelock
D/PMS     (  947): releaseHCC(428e0308): CPU_MIN_NUM ActivityManager-MultiCore-Num 0x400
D/PMS     (  947): releaseHCC(428a83f0): CPU_MIN_FREQ ActivityManager-MultiCore-Freq 0x100
I/HtcPowerSaver(  947): << updateStatus
D/AppWidgetHostView( 1196): updateAppWidget mInfo = AppWidgetProviderInfo(provider=ComponentInfo{com.htc.widget.notification/com.htc.widget.notification.Notification4x4})
I/RemoteViews( 1196): com.htc.widget.notification (true,33751145)
I/RemoteViews.Performance( 1196): com.htc.widget.notification 1 4 33
D/PhoneApp( 1394): EVENT_QUERY_MO_PACKAGES
D/PhoneApp( 1394): -- N1 =0
D/PhoneApp( 1394): -- N2 =0
D/PhoneApp( 1394): -- N3 =0
W/CpuWake (  947): >>nativeReleaseCpuPerfWakeLock()
W/CpuWake (  947): <<nativeReleaseCpuPerfWakeLock()
I/ActivityManager(  947): Resuming delayed broadcast
W/GAV2    (14644): Thread[main,5,main]: dispatch call queued.  Need to call GAServiceManager.getInstance().initialize().
D/Prism.PackageStateRece_(11429): action: android.intent.action.PACKAGE_REMOVED
D/Process (  947): killProcessQuiet, pid=13909
D/Process (  947): com.android.server.am.ActivityManagerService.killUnneededProcessLocked:7565 com.android.server.am.ActivityManagerService.updateOomAdjLocked:17027 com.android.server.am.ActivityManagerService.trimApplications:17296 
I/ActivityManager(  947): Start proc com.google.android.apps.plus for broadcast com.google.android.apps.plus/.service.PackagesMediaMonitor: pid=14727 uid=10186 gids={50186, 3003, 5012, 3002, 1028, 1015}
I/ActivityManager(  947): Killing 13909:com.google.android.apps.magazines/u0a177 (adj 15): empty #17
I/ActivityManager(  947): Recipient 13909
D/Process (  947): killProcessQuiet, pid=13957
D/Process (  947): com.android.server.am.ActivityManagerService.killUnneededProcessLocked:7565 com.android.server.am.ActivityManagerService.updateOomAdjLocked:17027 com.android.server.am.ActivityManagerService.updateOomAdjLocked:16871 
I/ActivityManager(  947): Killing 13957:com.htc.task/u0a66 (adj 15): empty #17
I/ActivityManager(  947): Recipient 13957
D/WifiNative-wlan0(  947): doString: SIGNAL_POLL
W/WifiHW  (  947): QCOM Debug wifi_send_command "IFNAME=wlan0 SIGNAL_POLL"
I/wpa_supplicant(26815): Recv Cmd 1: IFNAME=wlan0
D/NetworkPolicy(  947): isOperatorNetworkMetered ident is not blocked (allowed) in VZW charge NetworkTemplate. ident = [type=WIFI, subType=COMBINED, networkId="CBZQH"]
E/wpa_supplicant(26815): send_and_recv error 0 - cmd 17
E/wpa_supplicant(26815): send_and_recv error 0 - cmd 5
D/wpa_supplicant(26815): nl80211: survey data missing!
E/wpa_supplicant(26815): send_and_recv error 0 - cmd 50
I/wpa_supplicant(26815): environment dirty rate=4 [45][2][0]
D/WifiNative-wlan0(  947): doString: SIGNAL_POLL
W/WifiHW  (  947): QCOM Debug wifi_send_command "IFNAME=wlan0 SIGNAL_POLL"
I/wpa_supplicant(26815): Recv Cmd 1: IFNAME=wlan0
E/wpa_supplicant(26815): send_and_recv error 0 - cmd 17
E/wpa_supplicant(26815): send_and_recv error 0 - cmd 5
D/wpa_supplicant(26815): nl80211: survey data missing!
E/wpa_supplicant(26815): send_and_recv error 0 - cmd 50
I/wpa_supplicant(26815): environment dirty rate=0 [0][0][0]
I/PackageManager(  947):  setEnabledSetting(), pkgName=com.google.android.apps.plus, clsName=com.google.android.apps.moviemaker.MovieMakerActivity, state=0, flag=1, pid=14727, uid=10186, userID:0
I/PackageManager(  947):  setEnabledSetting(), pkgName=com.google.android.apps.plus, clsName=com.google.android.apps.moviemaker.analyzer.AnalyzerService, state=0, flag=1, pid=14727, uid=10186, userID:0
I/PackageManager(  947):  setEnabledSetting(), pkgName=com.google.android.apps.plus, clsName=com.google.android.apps.moviemaker.service.PostCaptureAnalyzerService, state=0, flag=1, pid=14727, uid=10186, userID:0
I/PackageManager(  947):  setEnabledSetting(), pkgName=com.google.android.apps.plus, clsName=com.google.android.apps.moviemaker.service.PluggedInAnalyzerService, state=0, flag=1, pid=14727, uid=10186, userID:0
I/PackageManager(  947):  setEnabledSetting(), pkgName=com.google.android.apps.plus, clsName=com.google.android.apps.moviemaker.receiver.NewVideoReceiver, state=0, flag=1, pid=14727, uid=10186, userID:0
I/PackageManager(  947):  setEnabledSetting(), pkgName=com.google.android.apps.plus, clsName=com.google.android.apps.moviemaker.receiver.PowerStatusReceiver, state=0, flag=1, pid=14727, uid=10186, userID:0
I/ActivityManager(  947): Delay finish: com.google.android.apps.plus/.service.PackagesMediaMonitor
D/PMS     (  947): acquireWL(435068f8): PARTIAL_WAKE_LOCK  AsyncService 0x1 14727 10186
D/PMS     (  947): releaseWL(435068f8): PARTIAL_WAKE_LOCK  AsyncService 0x1
I/GLSActivity(13664): [ae] getting account id
I/GLSUser (13664): [p] Fetched account id for blockda@gmail.com : 110782512077964787420
D/PMS     (  947): acquireWL(42e0c5d8): PARTIAL_WAKE_LOCK  fingerprint_scanner_static 0x1 14727 10186
D/PMS     (  947): acquireWL(42d88ec8): PARTIAL_WAKE_LOCK  fingerprint_scanner_local 0x1 14727 10186
D/PMS     (  947): releaseWL(42e0c5d8): PARTIAL_WAKE_LOCK  fingerprint_scanner_static 0x1
D/PMS     (  947): releaseWL(42d88ec8): PARTIAL_WAKE_LOCK  fingerprint_scanner_local 0x1
I/GAV2    (14644): Thread[GAThread,5,main]: No campaign data found.
D/InputDispatcher(  947): ActualScreenOn=0
I/SensorManager(  947): registerListenerImpl: listener = com.android.internal.policy.impl.WindowOrientationListener$SensorEventListenerImpl@420a4c90, sensor = {Sensor name="Accelerometer Sensor", vendor="HTC Group Ltd.", version=1, type=1, maxRange=19.6133, resolution=0.01, power=0.17, minDelay=10000}, delay = 66667, handler = Handler (com.android.internal.policy.impl.PhoneWindowManager$PolicyHandler) {423b1108}
W/SensorService(  947): Following SensorService logs are not warning, just make sure they are printed
W/SensorService(  947): enable: get sensor name = Accelerometer Sensor
D/CwMcuSensor(  947): CwMcuSensor::setEnable: debug.sensorhal.fill.block= 0
I/SensorManager(  947): registerListenerImpl: listener = com.android.server.power.DisplayPowerController$10@4237ea60, sensor = {Sensor name="CM36282 Light sensor", vendor="Capella Microsystems", version=1, type=5, maxRange=10240.0, resolution=1.0, power=0.15, minDelay=0}, delay = 1000000, handler = Handler (com.android.server.power.DisplayPowerController$DisplayControllerHandler) {42401168}
D/InputDispatcher(  947): notify PowerKey:0
I/PMS     (  947): Waking up from sleep...
W/BatSI   (  947): Couldn't get kernel wake lock stats
D/CwMcuSensor(  947): CwMcuSensor::setEnable: [v10-Add support for LS polling mechanism], handle = 0, en = 1, what = 0
W/SensorService(  947): Following SensorService logs are not warning, just make sure they are printed
W/SensorService(  947): enable: get sensor name = CM36282 Light sensor
D/CwMcuSensor(  947): CwMcuSensor::setDelay: handle = 0, delay_ns = 66667000
W/SensorService(  947): pid=947, uid=1000
W/SensorService(  947): Active sensors: size = 2
W/SensorService(  947): Accelerometer Sensor (handle=0x00000000, connections=1)
W/SensorService(  947): Significant Motion (handle=0x00000011, connections=1)
W/SensorService(  947): SensorService::listenerSensor++: mName = com.android.internal.policy.impl.WindowOrientationListener$SensorEventListenerImpl@420a4c90, eanble = 1, strlen(mName) = 91
W/SensorService(  947): Active Listeners: mActiveListeners.size() = 573
W/SensorService(  947): Listener[0] = com.badlogic.gdx.backends.android.AndroidInput$SensorListener@428c6750
W/SensorService(  947): Listener[1] = com.badlogic.gdx.backends.android.AndroidInput$SensorListener@4290ffe8
W/SensorService(  947): Listener[2] = com.nianticproject.ingress.k.z@41dc3cc8
W/SensorService(  947): Listener[3] = com.actionvibrationequipment.testrecorder.MainActivity@41b35f80
W/SensorService(  947): Listener[4] = com.actionvibrationequipment.testrecorder.MainActivity@41b370b8
W/SensorService(  947): Listener[5] = com.actionvibrationequipment.testrecorder.MainActivity@4209a370
W/SensorService(  947): Listener[6] = com.actionvibrationequipment.testrecorder.MainActivity@41cb0aa8
W/SensorService(  947): Listener[7] = com.actionvibrationequipment.testrecorder.MainActivity@41b3a0b8
W/SensorService(  947): Listener[8] = com.actionvibrationequipment.testrecorder.MainActivity@41bb0e28
W/SensorService(  947): Listener[9] = com.actionvibrationequipment.testrecorder.MainActivity@41b33608
W/SensorService(  947): Listener[10] = com.actionvibrationequipment.testrecorder.MainActivity@41be4020
W/SensorService(  947): Listener[11] = com.actionvibrationequipment.testrecorder.MainActivity@41b39408
W/SensorService(  947): Listener[12] = com.actionvibrationequipment.testrecorder.MainActivity@41b39318
W/SensorService(  947): Listener[13] = com.actionvibrationequipment.testrecorder.MainActivity@41b3c0e8
W/SensorService(  947): Listener[14] = com.actionvibrationequipment.testrecorder.MainActivity@41b371b0
W/SensorService(  947): Listener[15] = com.actionvibrationequipment.testrecorder.MainActivity@41b32800
D/CwMcuSensor(  947): CwMcuSensor::setEnable: debug.sensorhal.fill.block= 0
W/SensorService(  947): Listener[16] = Thread[Thread-63845,5,main]
W/SensorService(  947): Listener[17] = Thread[Thread-63936,5,main]
W/SensorService(  947): Listener[18] = Thread[Thread-64004,5,main]
W/SensorService(  947): Listener[19] = Thread[Thread-64082,5,main]
W/SensorService(  947): Listener[20] = Thread[Thread-64128,5,main]
D/CwMcuSensor(  947): CwMcuSensor::setEnable: [v10-Add support for LS polling mechanism], handle = 3, en = 1, what = 3
W/SensorService(  947): Listener[21] = Thread[Thread-64266,5,main]
W/SensorService(  947): Listener[22] = Thread[Thread-64313,5,main]
W/SensorService(  947): Listener[23] = Thread[Thread-64322,5,main]
W/SensorService(  947): Listener[24] = Thread[Thread-64338,5,main]
W/SensorService(  947): Listener[25] = Thread[Thread-64358,5,main]
W/SensorService(  947): Listener[26] = Thread[Thread-64376,5,main]
W/SensorService(  947): Listener[27] = Thread[Thread-64397,5,main]
W/SensorService(  947): Listener[28] = Thread[Thread-64416,5,main]
W/SensorService(  947): Listener[29] = Thread[Thread-64475,5,main]
W/SensorService(  947): Listener[30] = Thread[Thread-64530,5,main]
W/SensorService(  947): Listener[31] = Thread[Thread-64628,5,main]
W/SensorService(  947): Listener[32] = Thread[Thread-64664,5,main]
W/SensorService(  947): Listener[33] = Thread[Thread-64677,5,main]
W/SensorService(  947): Listener[34] = Thread[Thread-64713,5,main]
W/SensorService(  947): Listener[35] = Thread[Thread-64776,5,main]
W/SensorService(  947): Listener[36] = Thread[Thread-64865,5,main]
W/SensorService(  947): Listener[37] = Thread[Thread-64992,5,main]
W/SensorService(  947): Listener[38] = Thread[Thread-65048,5,main]
W/SensorService(  947): Listener[39] = Thread[Thread-65119,5,main]
W/SensorService(  947): Listener[40] = Thread[Thread-65224,5,main]
W/SensorService(  947): Listener[41] = Thread[Thread-65682,5,main]
D/CwMcuSensor(  947): CwMcuSensor::setDelay: handle = 3, delay_ns = 1000000000
W/SensorService(  947): Listener[42] = Thread[Thread-65770,5,main]
W/SensorService(  947): Listener[43] = Thread[Thread-65856,5,main]
W/SensorService(  947): Listener[44] = Thread[Thread-65953,5,main]
W/SensorService(  947): Listener[45] = Thread[Thread-66215,5,main]
W/SensorService(  947): Listener[46] = Thread[Thread-66296,5,main]
W/SensorService(  947): Listener[47] = Thread[Thread-66518,5,main]
W/SensorService(  947): Listener[48] = Thread[Thread-66602,5,main]
W/SensorService(  947): Listener[49] = Thread[Thread-66645,5,main]
W/SensorService(  947): Listener[50] = Thread[Thread-66693,5,main]
W/SensorService(  947): pid=947, uid=1000
W/SensorService(  947): Active sensors: size = 3
W/SensorService(  947): Listener[51] = Thread[Thread-66740,5,main]
W/SensorService(  947): Listener[52] = Thread[Thread-66792,5,main]
W/SensorService(  947): Accelerometer Sensor (handle=0x00000000, connections=1)
W/SensorService(  947): Listener[53] = Thread[Thread-66813,5,main]
W/SensorService(  947): CM36282 Light sensor (handle=0x00000003, connections=1)
W/SensorService(  947): Significant Motion (handle=0x00000011, connections=1)
W/SensorService(  947): SensorService::listenerSensor++: mName = com.android.server.power.DisplayPowerController$10@4237ea60, eanble = 1, strlen(mName) = 59
W/SensorService(  947): Listener[54] = Thread[Thread-66855,5,main]
W/SensorService(  947): Listener[55] = Thread[Thread-66891,5,main]
W/SensorService(  947): Listener[56] = Thread[Thread-66932,5,main]
W/SensorService(  947): Listener[57] = Thread[Thread-66992,5,main]
W/SensorService(  947): Listener[58] = Thread[Thread-67047,5,main]
W/SensorService(  947): Listener[59] = Thread[Thread-67084,5,main]
W/SensorService(  947): Listener[60] = Thread[Thread-67202,5,main]
W/SensorService(  947): Listener[61] = Thread[Thread-67280,5,main]
W/SensorService(  947): Listener[62] = Thread[Thread-67326,5,main]
W/SensorService(  947): Listener[63] = Thread[Thread-67434,5,main]
W/SensorService(  947): Listener[64] = Thread[Thread-67488,5,main]
W/SensorService(  947): Listener[65] = Thread[Thread-67580,5,main]
W/SensorService(  947): Listener[66] = Thread[Thread-67661,5,main]
W/SensorService(  947): Listener[67] = Thread[Thread-67829,5,main]
W/SensorService(  947): Listener[68] = Thread[Thread-67913,5,main]
W/SensorService(  947): Listener[69] = Thread[Thread-67985,5,main]
W/SensorService(  947): Listener[70] = Thread[Thread-68045,5,main]
W/SensorService(  947): Listener[71] = Thread[Thread-68121,5,main]
W/SensorService(  947): Listener[72] = Thread[Thread-68243,5,main]
W/SensorService(  947): Listener[73] = Thread[Thread-68492,5,main]
W/SensorService(  947): Listener[74] = Thread[Thread-73186,5,main]
W/SensorService(  947): Listener[75] = Thread[Thread-73284,5,main]
W/SensorService(  947): Listener[76] = Thread[Thread-73394,5,main]
W/SensorService(  947): Listener[77] = Thread[Thread-73442,5,main]
W/SensorService(  947): Listener[78] = Thread[Thread-73456,5,main]
W/SensorService(  947): Listener[79] = Thread[Thread-73553,5,main]
W/SensorService(  947): Listener[80] = Thread[Thread-73653,5,main]
W/SensorService(  947): Listener[81] = Thread[Thread-73762,5,main]
W/SensorService(  947): Listener[82] = Thread[Thread-74481,5,main]
W/SensorService(  947): Listener[83] = Thread[Thread-74559,5,main]
W/SensorService(  947): Listener[84] = Thread[Thread-74770,5,main]
W/SensorService(  947): Listener[85] = Thread[Thread-74847,5,main]
W/SensorService(  947): Listener[86] = Thread[Thread-75003,5,main]
W/SensorService(  947): Listener[87] = Thread[Thread-75104,5,main]
W/SensorService(  947): Listener[88] = Thread[Thread-75155,5,main]
W/SensorService(  947): Listener[89] = Thread[Thread-75182,5,main]
W/SensorService(  947): Listener[90] = Thread[Thread-75197,5,main]
W/SensorService(  947): Listener[91] = Thread[Thread-75272,5,main]
W/SensorService(  947): Listener[92] = Thread[Thread-75297,5,main]
W/SensorService(  947): Listener[93] = Thread[Thread-75318,5,main]
W/SensorService(  947): Listener[94] = Thread[Thread-75365,5,main]
W/SensorService(  947): Listener[95] = Thread[Thread-75369,5,main]
W/SensorService(  947): Listener[96] = Thread[Thread-75386,5,main]
W/SensorService(  947): Listener[97] = Thread[Thread-75428,5,main]
W/SensorService(  947): Listener[98] = Thread[Thread-75449,5,main]
W/SensorService(  947): Listener[99] = Thread[Thread-75498,5,main]
W/SensorService(  947): Listener[100] = Thread[Thread-75520,5,main]
W/SensorService(  947): Listener[101] = Thread[Thread-75617,5,main]
W/SensorService(  947): Listener[102] = Thread[Thread-75688,5,main]
W/SensorService(  947): Listener[103] = Thread[Thread-75797,5,main]
W/SensorService(  947): Listener[104] = Thread[Thread-75948,5,main]
W/SensorService(  947): Listener[105] = Thread[Thread-76277,5,main]
W/SensorService(  947): Listener[106] = Thread[Thread-76381,5,main]
W/SensorService(  947): Listener[107] = Thread[Thread-76862,5,main]
W/SensorService(  947): Listener[108] = Thread[Thread-76919,5,main]
W/SensorService(  947): Listener[109] = Thread[Thread-76995,5,main]
W/SensorService(  947): Listener[110] = Thread[Thread-77375,5,main]
W/SensorService(  947): Listener[111] = Thread[Thread-79172,5,main]
W/SensorService(  947): Listener[112] = Thread[Thread-79334,5,main]
W/SensorService(  947): Listener[113] = Thread[Thread-79377,5,main]
W/SensorService(  947): Listener[114] = Thread[Thread-79569,5,main]
W/SensorService(  947): Listener[115] = Thread[Thread-79646,5,main]
W/SensorService(  947): Listener[116] = Thread[Thread-79686,5,main]
W/SensorService(  947): Listener[117] = Thread[Thread-79737,5,main]
W/SensorService(  947): Listener[118] = Thread[Thread-79817,5,main]
W/SensorService(  947): Listener[119] = Thread[Thread-79892,5,main]
W/SensorService(  947): Listener[120] = Thread[Thread-79893,5,main]
W/SensorService(  947): Listener[121] = Thread[Thread-79955,5,main]
W/SensorService(  947): Listener[122] = Thread[Thread-80015,5,main]
W/SensorService(  947): Listener[123] = Thread[Thread-80082,5,main]
W/SensorService(  947): Listener[124] = Thread[Thread-80113,5,main]
W/SensorService(  947): Listener[125] = Thread[Thread-80161,5,main]
W/SensorService(  947): Listener[126] = Thread[Thread-80207,5,main]
W/SensorService(  947): Listener[127] = Thread[Thread-80237,5,main]
W/SensorService(  947): Listener[128] = Thread[Thread-80282,5,main]
W/SensorService(  947): Listener[129] = Thread[Thread-80350,5,main]
W/SensorService(  947): Listener[130] = Thread[Thread-80429,5,main]
W/SensorService(  947): Listener[131] = Thread[Thread-80477,5,main]
W/SensorService(  947): Listener[132] = Thread[Thread-80537,5,main]
W/SensorService(  947): Listener[133] = Thread[Thread-80600,5,main]
W/SensorService(  947): Listener[134] = Thread[Thread-80648,5,main]
W/SensorService(  947): Listener[135] = Thread[Thread-80895,5,main]
W/SensorService(  947): Listener[136] = Thread[Thread-80933,5,main]
W/SensorService(  947): Listener[137] = Thread[Thread-80982,5,main]
W/SensorService(  947): Listener[138] = Thread[Thread-81095,5,main]
W/SensorService(  947): Listener[139] = Thread[Thread-81168,5,main]
W/SensorService(  947): Listener[140] = Thread[Thread-81246,5,main]
W/SensorService(  947): Listener[141] = Thread[Thread-81326,5,main]
W/SensorService(  947): Listener[142] = Thread[Thread-81433,5,main]
W/SensorService(  947): Listener[143] = Thread[Thread-81521,5,main]
W/SensorService(  947): Listener[144] = Thread[Thread-81593,5,main]
W/SensorService(  947): Listener[145] = Thread[Thread-81678,5,main]
W/SensorService(  947): Listener[146] = Thread[Thread-81759,5,main]
W/SensorService(  947): Listener[147] = Thread[Thread-81845,5,main]
W/SensorService(  947): Listener[148] = Thread[Thread-82137,5,main]
W/SensorService(  947): Listener[149] = Thread[Thread-82160,5,main]
W/SensorService(  947): Listener[150] = Thread[Thread-82253,5,main]
W/SensorService(  947): Listener[151] = Thread[Thread-83744,5,main]
W/SensorService(  947): Listener[152] = Thread[Thread-83795,5,main]
W/SensorService(  947): Listener[153] = Thread[Thread-83813,5,main]
W/SensorService(  947): Listener[154] = Thread[Thread-83819,5,main]
W/SensorService(  947): Listener[155] = Thread[Thread-83876,5,main]
W/SensorService(  947): Listener[156] = Thread[Thread-83940,5,main]
W/SensorService(  947): Listener[157] = Thread[Thread-83987,5,main]
W/SensorService(  947): Listener[158] = Thread[Thread-84028,5,main]
W/SensorService(  947): Listener[159] = Thread[Thread-84053,5,main]
W/SensorService(  947): Listener[160] = com.badlogic.gdx.backends.android.AndroidInput$SensorListener@42e57c58
W/SensorService(  947): Listener[161] = com.badlogic.gdx.backends.android.AndroidInput$SensorListener@42fbc230
W/SensorService(  947): Listener[162] = Thread[Thread-84188,5,main]
W/SensorService(  947): Listener[163] = Thread[Thread-84420,5,main]
W/SensorService(  947): Listener[164] = Thread[Thread-84476,5,main]
W/SensorService(  947): Listener[165] = Thread[Thread-84572,5,main]
W/SensorService(  947): Listener[166] = Thread[Thread-84620,5,main]
W/SensorService(  947): Listener[167] = Thread[Thread-84836,5,main]
W/SensorService(  947): Listener[168] = Thread[Thread-84899,5,main]
W/SensorService(  947): Listener[169] = Thread[Thread-84946,5,main]
W/SensorService(  947): Listener[170] = Thread[Thread-85007,5,main]
W/SensorService(  947): Listener[171] = Thread[Thread-85076,5,main]
W/SensorService(  947): Listener[172] = Thread[Thread-85122,5,main]
W/SensorService(  947): Listener[173] = Thread[Thread-85245,5,main]
W/SensorService(  947): Listener[174] = Thread[Thread-85301,5,main]
W/SensorService(  947): Listener[175] = Thread[Thread-85373,5,main]
W/SensorService(  947): Listener[176] = Thread[Thread-85421,5,main]
W/SensorService(  947): Listener[177] = Thread[Thread-85437,5,main]
W/SensorService(  947): Listener[178] = Thread[Thread-85452,5,main]
W/SensorService(  947): Listener[179] = Thread[Thread-85529,5,main]
W/SensorService(  947): Listener[180] = Thread[Thread-85574,5,main]
W/SensorService(  947): Listener[181] = Thread[Thread-85621,5,main]
W/SensorService(  947): Listener[182] = Thread[Thread-85691,5,main]
W/SensorService(  947): Listener[183] = Thread[Thread-85748,5,main]
W/SensorService(  947): Listener[184] = Thread[Thread-85788,5,main]
W/SensorService(  947): Listener[185] = Thread[Thread-85842,5,main]
W/SensorService(  947): Listener[186] = Thread[Thread-85895,5,main]
W/SensorService(  947): Listener[187] = Thread[Thread-85941,5,main]
W/SensorService(  947): Listener[188] = Thread[Thread-85964,5,main]
W/SensorService(  947): Listener[189] = Thread[Thread-86004,5,main]
W/SensorService(  947): Listener[190] = Thread[Thread-86069,5,main]
W/SensorService(  947): Listener[191] = Thread[Thread-86114,5,main]
W/SensorService(  947): Listener[192] = Thread[Thread-86183,5,main]
W/SensorService(  947): Listener[193] = Thread[Thread-86228,5,main]
W/SensorService(  947): Listener[194] = Thread[Thread-86286,5,main]
W/SensorService(  947): Listener[195] = Thread[Thread-86336,5,main]
W/SensorService(  947): Listener[196] = Thread[Thread-86378,5,main]
W/SensorService(  947): Listener[197] = Thread[Thread-86390,5,main]
W/SensorService(  947): Listener[198] = Thread[Thread-86410,5,main]
W/SensorService(  947): Listener[199] = Thread[Thread-86429,5,main]
W/SensorService(  947): Listener[200] = Thread[Thread-86477,5,main]
W/SensorService(  947): Listener[201] = Thread[Thread-86502,5,main]
W/SensorService(  947): Listener[202] = Thread[Thread-86592,5,main]
W/SensorService(  947): Listener[203] = Thread[Thread-86678,5,main]
W/SensorService(  947): Listener[204] = Thread[Thread-86752,5,main]
W/SensorService(  947): Listener[205] = Thread[Thread-86852,5,main]
W/SensorService(  947): Listener[206] = Thread[Thread-86929,5,main]
W/SensorService(  947): Listener[207] = Thread[Thread-87014,5,main]
W/SensorService(  947): Listener[208] = Thread[Thread-87089,5,main]
W/SensorService(  947): Listener[209] = Thread[Thread-87139,5,main]
W/SensorService(  947): Listener[210] = Thread[Thread-87192,5,main]
W/SensorService(  947): Listener[211] = Thread[Thread-87258,5,main]
W/SensorService(  947): Listener[212] = Thread[Thread-87308,5,main]
W/SensorService(  947): Listener[213] = Thread[Thread-87330,5,main]
