I/ActivityManager(  947): Waited long enough for: ServiceRecord{435af8e8 u0 com.amazon.venezia/com.amazon.mas.client.locker.service.appmgr.AppManagerService}
I/ActivityManager(  947): Resuming delayed broadcast
I/ActivityManager(  947): Waited long enough for: ServiceRecord{42821d88 u0 com.amazon.mShop.android/com.amazon.mas.client.locker.service.appmgr.AppManagerService}
I/ActivityManager(  947): Start proc com.verizon.playphone.gameportal for broadcast com.verizon.playphone.gameportal/.PackageMonitorReceiver: pid=13781 uid=10087 gids={50087, 3003, 5012}
I/ActivityManager(  947): Start proc com.htc.cs.dm for broadcast com.htc.cs.dm/.receiver.PackageUpdateReceiver: pid=13794 uid=10018 gids={50018, 3003, 5012}
I/ActivityManager(  947): Killing 12937:com.google.android.gm/u0a123 (adj 15): empty #17
I/ActivityManager(  947): Recipient 12937
I/ActivityManager(  947): Start proc com.htc.providers.settings:remote for broadcast com.htc.providers.settings/.HtcCupdReceiver: pid=13823 uid=10014 gids={50014, 3003, 5012, 1028, 1015, 1023, 5011}
I/ActivityManager(  947): Killing 13133:com.htc.visual_search/u0a32 (adj 15): empty #17
I/ActivityManager(  947): Recipient 13133
I/ActivityManager(  947): Killing 13163:com.htc.mediamanager/u0a32 (adj 15): empty #17
I/ActivityManager(  947): Recipient 13163
D/PMS     (  947): acquireWL(438fdc10): PARTIAL_WAKE_LOCK  wake:com.google.android.gms/.config.ConfigFetchService 0x1 9898 10028
I/ActivityManager(  947): Delay finish: com.google.android.gms/.config.ConfigFetchService$PackageReceiver
D/PMS     (  947): acquireWL(439654f8): PARTIAL_WAKE_LOCK  Config Service fetch 0x1 9898 10028
I/ActivityManager(  947): Resuming delayed broadcast
I/ActivityManager(  947): Delay finish: com.htc.sense.hsp/.opensense.pluginmanager.RegisterReceiver
I/ActivityManager(  947): Resuming delayed broadcast
I/ActivityManager(  947): Delay finish: com.android.vending/com.google.android.finsky.receivers.PackageMonitorReceiver$RegisteredReceiver
D/PMS     (  947): acquireWL(42f98178): PARTIAL_WAKE_LOCK  Icing 0x1 9898 10028
D/PMS     (  947): releaseWL(42f98178): PARTIAL_WAKE_LOCK  Icing 0x1
I/PackageManager(  947):  setEnabledSetting(), pkgName=com.google.android.gms, clsName=com.google.android.gms.people.pub.PeopleProfileActionGatewayActivity, state=2, flag=1, pid=9898, uid=10028, userID:0
I/ActivityManager(  947): Resuming delayed broadcast
I/ActivityManager(  947): Delay finish: com.google.android.apps.plus/.service.PackagesMediaMonitor
D/PMS     (  947): acquireWL(43059c10): PARTIAL_WAKE_LOCK  AsyncService 0x1 13329 10186
D/PMS     (  947): releaseWL(43059c10): PARTIAL_WAKE_LOCK  AsyncService 0x1
I/ActivityManager(  947): Resuming delayed broadcast
I/ActivityManager(  947): Delay finish: com.google.android.apps.plus/.service.PackageAddedReceiver
D/WIFI_ICON( 1196): WifiActivity: 3
D/StatusBar.NetworkController( 1196): dumpIcon[stat_sys_vzw_lte_dormant stat_sys_5signal_1|null stat_sys_wifi_signal_inandout_4 (gone) F (gone)]
D/WIFI_ICON( 1196): WifiActivity: 1
D/StatusBar.NetworkController( 1196): dumpIcon[stat_sys_vzw_lte_dormant stat_sys_5signal_1|null stat_sys_wifi_signal_in_4 (gone) F (gone)]
V/DeadZone( 1196): consuming errant click: (149.24121,6.7142334)
I/ActivityManager(  947): Resuming delayed broadcast
I/ActivityManager(  947): Delay finish: com.amazon.mShop.android/com.amazon.mas.client.install.foreground.PackageAddedReceiver
I/ActivityManager(  947): Resuming delayed broadcast
I/ActivityManager(  947): Delay finish: com.amazon.mShop.android/com.amazon.venezia.notification.NotificationEventReceiver
W/CpuWake (  947): >>nativeAcquireCpuPerfWakeLock()
W/CpuWake (  947): <<nativeAcquireCpuPerfWakeLock()
I/ActivityManager(  947): START u0 {act=android.intent.action.MAIN cat=[android.intent.category.LAUNCHER] flg=0x10200000 cmp=com.happygoatstudios.bttest/com.offsetnull.bttest.TestLauncher bnds=[60,1590][252,1776]} from pid 20994
D/PMS     (  947): acquireWL(43706cb0): PARTIAL_WAKE_LOCK  ActivityManager-Launch 0x1 947 1000
I/InputMethodManagerService(  947): Disable input method client, pid=20994
I/InputMethodManagerService(  947): Enable input method client, pid=13703
D/PMS     (  947): releaseWL(43706cb0): PARTIAL_WAKE_LOCK  ActivityManager-Launch 0x1
D/HtcAppWifiOffload(  947): Brocast resume intent for internet app<com.happygoatstudios.bttest>
I/ActivityManager(  947): Waited long enough for: ServiceRecord{433eb220 u0 com.htc.mirrorlinkserver/.service.TmServerDeviceService}
I/ActivityManager(  947): Resuming delayed broadcast
I/ActivityManager(  947): Start proc com.nero.android.htc.sync.installer for broadcast com.nero.android.htc.sync.installer/.OnNeroHTCUpgradeReceiver: pid=13890 uid=10068 gids={50068}
I/ActivityManager(  947): Delay finish: com.htc.cs.dm/.receiver.PackageUpdateReceiver
I/ActivityManager(  947): Resuming delayed broadcast
I/ActivityManager(  947): Killing 13151:com.htc.album/u0a32 (adj 15): empty #17
I/ActivityManager(  947): Recipient 13151
I/ActivityManager(  947): Delay finish: com.htc.sense.hsp/.opensense.pluginmanager.RegisterReceiver
D/PMS     (  947): acquireWL(44206d88): PARTIAL_WAKE_LOCK  Icing 0x1 9898 10028
D/PMS     (  947): releaseWL(44206d88): PARTIAL_WAKE_LOCK  Icing 0x1
I/PackageManager(  947):  setEnabledSetting(), pkgName=com.google.android.gms, clsName=com.google.android.gms.people.pub.PeopleProfileActionGatewayActivity, state=2, flag=1, pid=9898, uid=10028, userID:0
I/ActivityManager(  947): Resuming delayed broadcast
I/ActivityManager(  947): Start proc com.google.android.apps.magazines for broadcast com.google.android.apps.magazines/com.google.apps.dots.android.app.receiver.FirstInstallNotificationReceiver: pid=13909 uid=10177 gids={50177, 3003, 5012, 1028, 1015}
W/Vold    (  372): Returning OperationFailed - no handler for errno 30
W/Vold    (  372): Returning OperationFailed - no handler for errno 30
W/Vold    (  372): Returning OperationFailed - no handler for errno 30
W/Vold    (  372): Returning OperationFailed - no handler for errno 30
D/PMS     (  947): acquireWL(435b9488): PARTIAL_WAKE_LOCK  AudioMix 0x1 389 1013
D/PMS     (  947): acquireWL(4358f640): PARTIAL_WAKE_LOCK  AudioMix 0x1 389 1013
D/PMS     (  947): acquireWL(43583c50): PARTIAL_WAKE_LOCK  AudioMix 0x1 389 1013
D/PMS     (  947): releaseWL(4358f640): PARTIAL_WAKE_LOCK  AudioMix 0x1
I/ActivityManager(  947): Killing 12628:com.htc.htcpowermanager:remote/1000 (adj 15): empty #17
I/ActivityManager(  947): Recipient 12628
D/WifiService(  947): Client connection lost with reason: 4
I/ActivityManager(  947): Start proc com.htc.task for broadcast com.htc.task/.TodoTaskReceiver: pid=13957 uid=10066 gids={50066, 1023, 3003, 5012, 1028, 1015}
I/ActivityManager(  947): Delay finish: com.htc.task/.TodoTaskReceiver
I/ActivityManager(  947): Resuming delayed broadcast
W/BroadcastQueue(  947): Permission Denial: broadcasting Intent { act=android.intent.action.USER_PRESENT flg=0x24000010 } from com.android.keyguard (pid=1196, uid=10042) is not exported from uid 10106 due to receiver com.telecomsys.directedsms.android.SCG/com.telecomsys.android.SCG.UserPresentReceiver
I/ActivityManager(  947): Killing 13447:com.android.defcontainer/u0a16 (adj 15): empty #17
I/ActivityManager(  947): Recipient 13447
W/ContextImpl(31443): Calling a method in the system process without a qualified user: android.app.ContextImpl.startService:1735 android.content.ContextWrapper.startService:501 android.content.ContextWrapper.startService:501 com.android.settings.PSReceiver.onReceive:36 android.app.ActivityThread.handleReceiver:2833 
I/ActivityManager(  947): Start proc com.vzw.hss.widgets.infozone for broadcast com.vzw.hss.widgets.infozone/.InfoProvider: pid=13975 uid=10089 gids={50089, 3003, 5012}
I/ActivityManager(  947): Delay finish: com.vzw.hss.widgets.infozone/.InfoProvider
W/AppWidgetServiceImpl(  947): updateAppWidget failed! callbacks null
I/ActivityManager(  947): Resuming delayed broadcast
I/ActivityManager(  947): Killing 13477:com.android.keychain/1000 (adj 15): empty #17
I/ActivityManager(  947): Recipient 13477
I/ActivityManager(  947): Delay finish: com.estrongs.android.pop/.app.StartServiceReceiver
W/CpuWake (  947): >>nativeReleaseCpuPerfWakeLock()
W/CpuWake (  947): <<nativeReleaseCpuPerfWakeLock()
D/TelephonyCallback( 1196): SignalStrength: 1
D/TelephonyRegistry(  947): This is not dual project
D/SIGNAL_ICON( 1196): level=1/5
D/StatusBar.NetworkController( 1196): dumpIcon[stat_sys_vzw_lte_dormant stat_sys_5signal_1|null stat_sys_wifi_signal_in_4 (gone) F (gone)]
D/TelephonyCallback( 1196): onCellInfoChanged
D/TelephonyCallback( 1196): CellInfo: 552449
D/FEMTOCELL_ICON( 1196): updateFemtocellIcon
D/FEMTOCELL_ICON( 1196): voice nid=6
D/FEMTOCELL_ICON( 1196): data rat=13 sid= cid=552449
D/TelephonyRegistry(  947): This is not dual project
D/TelephonyCallback( 1196): SignalStrength: 1
D/SIGNAL_ICON( 1196): level=1/5
D/StatusBar.NetworkController( 1196): dumpIcon[stat_sys_vzw_lte_dormant stat_sys_5signal_1|null stat_sys_wifi_signal_in_4 (gone) F (gone)]
D/TelephonyCallback( 1196): onCellInfoChanged
D/TelephonyCallback( 1196): CellInfo: 552449
D/FEMTOCELL_ICON( 1196): updateFemtocellIcon
D/FEMTOCELL_ICON( 1196): voice nid=6
D/FEMTOCELL_ICON( 1196): data rat=13 sid= cid=552449
W/CpuWake (  947): >>nativeAcquireCpuPerfWakeLock()
W/CpuWake (  947): <<nativeAcquireCpuPerfWakeLock()
I/ActivityManager(  947): START u0 {act=com.offsetnull.bt.window.MainWindow.TEST_MODE cmp=com.happygoatstudios.bttest/com.offsetnull.bt.window.MainWindow (has extras)} from pid 13703
D/PMS     (  947): acquireWL(433e5900): PARTIAL_WAKE_LOCK  ActivityManager-Launch 0x1 947 1000
D/PMS     (  947): acquireWL(43173898): SCREEN_BRIGHT_WAKE_LOCK  ON_AFTER_RELEASE WindowManager 0x2000000a 947 1000
D/WIFI_ICON( 1196): WifiActivity: 0
D/StatusBar.NetworkController( 1196): dumpIcon[stat_sys_vzw_lte_dormant stat_sys_5signal_1|null stat_sys_wifi_signal_connected_4 (gone) F (gone)]
D/HABCtrl (  947): ALG=2, lsvalue=40(1th)->90(2th), last_level=2, lValue=64->64
W/CpuWake (  947): >>nativeReleaseCpuPerfWakeLock()
W/CpuWake (  947): <<nativeReleaseCpuPerfWakeLock()
D/PMS     (  947): releaseWL(439654f8): PARTIAL_WAKE_LOCK  Config Service fetch 0x1
I/ActivityManager(  947): Resuming delayed broadcast
D/PMS     (  947): releaseWL(435b9488): PARTIAL_WAKE_LOCK  AudioMix 0x1
D/PMS     (  947): releaseWL(43583c50): PARTIAL_WAKE_LOCK  AudioMix 0x1
D/PMS     (  947): acquireWL(42cec0f0): PARTIAL_WAKE_LOCK  GCM_LIB 0x1 27705 10114
I/ActivityManager(  947): Delay finish: com.android.chrome/com.google.ipc.invalidation.external.client.contrib.MultiplexingGcmListener$GCMReceiver
D/PMS     (  947): releaseWL(42cec0f0): PARTIAL_WAKE_LOCK  GCM_LIB 0x1
I/ActivityManager(  947): Resuming delayed broadcast
D/PMS     (  947): acquireWL(42c02038): PARTIAL_WAKE_LOCK  multiplexing-gcm-listener:com.google.ipc.invalidation.ticl.android2.channel.AndroidMessageReceiverService 0x1 27705 10114
I/ActivityManager(  947): Delay finish: com.android.chrome/com.google.ipc.invalidation.ticl.android2.channel.AndroidMessageReceiverService$Receiver
D/PMS     (  947): releaseWL(42c02038): PARTIAL_WAKE_LOCK  multiplexing-gcm-listener:com.google.ipc.invalidation.ticl.android2.channel.AndroidMessageReceiverService 0x1
I/ActivityManager(  947): Resuming delayed broadcast
D/PMS     (  947): acquireWL(42bff040): PARTIAL_WAKE_LOCK  multiplexing-gcm-listener:org.chromium.components.gcm_driver.GCMListener 0x1 27705 10114
I/ActivityManager(  947): Delay finish: com.android.chrome/org.chromium.components.gcm_driver.GCMListener$Receiver
D/PMS     (  947): releaseWL(42bff040): PARTIAL_WAKE_LOCK  multiplexing-gcm-listener:org.chromium.components.gcm_driver.GCMListener 0x1
I/ActivityManager(  947): Resuming delayed broadcast
D/PMS     (  947): acquireWL(42bfabf0): PARTIAL_WAKE_LOCK  multiplexing-gcm-listener:com.google.android.apps.chrome.snapshot.gcm.GcmReceiver 0x1 27705 10114
I/ActivityManager(  947): Delay finish: com.android.chrome/com.google.android.apps.chrome.snapshot.gcm.GcmReceiver$Receiver
D/PMS     (  947): releaseWL(42bfabf0): PARTIAL_WAKE_LOCK  multiplexing-gcm-listener:com.google.android.apps.chrome.snapshot.gcm.GcmReceiver 0x1
I/ActivityManager(  947): Resuming delayed broadcast
D/WIFI_ICON( 1196): WifiActivity: 3
D/StatusBar.NetworkController( 1196): dumpIcon[stat_sys_vzw_lte_dormant stat_sys_5signal_1|null stat_sys_wifi_signal_inandout_4 (gone) F (gone)]
V/HtcNativeCrashUtil(  947): Read id1=-1243796867 id2=-217320719, they are start flags. This is HTC header
D/TelephonyCallback( 1196): SignalStrength: 1
D/TelephonyRegistry(  947): This is not dual project
D/SIGNAL_ICON( 1196): level=1/5
D/StatusBar.NetworkController( 1196): dumpIcon[stat_sys_vzw_lte_dormant stat_sys_5signal_1|null stat_sys_wifi_signal_inandout_4 (gone) F (gone)]
D/TelephonyCallback( 1196): onCellInfoChanged
D/TelephonyCallback( 1196): CellInfo: 552449
D/FEMTOCELL_ICON( 1196): updateFemtocellIcon
D/FEMTOCELL_ICON( 1196): voice nid=6
D/FEMTOCELL_ICON( 1196): data rat=13 sid= cid=552449
D/TelephonyCallback( 1196): SignalStrength: 1
D/SIGNAL_ICON( 1196): level=1/5
D/StatusBar.NetworkController( 1196): dumpIcon[stat_sys_vzw_lte_dormant stat_sys_5signal_1|null stat_sys_wifi_signal_inandout_4 (gone) F (gone)]
D/TelephonyRegistry(  947): This is not dual project
D/TelephonyCallback( 1196): onCellInfoChanged
D/TelephonyCallback( 1196): CellInfo: 552449
D/FEMTOCELL_ICON( 1196): updateFemtocellIcon
D/FEMTOCELL_ICON( 1196): voice nid=6
D/FEMTOCELL_ICON( 1196): data rat=13 sid= cid=552449
W/ActivityManager(  947): Process com.offsetnull.bttest has crashed too many times: killing!
W/ActivityManager(  947):   Force finishing activity com.happygoatstudios.bttest/com.offsetnull.bt.window.MainWindow
D/PMS     (  947): acquireWL(433e5900): PARTIAL_WAKE_LOCK  ActivityManager-Launch 0x1 947 1000
W/ActivityManager(  947):   Force finishing activity com.happygoatstudios.bttest/com.offsetnull.bt.launcher.Launcher
I/ActivityManager(  947): Killing 13703:com.offsetnull.bttest/u0a218 (adj 0): crash
I/WindowState(  947): WIN DEATH: Window{42e40d18 u0 com.happygoatstudios.bttest/com.offsetnull.bt.launcher.Launcher}
I/WindowState(  947): WIN DEATH: Window{41e1f798 u0 com.happygoatstudios.bttest/com.offsetnull.bt.window.MainWindow}
D/HtcAppWifiOffload(  947): Clear triggeredApps due to <com.teslacoilsw.launcher> resumed
W/InputMethodManagerService(  947): Got RemoteException sending setActive(false) notification to pid 13703 uid 10218
I/InputMethodManagerService(  947): Enable input method client, pid=20994
D/PMS     (  947): releaseWL(433e5900): PARTIAL_WAKE_LOCK  ActivityManager-Launch 0x1
W/WindowManager(  947): Rebuild removed 17 windows but added 16
W/WindowManager(  947): java.lang.RuntimeException: here
W/WindowManager(  947): 	at com.android.server.wm.WindowManagerService.rebuildAppWindowListLocked(WindowManagerService.java:8545)
W/WindowManager(  947): 	at com.android.server.wm.WindowManagerService.rebuildAppWindowListLocked(WindowManagerService.java:8481)
W/WindowManager(  947): 	at com.android.server.wm.WindowManagerService.handleAnimatingStoppedAndTransitionLocked(WindowManagerService.java:9235)
W/WindowManager(  947): 	at com.android.server.wm.WindowManagerService.performLayoutAndPlaceSurfacesLockedInner(WindowManagerService.java:9764)
W/WindowManager(  947): 	at com.android.server.wm.WindowManagerService.performLayoutAndPlaceSurfacesLockedLoop(WindowManagerService.java:8699)
W/WindowManager(  947): 	at com.android.server.wm.WindowManagerService.performLayoutAndPlaceSurfacesLocked(WindowManagerService.java:8639)
W/WindowManager(  947): 	at com.android.server.wm.WindowManagerService.access$300(WindowManagerService.java:187)
W/WindowManager(  947): 	at com.android.server.wm.WindowManagerService$H.handleMessage(WindowManagerService.java:7634)
W/WindowManager(  947): 	at android.os.Handler.dispatchMessage(Handler.java:102)
W/WindowManager(  947): 	at android.os.Looper.loop(Looper.java:157)
W/WindowManager(  947): 	at android.os.HandlerThread.run(HandlerThread.java:61)
W/WindowManager(  947): This window was lost: Window{41e1f798 u0 com.happygoatstudios.bttest/com.offsetnull.bt.window.MainWindow}
W/WindowManager(  947): mDisplayId=0 mSession=Session{431fcdd8 13703:u0a10218} mClient=android.os.BinderProxy@42c38518
W/WindowManager(  947): mOwnerUid=10218 mShowToOwnerOnly=true package=com.happygoatstudios.bttest appop=NONE
W/WindowManager(  947): mAttrs=WM.LayoutParams{(0,0)(1.0,1.0)(fillxfill) sim=#22 ty=1 fl=#1810980 pfl=0x8 wanim=0x10302a1}
W/WindowManager(  947): Requested w=1080 h=1776 mLayoutSeq=470815
W/WindowManager(  947): mBaseLayer=21000 mSubLayer=0 mAnimLayer=21005+0=21005 mLastLayer=21080
W/WindowManager(  947): mToken=AppWindowToken{44213938 token=Token{42c0d6a8 ActivityRecord{41bfc7c8 u0 com.happygoatstudios.bttest/com.offsetnull.bt.window.MainWindow t2169}}}
W/WindowManager(  947): mRootToken=AppWindowToken{44213938 token=Token{42c0d6a8 ActivityRecord{41bfc7c8 u0 com.happygoatstudios.bttest/com.offsetnull.bt.window.MainWindow t2169}}}
W/WindowManager(  947): mAppToken=AppWindowToken{44213938 token=Token{42c0d6a8 ActivityRecord{41bfc7c8 u0 com.happygoatstudios.bttest/com.offsetnull.bt.window.MainWindow t2169}}}
W/WindowManager(  947): mViewVisibility=0x0 mHaveFrame=true mObscured=false
W/WindowManager(  947): mSeq=0 mSystemUiVisibility=0x0
W/WindowManager(  947): mGivenContentInsets=[0,0][0,0] mGivenVisibleInsets=[0,0][0,0]
W/WindowManager(  947): mConfiguration={0 1.0 311mcc480mnc en_US ldltr sw360dp w360dp h567dp 480dpi nrml port finger -keyb/v/h -nav/h s.5412 skin=default fontsize=3 hasNavBar=0}
W/WindowManager(  947): mLastConfiguration={0 1.0 311mcc480mnc en_US ldltr sw360dp w360dp h567dp 480dpi nrml port finger -keyb/v/h -nav/h s.5412 skin=default fontsize=3 hasNavBar=0}
W/WindowManager(  947): mHasSurface=true mShownFrame=[0.0,0.0][1080.0,1776.0] isReadyForDisplay()=false
W/WindowManager(  947): mFrame=[0,0][1080,1776] last=[0,0][1080,1776]
W/WindowManager(  947): mSystemDecorRect=[0,75][1080,1776] last=[0,75][1080,1776]
W/WindowManager(  947): Frames: containing=[0,0][1080,1776] parent=[0,0][1080,1776]
W/WindowManager(  947):     display=[0,0][1080,1776] overscan=[0,0][1080,1920]
W/WindowManager(  947):     content=[0,75][1080,1776] visible=[0,75][1080,1776]
W/WindowManager(  947):     decor=[0,75][1080,1776]
W/WindowManager(  947): Cur insets: overscan=[0,0][0,0] content=[0,75][0,0] visible=[0,75][0,0]
W/WindowManager(  947): Lst insets: overscan=[0,0][0,0] content=[0,75][0,0] visible=[0,75][0,0]
W/WindowManager(  947): WindowStateAnimator{44146dc0 com.happygoatstudios.bttest/com.offsetnull.bt.window.MainWindow}:
W/WindowManager(  947):   mSurface=Surface(name=com.happygoatstudios.bttest/com.offsetnull.bt.window.MainWindow)
W/WindowManager(  947):   mDrawState=HAS_DRAWN mLastHidden=true
W/WindowManager(  947):   Surface: shown=false layer=21080 alpha=1.0 rect=(0.0,0.0) 1080.0 x 1776.0
W/WindowManager(  947):   mGlobalScale=1.0 mDsDx=1.0 mDtDx=0.0 mDsDy=0.0 mDtDy=1.0
W/WindowManager(  947): mExiting=false mRemoveOnExit=false mDestroying=true mRemoved=false
W/WindowManager(  947): Current app token list:
V/WindowManager(  947):   Display 0
V/WindowManager(  947):   #43: Token{42c0c450 ActivityRecord{42cc8928 u0 com.teslacoilsw.launcher/com.android.launcher2.Launcher t1358}}
V/WindowManager(  947):   #42: Token{42523920 ActivityRecord{42c10808 u0 com.nianticproject.ingress/.NemesisActivity t2120}}
V/WindowManager(  947):   #41: Token{426507d8 ActivityRecord{425a9d20 u0 jp.gungho.padEN/.AppDelegate t2154}}
V/WindowManager(  947):   #40: Token{42c81478 ActivityRecord{42c81318 u0 com.supercell.clashofclans/.GameApp t1920}}
V/WindowManager(  947):   #39: Token{4307f0f8 ActivityRecord{423dadd8 u0 com.google.android.gm/.ConversationListActivityGmail t1867}}
V/WindowManager(  947):   #38: Token{42ec5a98 ActivityRecord{42657158 u0 com.google.android.apps.inbox/com.google.android.apps.bigtop.activities.MainActivity t1885}}
V/WindowManager(  947):   #37: Token{424a1f78 ActivityRecord{42755f80 u0 com.google.android.talk/com.google.android.apps.hangouts.phone.ConversationActivity t1539}}
V/WindowManager(  947):   #36: Token{42de9008 ActivityRecord{4271a3c8 u0 com.google.android.talk/com.google.android.apps.hangouts.phone.BabelHomeActivity t1539}}
V/WindowManager(  947):   #35: Token{42d5b308 ActivityRecord{41e15be0 u0 com.htc.sense.mms/.ui.ComposeMessageActivity t1796}}
V/WindowManager(  947):   #34: Token{42c74aa8 ActivityRecord{421a6c48 u0 com.htc.sense.mms/.ui.MessageTabActivity t1796}}
V/WindowManager(  947):   #33: Token{43313038 ActivityRecord{43312ed8 u0 com.google.android.googlequicksearchbox/com.google.android.velvet.ui.VelvetActivity t1949}}
V/WindowManager(  947):   #32: Token{426bfa58 ActivityRecord{42810e58 u0 com.htc.contacts/.DialerTabActivity t7}}
V/WindowManager(  947):   #31: Token{4326d738 ActivityRecord{428528e0 u0 com.google.android.apps.maps/com.google.android.maps.MapsActivity t2001}}
V/WindowManager(  947):   #30: Token{42c73c60 ActivityRecord{426fed28 u0 com.htc.album/.TabPluginDevice.ActivityMainLocalFullscreen t1954}}
V/WindowManager(  947):   #29: Token{443be3e8 ActivityRecord{41e0af28 u0 com.htc.camera/.CameraEntry t1954}}
V/WindowManager(  947):   #28: Token{4269f258 ActivityRecord{42bab4e0 u0 com.android.vending/com.google.android.finsky.activities.MainActivity t1939}}
V/WindowManager(  947):   #27: Token{4257e740 ActivityRecord{427186f0 u0 com.android.settings/.Settings$BluetoothSettingsActivity t32}}
V/WindowManager(  947):   #26: Token{4316e628 ActivityRecord{423ce4b0 u0 com.htc.calendar/.EventInfoActivity t2068}}
V/WindowManager(  947):   #25: Token{426781f0 ActivityRecord{42922730 u0 com.android.settings/.Settings t2065}}
V/WindowManager(  947):   #24: Token{41e5b890 ActivityRecord{4258f538 u0 com.google.android.apps.plus/.phone.EventActivity t1961}}
V/WindowManager(  947):   #23: Token{429bd0d8 ActivityRecord{42446e28 u0 com.google.android.apps.plus/.home.HomeActivity t1961}}
V/WindowManager(  947):   #22: Token{42f92730 ActivityRecord{423f8f70 u0 com.fitbit.FitbitMobile/com.fitbit.home.ui.HomeActivity_ t1261}}
V/WindowManager(  947):   #21: Token{42657d58 ActivityRecord{4255c3d0 u0 com.htc.Weather/.WeatherEntry t1917}}
V/WindowManager(  947):   #20: Token{42adb910 ActivityRecord{423b71c8 u0 com.google.android.talk/com.google.android.apps.hangouts.phone.ConversationActivity t97}}
V/WindowManager(  947):   #19: Token{42cdd0b8 ActivityRecord{41baca08 u0 com.google.android.talk/com.google.android.apps.hangouts.phone.ShareIntentActivity t97}}
V/WindowManager(  947):   #18: Token{422b6cf0 ActivityRecord{42be21c8 u0 com.htc.album/.TabPluginDevice.ActivityMainLocalFullscreen t97}}
V/WindowManager(  947):   #17: Token{42734880 ActivityRecord{41cced08 u0 com.infraware.docmaster/com.infraware.polarisoffice5.viewer.PDFViewerActivity t1955}}
V/WindowManager(  947):   #16: Token{433c8b80 ActivityRecord{433e9668 u0 com.google.android.apps.docs/.app.DocumentOpenerActivityDelegate t1955}}
V/WindowManager(  947):   #15: Token{425ae108 ActivityRecord{41e503b0 u0 com.google.android.apps.docs/.app.DocListActivity t1955}}
V/WindowManager(  947):   #14: Token{42b34260 ActivityRecord{42ab7378 u0 com.google.android.talk/com.google.android.apps.hangouts.phone.ConversationActivity t1547}}
V/WindowManager(  947):   #13: Token{430eb368 ActivityRecord{4245a7f0 u0 com.google.android.talk/com.google.android.apps.hangouts.phone.ShareIntentActivity t1547}}
V/WindowManager(  947):   #12: Token{43324818 ActivityRecord{42445710 u0 com.groupme.android/.HomeActivity t1906}}
V/WindowManager(  947):   #11: Token{4312e6c0 ActivityRecord{42d1e500 u0 com.htc.calculator/.Calculator t41}}
V/WindowManager(  947):   #10: Token{41c623a8 ActivityRecord{42c48e78 u0 com.htc.android.worldclock/.WorldClockTabControl t39}}
V/WindowManager(  947):   #9: Token{42a39ab0 ActivityRecord{4206b7a0 u0 com.happygoatstudios.hcfree/com.happygoatstudios.hc.HappyCharActivity t1897}}
V/WindowManager(  947):   #8: Token{4284e9d8 ActivityRecord{41e1b008 u0 com.infraware.docmaster/com.infraware.polarisoffice5.viewer.PDFViewerActivity t1706}}
V/WindowManager(  947):   #7: Token{44b70180 ActivityRecord{41e5fa28 u0 com.infraware.docmaster/com.infraware.polarisoffice5.OfficeHomeActivity t1706}}
V/WindowManager(  947):   #6: Token{42b47ef8 ActivityRecord{4243cd70 u0 com.miniclip.plagueinc/.PlagueIncActivity t1297}}
V/WindowManager(  947):   #5: Token{430b2298 ActivityRecord{424557a8 u0 com.actionvibrationequipment.testrecorder/.MainActivity t1401}}
V/WindowManager(  947):   #4: Token{42f537c8 ActivityRecord{4242a4e8 u0 com.htc.album/.TabPluginDevice.ActivityMainLocalThumbnail t1278}}
V/WindowManager(  947):   #3: Token{428ce130 ActivityRecord{41e8fa90 u0 com.htc.album/.AlbumMain.ActivityMainTabHost t1278}}
V/WindowManager(  947):   #2: Token{4277f7f8 ActivityRecord{41e5f250 u0 com.zoodles.kidmode/.activity.LauncherActivity t27}}
V/WindowManager(  947):   #1: Token{4292c3d0 ActivityRecord{41e96da8 u0 com.android.phone/.InCallScreen t8}}
V/WindowManager(  947):   #0: Token{42ce41f0 ActivityRecord{4247e300 u0 com.android.chrome/com.google.android.apps.chrome.ChromeTabbedActivity t1950}}
W/WindowManager(  947): Final window list:
V/WindowManager(  947):   #0: Window{42aebc78 u0 SearchPanel}
V/WindowManager(  947):   #1: Window{428017b0 u0 NavigationBar}
V/WindowManager(  947):   #2: Window{427db038 u0 StatusBar}
V/WindowManager(  947):   #3: Window{427e7748 u0 Heads Up}
V/WindowManager(  947):   #4: Window{42856010 u0 Keyguard}
V/WindowManager(  947):   #5: Window{41e1c7c8 u0 KeyguardScrim}
V/WindowManager(  947):   #6: Window{42a94138 u0 InputMethod}
V/WindowManager(  947):   #7: Window{41e5fd38 u0 com.teslacoilsw.launcher/com.android.launcher2.Launcher}
V/WindowManager(  947):   #8: Window{42f23280 u0 com.nianticproject.ingress/com.nianticproject.ingress.NemesisActivity}
V/WindowManager(  947):   #9: Window{4221c8f0 u0 SurfaceView}
V/WindowManager(  947):   #10: Window{42dcfa68 u0 jp.gungho.padEN/jp.gungho.padEN.AppDelegate}
V/WindowManager(  947):   #11: Window{42dfc9c8 u0 SurfaceView}
V/WindowManager(  947):   #12: Window{43115b78 u0 com.google.android.apps.inbox/com.google.android.apps.bigtop.activities.MainActivity}
V/WindowManager(  947):   #13: Window{41f7cf78 u0 com.htc.contacts/com.htc.contacts.DialerTabActivity}
V/WindowManager(  947):   #14: Window{4263d5a8 u0 com.htc.camera/com.htc.camera.CameraEntry}
V/WindowManager(  947):   #15: Window{426beac0 u0 SurfaceView}
V/WindowManager(  947):   #16: Window{4269f748 u0 SurfaceView}
V/WindowManager(  947):   #17: Window{4273f4c0 u0 SurfaceView}
V/WindowManager(  947):   #18: Window{425b93a8 u0 com.android.settings/com.android.settings.Settings$BluetoothSettingsActivity}
V/WindowManager(  947):   #19: Window{427b52d0 u0 com.android.settings/com.android.settings.Settings}
V/WindowManager(  947):   #20: Window{42a55950 u0 com.android.phone/com.android.phone.InCallScreen}
V/WindowManager(  947):   #21: Window{420796e0 u0 com.android.chrome/com.google.android.apps.chrome.ChromeTabbedActivity}
V/WindowManager(  947):   #22: Window{423ce728 u0 SurfaceView}
V/WindowManager(  947):   #23: Window{42873548 u0 com.android.wallpaper.nexus.NexusWallpaper}
D/PMS     (  947): releaseWL(43173898): SCREEN_BRIGHT_WAKE_LOCK  ON_AFTER_RELEASE WindowManager 0x2000000a
D/PMS     (  947): acquireWL(424f74d0): PARTIAL_WAKE_LOCK  AlarmManager 0x1 947 1000
V/AlarmManager(  947): sending alarm PendingIntent{427a7838: PendingIntentRecord{427a6738 android broadcastIntent}}, i=android.intent.action.TIME_TICK, t=3, cnt=1, w=5762630618, Int=0
D/PMS     (  947): releaseWL(424f74d0): PARTIAL_WAKE_LOCK  AlarmManager 0x1
D/PMS     (  947): acquireWL(424f0928): PARTIAL_WAKE_LOCK  AlarmManager 0x1 947 1000
V/AlarmManager(  947): sending alarm PendingIntent{42862be0: PendingIntentRecord{42862ba8 android broadcastIntent}}, i=com.android.internal.wifi.data-stall, t=3, cnt=1, w=5762630658, Int=0
V/AlarmManager(  947): sending alarm PendingIntent{433d5bd0: PendingIntentRecord{42a618e0 com.google.android.gms broadcastIntent}}, i=null, t=0, cnt=1, w=1416818542338, Int=1800000
D/PMS     (  947): acquireWL(424ea148): PARTIAL_WAKE_LOCK  Event Log Handoff 0x1 9898 10028
I/ActivityManager(  947): Delay finish: com.google.android.gms/.checkin.EventLogService$Receiver
D/PMS     (  947): acquireWL(424cbac8): PARTIAL_WAKE_LOCK  Event Log Service 0x1 9898 10028
D/PMS     (  947): releaseWL(424ea148): PARTIAL_WAKE_LOCK  Event Log Handoff 0x1
I/ActivityManager(  947): Resuming delayed broadcast
D/PMS     (  947): releaseWL(424f0928): PARTIAL_WAKE_LOCK  AlarmManager 0x1
D/PMS     (  947): releaseWL(424cbac8): PARTIAL_WAKE_LOCK  Event Log Service 0x1
D/TelephonyRegistry(  947): This is not dual project
D/TelephonyCallback( 1196): SignalStrength: 1
D/SIGNAL_ICON( 1196): level=1/5
D/StatusBar.NetworkController( 1196): dumpIcon[stat_sys_vzw_lte_dormant stat_sys_5signal_1|null stat_sys_wifi_signal_inandout_4 (gone) F (gone)]
D/TelephonyCallback( 1196): onCellInfoChanged
D/TelephonyCallback( 1196): CellInfo: 552449
D/FEMTOCELL_ICON( 1196): updateFemtocellIcon
D/FEMTOCELL_ICON( 1196): voice nid=6
D/FEMTOCELL_ICON( 1196): data rat=13 sid= cid=552449
D/WIFI_ICON( 1196): WifiActivity: 0
D/StatusBar.NetworkController( 1196): dumpIcon[stat_sys_vzw_lte_dormant stat_sys_5signal_1|null stat_sys_wifi_signal_connected_4 (gone) F (gone)]
D/WIFI_ICON( 1196): WifiActivity: 1
D/StatusBar.NetworkController( 1196): dumpIcon[stat_sys_vzw_lte_dormant stat_sys_5signal_1|null stat_sys_wifi_signal_in_4 (gone) F (gone)]
D/TelephonyCallback( 1196): SignalStrength: 1
D/SIGNAL_ICON( 1196): level=1/5
D/TelephonyRegistry(  947): This is not dual project
D/StatusBar.NetworkController( 1196): dumpIcon[stat_sys_vzw_lte_dormant stat_sys_5signal_1|null stat_sys_wifi_signal_in_4 (gone) F (gone)]
D/TelephonyCallback( 1196): onCellInfoChanged
D/TelephonyCallback( 1196): CellInfo: 552449
D/FEMTOCELL_ICON( 1196): updateFemtocellIcon
D/FEMTOCELL_ICON( 1196): voice nid=6
D/FEMTOCELL_ICON( 1196): data rat=13 sid= cid=552449
D/PMS     (  947): acquireWL(424c4bf0): PARTIAL_WAKE_LOCK  AlarmManager 0x1 947 1000
V/AlarmManager(  947): sending alarm PendingIntent{43b4f3b0: PendingIntentRecord{43250ca8 com.android.vending startService}}, i=null, t=0, cnt=1, w=1416818583318, Int=0
D/PMS     (  947): releaseWL(424c4bf0): PARTIAL_WAKE_LOCK  AlarmManager 0x1
D/WIFI_ICON( 1196): WifiActivity: 0
D/StatusBar.NetworkController( 1196): dumpIcon[stat_sys_vzw_lte_dormant stat_sys_5signal_1|null stat_sys_wifi_signal_connected_4 (gone) F (gone)]
D/InputDispatcher(  947): notify PowerKey:1
I/PMS     (  947): Going to sleep by user request...
V/LightsService(  947): setLight #2: color=#0
D/qdlights(  947): set_light_buttons_func: on=0 brightness=0
W/BatSI   (  947): Couldn't get kernel wake lock stats
V/LightsService(  947): setLight #0: color=#0
D/TelephonyRegistry(  947): This is not dual project
D/TelephonyCallback( 1196): SignalStrength: 1
D/SIGNAL_ICON( 1196): level=1/5
D/StatusBar.NetworkController( 1196): dumpIcon[stat_sys_vzw_lte_dormant stat_sys_5signal_1|null stat_sys_wifi_signal_connected_4 (gone) F (gone)]
D/TelephonyCallback( 1196): onCellInfoChanged
D/TelephonyCallback( 1196): CellInfo: 552449
D/FEMTOCELL_ICON( 1196): updateFemtocellIcon
D/FEMTOCELL_ICON( 1196): voice nid=6
D/FEMTOCELL_ICON( 1196): data rat=13 sid= cid=552449
D/PMS     (  947): nativeSetInteractive:false
D/PMS     (  947): nativeSetInteractive:false done
D/PMS     (  947): nativeSetAutoSuspend:true
D/PMS     (  947): nativeSetAutoSuspend:true done
D/HABCtrl (  947): TPE algorithm. remove timeout.
D/PMS     (  947): OOBE c monitor 11
I/InputMethodManagerService(  947): screenObserver, isScreenOn=false
I/InputMethodManagerService(  947): Disable input method client, pid=20994
D/PMN     (  947): goingToSleep
D/PMS     (  947): acquireWL(41e87f28): PARTIAL_WAKE_LOCK  ActivityManager-Sleep 0x1 947 1000
D/PMS     (  947): acquireWL(41d2ca40): PARTIAL_WAKE_LOCK  NfcService:mRoutingWakeLock 0x1 1423 1027
D/PMS     (  947): releaseWL(41d2ca40): PARTIAL_WAKE_LOCK  NfcService:mRoutingWakeLock 0x1
D/PMS     (  947): acquireWL(430a2cb0): PARTIAL_WAKE_LOCK  show keyguard 0x1 1196 10042
I/InputManager(  947): Cancel all due to getting PMS screen off broadcast
D/PMS     (  947): releaseWL(41e87f28): PARTIAL_WAKE_LOCK  ActivityManager-Sleep 0x1
D/PMS     (  947): acquireWL(42c72e20): PARTIAL_WAKE_LOCK  BatteryServiceUpdateStats_3 0x1 0 0
I/BatteryService(  947): n_update end
D/PMS     (  947): releaseWL(42c72e20): PARTIAL_WAKE_LOCK  BatteryServiceUpdateStats_3 0x1
D/HtcPowerSaver(  947): updateBatteryInfo
D/PMS     (  947): runPSCheck
D/HtcPowerSaver(  947): Checking...
I/HtcPowerSaver(  947): >> updateStatus
I/HtcPowerSaver(  947): updateStatus (8000,55,-1,false,false,false,-1)
I/HtcPowerSaver(  947): << updateStatus
W/AppWidgetService(  947): sendInitialBroadcasts(),set useForground = false
D/PMS     (  947): releaseWL(430a2cb0): PARTIAL_WAKE_LOCK  show keyguard 0x1
D/PowerUI ( 1196): closing low battery warning: level=55
D/PowerUI ( 1196): plugged = true, health = 2, mBatteryLevel = 55, mPluggedBatteryLevel = 52, mLowBatteryWarningLevel2 = 25, mshowLowChargingWarning2 = true
D/AlarmManager(  947): ACTION_SCREEN_OFF
I/AlarmManager(  947): [AlarmQueuing] screen off now: 
I/AlarmManager(  947): [AlarmQueuing] data connection: true
I/AlarmManager(  947): [AlarmQueuing] wifi connection: true
I/ActivityManager(  947): Start proc com.htc.htcpowermanager:remote for broadcast com.htc.htcpowermanager/.smartsync.SmartSyncDataLinkTurnOffReceiver: pid=14136 uid=1000 gids={41000, 5006, 5001, 3006, 1028, 1015, 3002, 3001, 3003, 5012, 9985, 1023, 5011, 1007}
D/PMS     (  947): acquireWL(4255a7e8): PARTIAL_WAKE_LOCK  WifiSuspend 0x1 947 1000
D/PMS     (  947): releaseWL(4255a7e8): PARTIAL_WAKE_LOCK  WifiSuspend 0x1
D/NetworkPolicy(  947): updateScreenOn: false
D/WifiService(  947): New client listening to asynchronous messages
D/PMS     (  947): acquireWL(42059878): PARTIAL_WAKE_LOCK  Wakeful StateMachine: GeofencerStateMachine 0x1 19430 10028
D/PMS     (  947): releaseWL(42059878): PARTIAL_WAKE_LOCK  Wakeful StateMachine: GeofencerStateMachine 0x1
D/PMS     (  947): acquireWL(4311d9f0): PARTIAL_WAKE_LOCK  GCoreFlp 0x1 19430 10028
D/PMS     (  947): acquireWL(42fe0028): PARTIAL_WAKE_LOCK  SmartSyncScreenOnOffTimeReceiver_3 0x1 14136 1000
D/PMS     (  947): releaseWL(4311d9f0): PARTIAL_WAKE_LOCK  GCoreFlp 0x1
W/ContextImpl(  947): Calling a method in the system process without a qualified user: android.app.ContextImpl.stopService:1741 android.content.ContextWrapper.stopService:506 android.content.ContextWrapper.stopService:506 com.htc.smartdim.SystemIntentReceiver.onReceive:123 android.app.ActivityThread.handleReceiver:2833 
D/PMS     (  947): releaseWL(42fe0028): PARTIAL_WAKE_LOCK  SmartSyncScreenOnOffTimeReceiver_3 0x1
--------- beginning of /dev/log/main
W/SensorService(  947): Listener[472] = Thread[Thread-127372,5,main]
W/SensorService(  947): Listener[473] = Thread[Thread-127446,5,main]
W/SensorService(  947): Listener[474] = Thread[Thread-127556,5,main]
W/SensorService(  947): Listener[475] = Thread[Thread-127682,5,main]
W/SensorService(  947): Listener[476] = Thread[Thread-127757,5,main]
W/SensorService(  947): Listener[477] = Thread[Thread-127820,5,main]
W/SensorService(  947): Listener[478] = Thread[Thread-127890,5,main]
W/SensorService(  947): Listener[479] = Thread[Thread-127984,5,main]
W/SensorService(  947): Listener[480] = Thread[Thread-128065,5,main]
W/SensorService(  947): Listener[481] = Thread[Thread-128252,5,main]
W/SensorService(  947): Listener[482] = Thread[Thread-128488,5,main]
W/SensorService(  947): Listener[483] = Thread[Thread-128595,5,main]
W/SensorService(  947): Listener[484] = Thread[Thread-129437,5,main]
W/SensorService(  947): Listener[485] = Thread[Thread-129536,5,main]
W/SensorService(  947): Listener[486] = Thread[Thread-129548,5,main]
W/SensorService(  947): Listener[487] = Thread[Thread-129605,5,main]
W/SensorService(  947): Listener[488] = Thread[Thread-129683,5,main]
W/SensorService(  947): Listener[489] = Thread[Thread-129760,5,main]
W/SensorService(  947): Listener[490] = Thread[Thread-129809,5,main]
W/SensorService(  947): Listener[491] = Thread[Thread-129873,5,main]
W/SensorService(  947): Listener[492] = Thread[Thread-129974,5,main]
W/SensorService(  947): Listener[493] = Thread[Thread-130013,5,main]
W/SensorService(  947): Listener[494] = Thread[Thread-130055,5,main]
W/SensorService(  947): Listener[495] = Thread[Thread-130094,5,main]
W/SensorService(  947): Listener[496] = Thread[Thread-130097,5,main]
W/SensorService(  947): Listener[497] = Thread[Thread-130109,5,main]
W/SensorService(  947): Listener[498] = Thread[Thread-130142,5,main]
W/SensorService(  947): Listener[499] = Thread[Thread-130208,5,main]
W/SensorService(  947): Listener[500] = Thread[Thread-130788,5,main]
W/SensorService(  947): Listener[501] = Thread[Thread-132505,5,main]
W/SensorService(  947): Listener[502] = Thread[Thread-132641,5,main]
W/SensorService(  947): Listener[503] = Thread[Thread-132696,5,main]
W/SensorService(  947): Listener[504] = Thread[Thread-132764,5,main]
W/SensorService(  947): Listener[505] = Thread[Thread-132809,5,main]
W/SensorService(  947): Listener[506] = Thread[Thread-132839,5,main]
W/SensorService(  947): Listener[507] = Thread[Thread-132929,5,main]
W/SensorService(  947): Listener[508] = Thread[Thread-133022,5,main]
W/SensorService(  947): Listener[509] = Thread[Thread-133079,5,main]
W/SensorService(  947): Listener[510] = Thread[Thread-133120,5,main]
W/SensorService(  947): Listener[511] = Thread[Thread-133214,5,main]
W/SensorService(  947): Listener[512] = Thread[Thread-133250,5,main]
W/SensorService(  947): Listener[513] = Thread[Thread-133268,5,main]
W/SensorService(  947): Listener[514] = Thread[Thread-133305,5,main]
W/SensorService(  947): Listener[515] = Thread[Thread-133360,5,main]
W/SensorService(  947): Listener[516] = Thread[Thread-133381,5,main]
W/SensorService(  947): Listener[517] = Thread[Thread-133451,5,main]
W/SensorService(  947): Listener[518] = Thread[Thread-133553,5,main]
W/SensorService(  947): Listener[519] = Thread[Thread-133602,5,main]
W/SensorService(  947): Listener[520] = Thread[Thread-133650,5,main]
W/SensorService(  947): Listener[521] = Thread[Thread-134168,5,main]
W/SensorService(  947): Listener[522] = Thread[Thread-134252,5,main]
W/SensorService(  947): Listener[523] = Thread[Thread-134369,5,main]
W/SensorService(  947): Listener[524] = Thread[Thread-134423,5,main]
W/SensorService(  947): Listener[525] = Thread[Thread-134579,5,main]
W/SensorService(  947): Listener[526] = Thread[Thread-134669,5,main]
W/SensorService(  947): Listener[527] = Thread[Thread-134825,5,main]
W/SensorService(  947): Listener[528] = Thread[Thread-134883,5,main]
W/SensorService(  947): Listener[529] = Thread[Thread-134948,5,main]
W/SensorService(  947): Listener[530] = Thread[Thread-135031,5,main]
W/SensorService(  947): Listener[531] = Thread[Thread-135583,5,main]
W/SensorService(  947): Listener[532] = Thread[Thread-137330,5,main]
W/SensorService(  947): Listener[533] = Thread[Thread-137486,5,main]
W/SensorService(  947): Listener[534] = Thread[Thread-137576,5,main]
W/SensorService(  947): Listener[535] = Thread[Thread-138043,5,main]
W/SensorService(  947): Listener[536] = Thread[Thread-163652,5,main]
W/SensorService(  947): Listener[537] = Thread[Thread-163721,5,main]
W/SensorService(  947): Listener[538] = Thread[Thread-163790,5,main]
W/SensorService(  947): Listener[539] = Thread[Thread-163847,5,main]
W/SensorService(  947): Listener[540] = Thread[Thread-163895,5,main]
W/SensorService(  947): Listener[541] = Thread[Thread-164408,5,main]
W/SensorService(  947): Listener[542] = Thread[Thread-164480,5,main]
W/SensorService(  947): Listener[543] = Thread[Thread-164537,5,main]
W/SensorService(  947): Listener[544] = Thread[Thread-164615,5,main]
W/SensorService(  947): Listener[545] = Thread[Thread-164645,5,main]
W/SensorService(  947): Listener[546] = Thread[Thread-164648,5,main]
W/SensorService(  947): Listener[547] = Thread[Thread-164780,5,main]
W/SensorService(  947): Listener[548] = Thread[Thread-164819,5,main]
W/SensorService(  947): Listener[549] = Thread[Thread-164824,5,main]
W/SensorService(  947): Listener[550] = Thread[Thread-164834,5,main]
W/SensorService(  947): Listener[551] = Thread[Thread-164903,5,main]
W/SensorService(  947): Listener[552] = Thread[Thread-164945,5,main]
W/SensorService(  947): Listener[553] = Thread[Thread-164957,5,main]
W/SensorService(  947): Listener[554] = Thread[Thread-164996,5,main]
W/SensorService(  947): Listener[555] = Thread[Thread-165089,5,main]
W/SensorService(  947): Listener[556] = Thread[Thread-165131,5,main]
W/SensorService(  947): Listener[557] = Thread[Thread-165180,5,main]
W/SensorService(  947): Listener[558] = Thread[Thread-165421,5,main]
W/SensorService(  947): Listener[559] = Thread[Thread-166055,5,main]
W/SensorService(  947): Listener[560] = Thread[Thread-166130,5,main]
W/SensorService(  947): Listener[561] = Thread[Thread-166157,5,main]
W/SensorService(  947): Listener[562] = Thread[Thread-166160,5,main]
W/SensorService(  947): Listener[563] = Thread[Thread-166163,5,main]
W/SensorService(  947): Listener[564] = Thread[Thread-166172,5,main]
W/SensorService(  947): Listener[565] = Thread[Thread-166214,5,main]
W/SensorService(  947): Listener[566] = Thread[Thread-166274,5,main]
W/SensorService(  947): Listener[567] = Thread[Thread-166301,5,main]
W/SensorService(  947): Listener[568] = Thread[Thread-166323,5,main]
W/SensorService(  947): Listener[569] = Thread[Thread-166392,5,main]
W/SensorService(  947): Listener[570] = Thread[Thread-166457,5,main]
W/SensorService(  947): Listener[571] = Thread[Thread-173797,5,main]
W/SensorService(  947): void android::SensorService::listenerSensor(const char*, int32_t)--:
W/SensorService(  947): Following SensorService logs are not warning, just make sure they are printed
W/SensorService(  947): disable: get sensor name = CM36282 Proximity sensor
D/CwMcuSensor(  947): CwMcuSensor::setEnable: debug.sensorhal.fill.block= 0
D/CwMcuSensor(  947): CwMcuSensor::setEnable: [v10-Add support for LS polling mechanism], handle = 4, en = 0, what = 4
W/SensorService(  947): pid=947, uid=1000
W/SensorService(  947): Active sensors: size = 1
W/SensorService(  947): Significant Motion (handle=0x00000011, connections=1)
W/SensorService(  947): SensorService::listenerSensor++: mName = com.htc.smartdim.sensor_eye@425aca98, eanble = 0, strlen(mName) = 36
W/SensorService(  947): Active Listeners: mActiveListeners.size() = 572
W/SensorService(  947): Listener[0] = com.badlogic.gdx.backends.android.AndroidInput$SensorListener@428c6750
W/SensorService(  947): Listener[1] = com.badlogic.gdx.backends.android.AndroidInput$SensorListener@4290ffe8
W/SensorService(  947): Listener[2] = com.nianticproject.ingress.k.z@41dc3cc8
W/SensorService(  947): Listener[3] = com.actionvibrationequipment.testrecorder.MainActivity@41b35f80
W/SensorService(  947): Listener[4] = com.actionvibrationequipment.testrecorder.MainActivity@41b370b8
W/SensorService(  947): Listener[5] = com.actionvibrationequipment.testrecorder.MainActivity@4209a370
W/SensorService(  947): Listener[6] = com.actionvibrationequipment.testrecorder.MainActivity@41cb0aa8
W/SensorService(  947): Listener[7] = com.actionvibrationequipment.testrecorder.MainActivity@41b3a0b8
W/SensorService(  947): Listener[8] = com.actionvibrationequipment.testrecorder.MainActivity@41bb0e28
W/SensorService(  947): Listener[9] = com.actionvibrationequipment.testrecorder.MainActivity@41b33608
W/SensorService(  947): Listener[10] = com.actionvibrationequipment.testrecorder.MainActivity@41be4020
W/SensorService(  947): Listener[11] = com.actionvibrationequipment.testrecorder.MainActivity@41b39408
W/SensorService(  947): Listener[12] = com.actionvibrationequipment.testrecorder.MainActivity@41b39318
W/SensorService(  947): Listener[13] = com.actionvibrationequipment.testrecorder.MainActivity@41b3c0e8
W/SensorService(  947): Listener[14] = com.actionvibrationequipment.testrecorder.MainActivity@41b371b0
W/SensorService(  947): Listener[15] = com.actionvibrationequipment.testrecorder.MainActivity@41b32800
W/SensorService(  947): Listener[16] = Thread[Thread-63845,5,main]
W/SensorService(  947): Listener[17] = Thread[Thread-63936,5,main]
W/SensorService(  947): Listener[18] = Thread[Thread-64004,5,main]
W/SensorService(  947): Listener[19] = Thread[Thread-64082,5,main]
W/SensorService(  947): Listener[20] = Thread[Thread-64128,5,main]
W/SensorService(  947): Listener[21] = Thread[Thread-64266,5,main]
W/SensorService(  947): Listener[22] = Thread[Thread-64313,5,main]
W/SensorService(  947): Listener[23] = Thread[Thread-64322,5,main]
W/SensorService(  947): Listener[24] = Thread[Thread-64338,5,main]
W/SensorService(  947): Listener[25] = Thread[Thread-64358,5,main]
W/SensorService(  947): Listener[26] = Thread[Thread-64376,5,main]
W/SensorService(  947): Listener[27] = Thread[Thread-64397,5,main]
W/SensorService(  947): Listener[28] = Thread[Thread-64416,5,main]
W/SensorService(  947): Listener[29] = Thread[Thread-64475,5,main]
W/SensorService(  947): Listener[30] = Thread[Thread-64530,5,main]
W/SensorService(  947): Listener[31] = Thread[Thread-64628,5,main]
W/SensorService(  947): Listener[32] = Thread[Thread-64664,5,main]
W/SensorService(  947): Listener[33] = Thread[Thread-64677,5,main]
W/SensorService(  947): Listener[34] = Thread[Thread-64713,5,main]
W/SensorService(  947): Listener[35] = Thread[Thread-64776,5,main]
W/SensorService(  947): Listener[36] = Thread[Thread-64865,5,main]
W/SensorService(  947): Listener[37] = Thread[Thread-64992,5,main]
W/SensorService(  947): Listener[38] = Thread[Thread-65048,5,main]
W/SensorService(  947): Listener[39] = Thread[Thread-65119,5,main]
W/SensorService(  947): Listener[40] = Thread[Thread-65224,5,main]
W/SensorService(  947): Listener[41] = Thread[Thread-65682,5,main]
W/SensorService(  947): Listener[42] = Thread[Thread-65770,5,main]
W/SensorService(  947): Listener[43] = Thread[Thread-65856,5,main]
W/SensorService(  947): Listener[44] = Thread[Thread-65953,5,main]
W/SensorService(  947): Listener[45] = Thread[Thread-66215,5,main]
W/SensorService(  947): Listener[46] = Thread[Thread-66296,5,main]
W/SensorService(  947): Listener[47] = Thread[Thread-66518,5,main]
W/SensorService(  947): Listener[48] = Thread[Thread-66602,5,main]
W/SensorService(  947): Listener[49] = Thread[Thread-66645,5,main]
W/SensorService(  947): Listener[50] = Thread[Thread-66693,5,main]
W/SensorService(  947): Listener[51] = Thread[Thread-66740,5,main]
W/SensorService(  947): Listener[52] = Thread[Thread-66792,5,main]
W/SensorService(  947): Listener[53] = Thread[Thread-66813,5,main]
W/SensorService(  947): Listener[54] = Thread[Thread-66855,5,main]
W/SensorService(  947): Listener[55] = Thread[Thread-66891,5,main]
W/SensorService(  947): Listener[56] = Thread[Thread-66932,5,main]
W/SensorService(  947): Listener[57] = Thread[Thread-66992,5,main]
W/SensorService(  947): Listener[58] = Thread[Thread-67047,5,main]
W/SensorService(  947): Listener[59] = Thread[Thread-67084,5,main]
W/SensorService(  947): Listener[60] = Thread[Thread-67202,5,main]
W/SensorService(  947): Listener[61] = Thread[Thread-67280,5,main]
W/SensorService(  947): Listener[62] = Thread[Thread-67326,5,main]
W/SensorService(  947): Listener[63] = Thread[Thread-67434,5,main]
W/SensorService(  947): Listener[64] = Thread[Thread-67488,5,main]
W/SensorService(  947): Listener[65] = Thread[Thread-67580,5,main]
W/SensorService(  947): Listener[66] = Thread[Thread-67661,5,main]
W/SensorService(  947): Listener[67] = Thread[Thread-67829,5,main]
W/SensorService(  947): Listener[68] = Thread[Thread-67913,5,main]
W/SensorService(  947): Listener[69] = Thread[Thread-67985,5,main]
W/SensorService(  947): Listener[70] = Thread[Thread-68045,5,main]
W/SensorService(  947): Listener[71] = Thread[Thread-68121,5,main]
W/SensorService(  947): Listener[72] = Thread[Thread-68243,5,main]
W/SensorService(  947): Listener[73] = Thread[Thread-68492,5,main]
W/SensorService(  947): Listener[74] = Thread[Thread-73186,5,main]
W/SensorService(  947): Listener[75] = Thread[Thread-73284,5,main]
W/SensorService(  947): Listener[76] = Thread[Thread-73394,5,main]
W/SensorService(  947): Listener[77] = Thread[Thread-73442,5,main]
W/SensorService(  947): Listener[78] = Thread[Thread-73456,5,main]
W/SensorService(  947): Listener[79] = Thread[Thread-73553,5,main]
W/SensorService(  947): Listener[80] = Thread[Thread-73653,5,main]
W/SensorService(  947): Listener[81] = Thread[Thread-73762,5,main]
W/SensorService(  947): Listener[82] = Thread[Thread-74481,5,main]
W/SensorService(  947): Listener[83] = Thread[Thread-74559,5,main]
W/SensorService(  947): Listener[84] = Thread[Thread-74770,5,main]
W/SensorService(  947): Listener[85] = Thread[Thread-74847,5,main]
W/SensorService(  947): Listener[86] = Thread[Thread-75003,5,main]
W/SensorService(  947): Listener[87] = Thread[Thread-75104,5,main]
W/SensorService(  947): Listener[88] = Thread[Thread-75155,5,main]
W/SensorService(  947): Listener[89] = Thread[Thread-75182,5,main]
W/SensorService(  947): Listener[90] = Thread[Thread-75197,5,main]
W/SensorService(  947): Listener[91] = Thread[Thread-75272,5,main]
W/SensorService(  947): Listener[92] = Thread[Thread-75297,5,main]
W/SensorService(  947): Listener[93] = Thread[Thread-75318,5,main]
W/SensorService(  947): Listener[94] = Thread[Thread-75365,5,main]
W/SensorService(  947): Listener[95] = Thread[Thread-75369,5,main]
W/SensorService(  947): Listener[96] = Thread[Thread-75386,5,main]
W/SensorService(  947): Listener[97] = Thread[Thread-75428,5,main]
W/SensorService(  947): Listener[98] = Thread[Thread-75449,5,main]
W/SensorService(  947): Listener[99] = Thread[Thread-75498,5,main]
