D/WifiDisplayAdapter(  947): getWifiDisplayStatusLocked: result=WifiDisplayStatus{featureState=3, scanState=0, activeDisplayState=0, activeDisplay=null, displays=[], sessionInfo=WifiDisplaySessionInfo:
D/WifiDisplayAdapter(  947):     Client/Owner: Client
D/WifiDisplayAdapter(  947):     GroupId: 
D/WifiDisplayAdapter(  947):     Passphrase: 
D/WifiDisplayAdapter(  947):     SessionId: 0
D/WifiDisplayAdapter(  947):     IP Address: }
D/MediaRouterService(  947): Client com.google.android.googlequicksearchbox (pid 10367): Registered
D/WifiDisplayAdapter(  947): getWifiDisplayStatusLocked: result=WifiDisplayStatus{featureState=3, scanState=0, activeDisplayState=0, activeDisplay=null, displays=[], sessionInfo=WifiDisplaySessionInfo:
D/WifiDisplayAdapter(  947):     Client/Owner: Client
D/WifiDisplayAdapter(  947):     GroupId: 
D/WifiDisplayAdapter(  947):     Passphrase: 
D/WifiDisplayAdapter(  947):     SessionId: 0
D/WifiDisplayAdapter(  947):     IP Address: }
D/MediaRouterService(  947): Client com.google.android.googlequicksearchbox (pid 10367): Set discovery request, routeTypes=0x800000, activeScan=true
I/MediaRouterService(  947): UpdateDiscoveryRequest.
I/ActivityManager(  947): Start proc com.google.android.youtube for service com.google.android.youtube/.app.remote.YouTubeTvRouteProviderService: pid=12762 uid=10203 gids={50203, 3003, 5012, 1028, 1015}
W/ActivityManager(  947): Permission Denial: Accessing service ComponentInfo{com.google.android.music/com.google.android.music.dial.DialMediaRouteProviderService} from pid=10367, uid=10092 that is not exported from uid 10180
D/WifiService(  947): @onServiceStateChanged: 0 0 home Verizon Wireless  3107  1xRTT LTE CSS supported 6 6 RoamInd=0 DefRoamInd=0EriInd= 1EriMode= 0RadioPowerSv: false EmergOnly=false PhoneType: 2 VoiceRoaming: false DataRoaming: false IMSRegState: -1
D/WifiService(  947): MCC after camp network: 310
D/WifiService(  947): WIFI_COUNTRY_CODE set to us after camp network
I/WifiService(  947): WifiService trying to set country code to us with persist set to true
D/TelephonyCallback( 1196): ServiceState: 0 CDMA - 1xRTT 0 LTE 1 2
D/StatusBar.NetworkController( 1196): dumpState[0 0 0 13 false UNKNOWN 13]
D/TelephonyRegistry(  947): This is not dual project
D/SIGNAL_ICON( 1196): level=1/5
D/SIM_ICON( 1196): slot: SIM
D/SIM_ICON( 1196): slot: null
D/FEMTOCELL_ICON( 1196): updateFemtocellIcon
D/FEMTOCELL_ICON( 1196): voice nid=6
D/FEMTOCELL_ICON( 1196): data rat=13 sid= cid=552449
D/StatusBar.NetworkController( 1196): dumpIcon[stat_sys_vzw_lte_dormant stat_sys_5signal_1|null stat_sys_wifi_signal_connected_4 (gone) F (gone)]
D/TelephonyCallback( 1196): onCellInfoChanged
D/TelephonyCallback( 1196): CellInfo: 552449
D/FEMTOCELL_ICON( 1196): updateFemtocellIcon
D/FEMTOCELL_ICON( 1196): voice nid=6
D/FEMTOCELL_ICON( 1196): data rat=13 sid= cid=552449
D/CarrierLabel( 1196): ---------- mIntentReceiver : android.provider.Telephony.SPN_STRINGS_UPDATED
D/CarrierLabel( 1196): mServiceStatus : 0
D/CarrierLabel( 1196): updateNetworkNameExt(), mServiceStatus = 0
W/CarrierLabel( 1196): updateNetworkNameExt: mSimState = UNKNOWN
D/CarrierLabel( 1196): updateNetworkName showSpn=false spn= showPlmn=true plmn=Verizon Wireless
D/WifiService(  947): New client listening to asynchronous messages
W/Vold    (  372): Returning OperationFailed - no handler for errno 30
D/WifiP2pService(  947): InactiveState{ when=0 what=143376 obj=US target=com.android.internal.util.StateMachine$SmHandler }
D/WifiP2pService(  947): P2pEnabledState{ when=0 what=143376 obj=US target=com.android.internal.util.StateMachine$SmHandler }
D/WifiDisplayAdapter(  947): getWifiDisplayStatusLocked: result=WifiDisplayStatus{featureState=3, scanState=0, activeDisplayState=0, activeDisplay=null, displays=[], sessionInfo=WifiDisplaySessionInfo:
D/WifiDisplayAdapter(  947):     Client/Owner: Client
D/WifiDisplayAdapter(  947):     GroupId: 
D/WifiDisplayAdapter(  947):     Passphrase: 
D/WifiDisplayAdapter(  947):     SessionId: 0
D/WifiDisplayAdapter(  947):     IP Address: }
D/MediaRouterService(  947): Client com.google.android.youtube (pid 12762): Registered
D/WifiDisplayAdapter(  947): getWifiDisplayStatusLocked: result=WifiDisplayStatus{featureState=3, scanState=0, activeDisplayState=0, activeDisplay=null, displays=[], sessionInfo=WifiDisplaySessionInfo:
D/WifiDisplayAdapter(  947):     Client/Owner: Client
D/WifiDisplayAdapter(  947):     GroupId: 
D/WifiDisplayAdapter(  947):     Passphrase: 
D/WifiDisplayAdapter(  947):     SessionId: 0
D/WifiDisplayAdapter(  947):     IP Address: }
W/Vold    (  372): Returning OperationFailed - no handler for errno 30
W/Vold    (  372): Returning OperationFailed - no handler for errno 30
W/Vold    (  372): Returning OperationFailed - no handler for errno 30
W/Vold    (  372): Returning OperationFailed - no handler for errno 30
W/Vold    (  372): Returning OperationFailed - no handler for errno 30
W/Vold    (  372): Returning OperationFailed - no handler for errno 30
W/Vold    (  372): Returning OperationFailed - no handler for errno 30
W/Vold    (  372): Returning OperationFailed - no handler for errno 30
W/Vold    (  372): Returning OperationFailed - no handler for errno 30
W/Vold    (  372): Returning OperationFailed - no handler for errno 30
W/Vold    (  372): Returning OperationFailed - no handler for errno 30
W/ContextImpl(  947): Calling a method in the system process without a qualified user: android.app.ContextImpl.sendBroadcast:1379 android.net.wifi.WifiStateMachine.sendDongleScanResultsAvailableBroadcast:5750 android.net.wifi.WifiStateMachine.handleMediaLinkEvent:5912 android.net.wifi.WifiStateMachine.access$5700:243 android.net.wifi.WifiStateMachine$SupplicantStartedState.processMessage:7082 
D/WifiStateMachine(  947): 0: scan result = SSID: , BSSID: 00:00:00:00:00:00, capabilities: [WEP][ESS], level: -92, frequency: 2422, timestamp: 5065763413853, distance: ?(cm), distanceSd: ?(cm)
D/WifiStateMachine(  947): 1: scan result = SSID: CBZQH, BSSID: 00:24:7b:94:1a:f1, capabilities: [WPA-PSK-CCMP][WPA2-PSK-CCMP][ESS], level: -48, frequency: 2437, timestamp: 5762196959837, distance: ?(cm), distanceSd: ?(cm)
D/WifiStateMachine(  947): add 2 to mScanResults
D/PMS     (  947): acquireWL(42530990): PARTIAL_WAKE_LOCK  NlpWakeLock 0x1 19430 10028
D/PMS     (  947): acquireWL(4246acd0): PARTIAL_WAKE_LOCK  NlpWakeLock 0x1 19430 10028
D/PMS     (  947): releaseWL(42530990): PARTIAL_WAKE_LOCK  NlpWakeLock 0x1
D/PMS     (  947): releaseWL(4246acd0): PARTIAL_WAKE_LOCK  NlpWakeLock 0x1
D/PMS     (  947): acquireWL(42143618): PARTIAL_WAKE_LOCK  NlpWakeLock 0x1 19430 10028
D/PMS     (  947): acquireWL(41e4bf98): PARTIAL_WAKE_LOCK  GCoreFlp 0x1 19430 10028
D/PMS     (  947): releaseWL(42143618): PARTIAL_WAKE_LOCK  NlpWakeLock 0x1
D/WifiService(  947): releaseWifiLockLocked: WifiLock{NlpWifiLock type=2 binder=android.os.BinderProxy@429a40c0}
D/PMS     (  947): releaseWL(429e2090): PARTIAL_WAKE_LOCK  NlpWakeLock 0x1
D/PMS     (  947): acquireWL(42940f60): PARTIAL_WAKE_LOCK  GCoreFlp 0x1 19430 10028
D/PMS     (  947): acquireWL(4287f158): PARTIAL_WAKE_LOCK  GCoreFlp 0x1 19430 10028
D/PMS     (  947): releaseWL(42940f60): PARTIAL_WAKE_LOCK  GCoreFlp 0x1
D/PMS     (  947): releaseWL(4287f158): PARTIAL_WAKE_LOCK  GCoreFlp 0x1
D/PMS     (  947): releaseWL(41e4bf98): PARTIAL_WAKE_LOCK  GCoreFlp 0x1
D/PMS     (  947): acquireWL(42777d78): PARTIAL_WAKE_LOCK  UlrDispatchingService 0x1 19430 10028
D/PMS     (  947): acquireWL(426d2048): PARTIAL_WAKE_LOCK  LocationManagerService 0x1 947 1000
D/PMS     (  947): acquireWL(4261e368): PARTIAL_WAKE_LOCK  LocationManagerService 0x1 947 1000
D/PMS     (  947): acquireWL(4252c930): PARTIAL_WAKE_LOCK  LocationManagerService 0x1 947 1000
D/PMS     (  947): acquireWL(424c93b0): PARTIAL_WAKE_LOCK  LocationManagerService 0x1 947 1000
D/PMS     (  947): acquireWL(4244a060): PARTIAL_WAKE_LOCK  LocationManagerService 0x1 947 1000
D/PMS     (  947): releaseWL(426d2048): PARTIAL_WAKE_LOCK  LocationManagerService 0x1
D/PMS     (  947): releaseWL(4252c930): PARTIAL_WAKE_LOCK  LocationManagerService 0x1
D/PMS     (  947): releaseWL(424c93b0): PARTIAL_WAKE_LOCK  LocationManagerService 0x1
D/PMS     (  947): releaseWL(4261e368): PARTIAL_WAKE_LOCK  LocationManagerService 0x1
D/PMS     (  947): releaseWL(4244a060): PARTIAL_WAKE_LOCK  LocationManagerService 0x1
D/PMS     (  947): releaseWL(42777d78): PARTIAL_WAKE_LOCK  UlrDispatchingService 0x1
D/PMS     (  947): acquireWL(42736610): PARTIAL_WAKE_LOCK  Wakeful StateMachine: GeofencerStateMachine 0x1 19430 10028
V/NotificationService(  947): batLight: plugged
V/LightsService(  947): setLight #8: color=#c8c800
D/qdlights(  947): set_color_led color=13158400, mode=255, off_min=0, off_sec=0
D/qdlights(  947): [LedInfo] without indicator attribute, red:c80000, green:c800, blue:0
V/LightsService(  947): setLight #8: color=#c80000
D/qdlights(  947): set_color_led color=13107200, mode=1, off_min=0, off_sec=0
D/qdlights(  947): [LedInfo] without indicator attribute, red:c80000, green:0, blue:0
D/qdlights(  947): [LedInfo] write attr ok name=/sys/class/leds/amber/brightness string=1,len=1
D/qdlights(  947): [LedInfo] write attr ok name=/sys/class/leds/amber/blink string=0,len=1
D/qdlights(  947): [LedInfo] write attr ok name=/sys/class/leds/amber/off_timer string=0 0,len=3
D/qdlights(  947): [LedInfo] write attr ok name=/sys/class/leds/green/brightness string=0,len=1
D/qdlights(  947): [LedInfo] write attr ok name=/sys/class/leds/green/blink string=0,len=1
D/qdlights(  947): [LedInfo] write attr ok name=/sys/class/leds/green/off_timer string=0 0,len=3
D/PMS     (  947): releaseWL(42736610): PARTIAL_WAKE_LOCK  Wakeful StateMachine: GeofencerStateMachine 0x1
W/InputMethodInfo(  947): Duplicated subtype definition found: , voice
D/PMS     (  947): acquireWL(42d6fb38): PARTIAL_WAKE_LOCK  NotificationRefresh_wakelock 0x1 10367 10092
D/PMS     (  947): releaseWL(42d6fb38): PARTIAL_WAKE_LOCK  NotificationRefresh_wakelock 0x1
D/PMS     (  947): releaseWL(428359b8): PARTIAL_WAKE_LOCK  EntriesRefresh_wakelock 0x1
D/PMS     (  947): acquireWL(42dc51f0): PARTIAL_WAKE_LOCK  *net_scheduler* 0x1 13664 10028
D/PMS     (  947): releaseWL(42dc51f0): PARTIAL_WAKE_LOCK  *net_scheduler* 0x1
D/MediaRouterService(  947): Client com.google.android.googlequicksearchbox (pid 10367): Set discovery request, routeTypes=0x0, activeScan=false
I/MediaRouterService(  947): UpdateDiscoveryRequest.
D/PMS     (  947): acquireWL(42db7150): PARTIAL_WAKE_LOCK  AlarmManager 0x1 947 1000
W/BroadcastQueue(  947): Permission Denial: broadcasting Intent { act=com.amazon.venezia.notification.FLUSH_NOTIFICATION_CACHE flg=0x14 (has extras) } from com.amazon.mShop.android (pid=-1, uid=10196) is not exported from uid 10084 due to receiver com.amazon.venezia/.notification.NotificationEventReceiver
V/AlarmManager(  947): sending alarm PendingIntent{426a7ad8: PendingIntentRecord{42d15778 com.amazon.mShop.android broadcastIntent}}, i=com.amazon.venezia.notification.FLUSH_NOTIFICATION_CACHE, t=3, cnt=1, w=5762201234, Int=0
D/PMS     (  947): releaseWL(42db7150): PARTIAL_WAKE_LOCK  AlarmManager 0x1
D/PMS     (  947): acquireWL(42c69ce8): PARTIAL_WAKE_LOCK  AlarmManager 0x1 947 1000
V/AlarmManager(  947): sending alarm PendingIntent{427a7838: PendingIntentRecord{427a6738 android broadcastIntent}}, i=android.intent.action.TIME_TICK, t=3, cnt=1, w=5762210618, Int=0
D/PMS     (  947): releaseWL(42c69ce8): PARTIAL_WAKE_LOCK  AlarmManager 0x1
D/PMS     (  947): acquireWL(42b4e7b0): PARTIAL_WAKE_LOCK  GCM_CONN 0x1 13664 10028
D/ConnectivityService(  947): getPackageNamebyPID : 4 package(s) in process com.google.process.gapps, return package name=com.google.android.syncadapters.contacts
D/ConnectivityService(  947): reportInetCondition for net 1, percentage: 100 by com.google.android.syncadapters.contacts (13664/10028)
D/ConnectivityService(  947): handleInetConditionChange: net=1, condition=100,mActiveDefaultNetwork=1
D/ConnectivityService(  947): handleInetConditionChange: starting a change hold
D/PMS     (  947): acquireWL(4352a478): PARTIAL_WAKE_LOCK  GOOGLE_C2DM 0x1 13664 10028
D/PMS     (  947): releaseWL(42b4e7b0): PARTIAL_WAKE_LOCK  GCM_CONN 0x1
D/PMS     (  947): acquireWL(4341df10): PARTIAL_WAKE_LOCK  GCM_CONN 0x1 13664 10028
D/PMS     (  947): acquireWL(43592e08): PARTIAL_WAKE_LOCK  GCM_LIB 0x1 13664 10028
D/PMS     (  947): acquireWL(433528c8): PARTIAL_WAKE_LOCK  *net_scheduler* 0x1 13664 10028
D/ConnectivityService(  947): getPackageNamebyPID : 4 package(s) in process com.google.process.gapps, return package name=com.google.android.syncadapters.contacts
D/ConnectivityService(  947): reportInetCondition for net 1, percentage: 100 by com.google.android.syncadapters.contacts (13664/10028)
D/ConnectivityService(  947): handleInetConditionChange: net=1, condition=100,mActiveDefaultNetwork=1
D/ConnectivityService(  947): handleInetConditionChange: currently in hold - not setting new end evt
D/PMS     (  947): releaseWL(433528c8): PARTIAL_WAKE_LOCK  *net_scheduler* 0x1
D/PMS     (  947): releaseWL(4341df10): PARTIAL_WAKE_LOCK  GCM_CONN 0x1
D/PMS     (  947): acquireWL(42a3e4f0): PARTIAL_WAKE_LOCK  *net_scheduler* 0x1 13664 10028
D/PMS     (  947): releaseWL(42a3e4f0): PARTIAL_WAKE_LOCK  *net_scheduler* 0x1
D/PMS     (  947): releaseWL(4352a478): PARTIAL_WAKE_LOCK  GOOGLE_C2DM 0x1
D/PMS     (  947): acquireWL(432fba68): PARTIAL_WAKE_LOCK  SyncLoopWakeLock 0x1 947 1000
D/PMS     (  947): releaseWL(43592e08): PARTIAL_WAKE_LOCK  GCM_LIB 0x1
D/PMS     (  947): acquireWL(430669c8): PARTIAL_WAKE_LOCK  *sync*/gmail-ls/com.google/***** 0x1 947 1000
I/ActivityManager(  947): Start proc com.google.android.gm for service com.google.android.gm/.provider.MailSyncAdapterService: pid=12937 uid=10123 gids={50123, 3003, 5012, 1028, 1015}
D/PMS     (  947): acquireWL(42e93f60): PARTIAL_WAKE_LOCK  *sync*/com.google.android.apps.bigtop.provider.bigtopprovider/com.google/***** 0x1 947 1000
D/PMS     (  947): releaseWL(432fba68): PARTIAL_WAKE_LOCK  SyncLoopWakeLock 0x1
D/PMS     (  947): acquireWL(4235d0d0): PARTIAL_WAKE_LOCK  SyncLoopWakeLock 0x1 947 1000
D/PMS     (  947): releaseWL(4235d0d0): PARTIAL_WAKE_LOCK  SyncLoopWakeLock 0x1
D/PMS     (  947): acquireWL(43ecefe0): PARTIAL_WAKE_LOCK  SyncLoopWakeLock 0x1 947 1000
D/PMS     (  947): releaseWL(43ecefe0): PARTIAL_WAKE_LOCK  SyncLoopWakeLock 0x1
D/ConnectivityService(  947): handleInetConditionHoldEnd: net=1, condition=100, published condition=100
D/ConnectivityService(  947): sendGeneralBroadcast, restrictEnable=false
D/ConnectivityService(  947): sendStickyBroadcast: action=android.net.conn.INET_CONDITION_ACTION
D/PMS     (  947): acquireWL(4342fa60): PARTIAL_WAKE_LOCK  SyncLoopWakeLock 0x1 947 1000
D/PMS     (  947): releaseWL(4342fa60): PARTIAL_WAKE_LOCK  SyncLoopWakeLock 0x1
D/PMS     (  947): acquireWL(433994f8): PARTIAL_WAKE_LOCK  Icing 0x1 9898 10028
D/PMS     (  947): releaseWL(433994f8): PARTIAL_WAKE_LOCK  Icing 0x1
D/PMS     (  947): acquireWL(4336acb8): PARTIAL_WAKE_LOCK  Icing 0x1 9898 10028
D/PMS     (  947): releaseWL(4336acb8): PARTIAL_WAKE_LOCK  Icing 0x1
D/PMS     (  947): acquireWL(43285c70): PARTIAL_WAKE_LOCK  SyncLoopWakeLock 0x1 947 1000
D/PMS     (  947): releaseWL(42e93f60): PARTIAL_WAKE_LOCK  *sync*/com.google.android.apps.bigtop.provider.bigtopprovider/com.google/***** 0x1
D/PMS     (  947): acquireWL(43177dc0): PARTIAL_WAKE_LOCK  *net_scheduler* 0x1 13664 10028
D/PMS     (  947): releaseWL(43177dc0): PARTIAL_WAKE_LOCK  *net_scheduler* 0x1
D/PMS     (  947): releaseWL(43285c70): PARTIAL_WAKE_LOCK  SyncLoopWakeLock 0x1
D/PMS     (  947): acquireWL(431614e0): PARTIAL_WAKE_LOCK  SyncLoopWakeLock 0x1 947 1000
D/PMS     (  947): releaseWL(431614e0): PARTIAL_WAKE_LOCK  SyncLoopWakeLock 0x1
I/ActivityManager(  947): Killing 10726:com.htc.mirrorlinkserver/1000 (adj 15): empty #17
I/ActivityManager(  947): Recipient 10726
D/PMS     (  947): acquireWL(42da9788): PARTIAL_WAKE_LOCK  Icing 0x1 9898 10028
D/PMS     (  947): acquireWL(4281c9c0): PARTIAL_WAKE_LOCK  GmailProviderProviderChangedBroadcastWakeLock 0x1 12937 10123
D/PMS     (  947): acquireWL(42c88120): PARTIAL_WAKE_LOCK  SyncLoopWakeLock 0x1 947 1000
D/PMS     (  947): releaseWL(430669c8): PARTIAL_WAKE_LOCK  *sync*/gmail-ls/com.google/***** 0x1
D/PMS     (  947): releaseWL(42c88120): PARTIAL_WAKE_LOCK  SyncLoopWakeLock 0x1
I/ActivityManager(  947): Killing 11636:com.google.android.apps.docs/u0a117 (adj 15): empty #17
D/NotificationService(  947): notification sound not played, stream=5 volume=0 always=false
V/NotificationService(  947): batLight: plugged
V/LightsService(  947): setLight #8: color=#c8c800
D/qdlights(  947): set_color_led color=13158400, mode=255, off_min=0, off_sec=0
D/qdlights(  947): [LedInfo] without indicator attribute, red:c80000, green:c800, blue:0
V/LightsService(  947): setLight #8: color=#c80000
D/qdlights(  947): set_color_led color=13107200, mode=1, off_min=0, off_sec=0
D/qdlights(  947): [LedInfo] without indicator attribute, red:c80000, green:0, blue:0
D/qdlights(  947): [LedInfo] write attr ok name=/sys/class/leds/amber/brightness string=1,len=1
D/qdlights(  947): [LedInfo] write attr ok name=/sys/class/leds/amber/blink string=0,len=1
D/qdlights(  947): [LedInfo] write attr ok name=/sys/class/leds/amber/off_timer string=0 0,len=3
D/qdlights(  947): [LedInfo] write attr ok name=/sys/class/leds/green/brightness string=0,len=1
D/qdlights(  947): [LedInfo] write attr ok name=/sys/class/leds/green/blink string=0,len=1
D/qdlights(  947): [LedInfo] write attr ok name=/sys/class/leds/green/off_timer string=0 0,len=3
I/ActivityManager(  947): Recipient 11636
D/PMS     (  947): releaseWL(42da9788): PARTIAL_WAKE_LOCK  Icing 0x1
D/PMS     (  947): acquireWL(428bafd8): PARTIAL_WAKE_LOCK  BatteryServiceUpdateStats_3 0x1 0 0
I/BatteryService(  947): n_update end
D/PMS     (  947): releaseWL(428bafd8): PARTIAL_WAKE_LOCK  BatteryServiceUpdateStats_3 0x1
D/HtcPowerSaver(  947): updateBatteryInfo
D/PMS     (  947): runPSCheck
D/HtcPowerSaver(  947): Checking...
I/HtcPowerSaver(  947): >> updateStatus
D/PowerUI ( 1196): closing low battery warning: level=53
D/PowerUI ( 1196): plugged = true, health = 2, mBatteryLevel = 53, mPluggedBatteryLevel = 52, mLowBatteryWarningLevel2 = 25, mshowLowChargingWarning2 = true
I/HtcPowerSaver(  947): updateStatus (8000,53,-1,false,false,false,-1)
I/HtcPowerSaver(  947): << updateStatus
D/PMS     (  947): releaseWL(4281c9c0): PARTIAL_WAKE_LOCK  GmailProviderProviderChangedBroadcastWakeLock 0x1
D/PMS     (  947): acquireWL(42d32178): PARTIAL_WAKE_LOCK  BatteryServiceUpdateStats_3 0x1 0 0
I/BatteryService(  947): n_update end
D/HtcPowerSaver(  947): updateBatteryInfo
D/PMS     (  947): releaseWL(42d32178): PARTIAL_WAKE_LOCK  BatteryServiceUpdateStats_3 0x1
D/PowerUI ( 1196): closing low battery warning: level=53
D/PowerUI ( 1196): plugged = true, health = 2, mBatteryLevel = 53, mPluggedBatteryLevel = 52, mLowBatteryWarningLevel2 = 25, mshowLowChargingWarning2 = true
D/PMS     (  947): runPSCheck
D/HtcPowerSaver(  947): Checking...
I/HtcPowerSaver(  947): >> updateStatus
I/HtcPowerSaver(  947): updateStatus (8000,53,-1,false,false,false,-1)
I/HtcPowerSaver(  947): << updateStatus
D/PMS     (  947): acquireWL(42aa4d80): PARTIAL_WAKE_LOCK  AlarmManager 0x1 947 1000
V/AlarmManager(  947): sending alarm PendingIntent{42739e88: PendingIntentRecord{41e15450 android broadcastIntent}}, i=android.content.syncmanager.SYNC_ALARM, t=2, cnt=1, w=5762255892, Int=0
D/PMS     (  947): acquireWL(42a6c610): PARTIAL_WAKE_LOCK  SyncManagerHandleSyncAlarm 0x1 947 1000
D/PMS     (  947): releaseWL(42aa4d80): PARTIAL_WAKE_LOCK  AlarmManager 0x1
D/PMS     (  947): acquireWL(42a1b5a8): PARTIAL_WAKE_LOCK  SyncLoopWakeLock 0x1 947 1000
D/PMS     (  947): releaseWL(42a6c610): PARTIAL_WAKE_LOCK  SyncManagerHandleSyncAlarm 0x1
D/PMS     (  947): releaseWL(42a1b5a8): PARTIAL_WAKE_LOCK  SyncLoopWakeLock 0x1
I/ProcessStatsService(  947): Prepared write state in 6ms
D/PMS     (  947): acquireWL(4268d590): PARTIAL_WAKE_LOCK  AlarmManager 0x1 947 1000
V/AlarmManager(  947): sending alarm PendingIntent{427a7838: PendingIntentRecord{427a6738 android broadcastIntent}}, i=android.intent.action.TIME_TICK, t=3, cnt=1, w=5762270618, Int=0
D/PMS     (  947): releaseWL(4268d590): PARTIAL_WAKE_LOCK  AlarmManager 0x1
D/PMS     (  947): acquireWL(42591e90): PARTIAL_WAKE_LOCK  AlarmManager 0x1 947 1000
D/ConnectivityService(  947): Sampling interval elapsed, updating statistics ..
V/AlarmManager(  947): sending alarm PendingIntent{4287ab08: PendingIntentRecord{42791e68 android broadcastIntent}}, i=android.net.ConnectivityService.action.PKT_CNT_SAMPLE_INTERVAL_ELAPSED, t=3, cnt=1, w=5762272092, Int=0
D/PMS     (  947): releaseWL(42591e90): PARTIAL_WAKE_LOCK  AlarmManager 0x1
D/ConnectivityService(  947): Done.
D/ConnectivityService(  947): Setting timer for 720seconds
D/PMS     (  947): acquireWL(422cd198): PARTIAL_WAKE_LOCK  SyncManagerHandleSyncAlarm 0x1 947 1000
D/PMS     (  947): acquireWL(42208960): PARTIAL_WAKE_LOCK  AlarmManager 0x1 947 1000
V/AlarmManager(  947): sending alarm PendingIntent{42739e88: PendingIntentRecord{41e15450 android broadcastIntent}}, i=android.content.syncmanager.SYNC_ALARM, t=2, cnt=1, w=5762285932, Int=0
D/PMS     (  947): releaseWL(42208960): PARTIAL_WAKE_LOCK  AlarmManager 0x1
D/PMS     (  947): acquireWL(41ffc310): PARTIAL_WAKE_LOCK  SyncLoopWakeLock 0x1 947 1000
D/PMS     (  947): acquireWL(42cb08b0): PARTIAL_WAKE_LOCK  *sync*/com.google.android.apps.bigtop.provider.bigtopprovider/com.google/***** 0x1 947 1000
D/PMS     (  947): releaseWL(422cd198): PARTIAL_WAKE_LOCK  SyncManagerHandleSyncAlarm 0x1
D/PMS     (  947): releaseWL(41ffc310): PARTIAL_WAKE_LOCK  SyncLoopWakeLock 0x1
D/PMS     (  947): acquireWL(42b36f68): PARTIAL_WAKE_LOCK  SyncLoopWakeLock 0x1 947 1000
D/PMS     (  947): releaseWL(42b36f68): PARTIAL_WAKE_LOCK  SyncLoopWakeLock 0x1
D/PMS     (  947): acquireWL(422755b8): PARTIAL_WAKE_LOCK  SyncLoopWakeLock 0x1 947 1000
D/PMS     (  947): releaseWL(42cb08b0): PARTIAL_WAKE_LOCK  *sync*/com.google.android.apps.bigtop.provider.bigtopprovider/com.google/***** 0x1
D/PMS     (  947): releaseWL(422755b8): PARTIAL_WAKE_LOCK  SyncLoopWakeLock 0x1
D/PMS     (  947): acquireWL(42bc3638): PARTIAL_WAKE_LOCK  SyncLoopWakeLock 0x1 947 1000
D/PMS     (  947): releaseWL(42bc3638): PARTIAL_WAKE_LOCK  SyncLoopWakeLock 0x1
D/PMS     (  947): acquireWL(42ed24e0): PARTIAL_WAKE_LOCK  BatteryServiceUpdateStats_3 0x1 0 0
I/BatteryService(  947): n_update end
D/HtcPowerSaver(  947): updateBatteryInfo
D/PowerUI ( 1196): closing low battery warning: level=54
D/PMS     (  947): releaseWL(42ed24e0): PARTIAL_WAKE_LOCK  BatteryServiceUpdateStats_3 0x1
D/PowerUI ( 1196): plugged = true, health = 2, mBatteryLevel = 54, mPluggedBatteryLevel = 52, mLowBatteryWarningLevel2 = 25, mshowLowChargingWarning2 = true
D/PMS     (  947): acquireWL(42d48010): PARTIAL_WAKE_LOCK  BatteryServiceUpdateStats_3 0x1 0 0
D/PMS     (  947): runPSCheck
D/HtcPowerSaver(  947): Checking...
I/HtcPowerSaver(  947): >> updateStatus
I/BatteryService(  947): n_update end
D/PMS     (  947): releaseWL(42d48010): PARTIAL_WAKE_LOCK  BatteryServiceUpdateStats_3 0x1
I/HtcPowerSaver(  947): updateStatus (8000,54,-1,false,false,false,-1)
I/HtcPowerSaver(  947): << updateStatus
D/PMS     (  947): acquireWL(427653c8): PARTIAL_WAKE_LOCK  BatteryServiceUpdateStats_3 0x1 0 0
I/BatteryService(  947): n_update end
D/PMS     (  947): releaseWL(427653c8): PARTIAL_WAKE_LOCK  BatteryServiceUpdateStats_3 0x1
D/PowerUI ( 1196): closing low battery warning: level=54
D/PowerUI ( 1196): plugged = true, health = 2, mBatteryLevel = 54, mPluggedBatteryLevel = 52, mLowBatteryWarningLevel2 = 25, mshowLowChargingWarning2 = true
D/HtcPowerSaver(  947): updateBatteryInfo
D/PMS     (  947): runPSCheck
D/HtcPowerSaver(  947): Checking...
I/HtcPowerSaver(  947): >> updateStatus
I/HtcPowerSaver(  947): updateStatus (8000,54,-1,false,false,false,-1)
I/HtcPowerSaver(  947): << updateStatus
D/PMS     (  947): acquireWL(427c9530): PARTIAL_WAKE_LOCK  SyncManagerHandleSyncAlarm 0x1 947 1000
D/PMS     (  947): acquireWL(4271a9b8): PARTIAL_WAKE_LOCK  AlarmManager 0x1 947 1000
V/AlarmManager(  947): sending alarm PendingIntent{42739e88: PendingIntentRecord{41e15450 android broadcastIntent}}, i=android.content.syncmanager.SYNC_ALARM, t=2, cnt=1, w=5762316058, Int=0
D/PMS     (  947): releaseWL(4271a9b8): PARTIAL_WAKE_LOCK  AlarmManager 0x1
D/PMS     (  947): acquireWL(4247b598): PARTIAL_WAKE_LOCK  SyncLoopWakeLock 0x1 947 1000
D/PMS     (  947): releaseWL(427c9530): PARTIAL_WAKE_LOCK  SyncManagerHandleSyncAlarm 0x1
D/PMS     (  947): releaseWL(4247b598): PARTIAL_WAKE_LOCK  SyncLoopWakeLock 0x1
D/PMS     (  947): acquireWL(42f380e8): PARTIAL_WAKE_LOCK  AlarmManager 0x1 947 1000
V/AlarmManager(  947): sending alarm PendingIntent{427a7838: PendingIntentRecord{427a6738 android broadcastIntent}}, i=android.intent.action.TIME_TICK, t=3, cnt=1, w=5762330618, Int=0
D/PMS     (  947): releaseWL(42f380e8): PARTIAL_WAKE_LOCK  AlarmManager 0x1
D/PMS     (  947): acquireWL(42e8bd70): PARTIAL_WAKE_LOCK  BatteryServiceUpdateStats_3 0x1 0 0
I/BatteryService(  947): n_update end
D/PowerUI ( 1196): closing low battery warning: level=54
D/HtcPowerSaver(  947): updateBatteryInfo
D/PowerUI ( 1196): plugged = true, health = 2, mBatteryLevel = 54, mPluggedBatteryLevel = 52, mLowBatteryWarningLevel2 = 25, mshowLowChargingWarning2 = true
D/PMS     (  947): releaseWL(42e8bd70): PARTIAL_WAKE_LOCK  BatteryServiceUpdateStats_3 0x1
D/PMS     (  947): runPSCheck
D/HtcPowerSaver(  947): Checking...
I/HtcPowerSaver(  947): >> updateStatus
I/HtcPowerSaver(  947): updateStatus (8000,54,-1,false,false,false,-1)
I/HtcPowerSaver(  947): << updateStatus
D/PMS     (  947): acquireWL(43160358): PARTIAL_WAKE_LOCK  AlarmManager 0x1 947 1000
V/AlarmManager(  947): sending alarm PendingIntent{427a7838: PendingIntentRecord{427a6738 android broadcastIntent}}, i=android.intent.action.TIME_TICK, t=3, cnt=1, w=5762390618, Int=0
D/PMS     (  947): releaseWL(43160358): PARTIAL_WAKE_LOCK  AlarmManager 0x1
D/PMS     (  947): acquireWL(43024070): PARTIAL_WAKE_LOCK  BatteryServiceUpdateStats_3 0x1 0 0
I/BatteryService(  947): n_update end
D/HtcPowerSaver(  947): updateBatteryInfo
D/PMS     (  947): releaseWL(43024070): PARTIAL_WAKE_LOCK  BatteryServiceUpdateStats_3 0x1
D/PowerUI ( 1196): closing low battery warning: level=54
D/PowerUI ( 1196): plugged = true, health = 2, mBatteryLevel = 54, mPluggedBatteryLevel = 52, mLowBatteryWarningLevel2 = 25, mshowLowChargingWarning2 = true
D/PMS     (  947): runPSCheck
D/HtcPowerSaver(  947): Checking...
I/HtcPowerSaver(  947): >> updateStatus
I/HtcPowerSaver(  947): updateStatus (8000,54,-1,false,false,false,-1)
I/HtcPowerSaver(  947): << updateStatus
D/PMS     (  947): acquireWL(41c937e0): PARTIAL_WAKE_LOCK  AlarmManager 0x1 947 1000
V/AlarmManager(  947): sending alarm PendingIntent{42bc6e88: PendingIntentRecord{42e00ff0 com.amazon.mShop.android startService}}, i=null, t=3, cnt=1, w=5762383505, Int=300000
V/AlarmManager(  947): sending alarm PendingIntent{4313a2e8: PendingIntentRecord{42fa1128 com.htc.album broadcastIntent}}, i=com.htc.visual_search.ACTION_ALARM_TRIGGERED, t=1, cnt=1, w=1416818376387, Int=0
I/ActivityManager(  947): Start proc com.htc.visual_search for broadcast com.htc.album/com.htc.inteabm.mservice.ProcessingStatusCheckReceiver: pid=13133 uid=10032 gids={50032, 3003, 5012, 1028, 1015, 1023, 2001, 3002}
D/PMS     (  947): acquireWL(42fc6918): PARTIAL_WAKE_LOCK  VisualSearch_60 0x1 13133 10032
D/PMS     (  947): releaseWL(41c937e0): PARTIAL_WAKE_LOCK  AlarmManager 0x1
D/PMS     (  947): acquireWL(42db5c00): PARTIAL_WAKE_LOCK  VisualSearch_600 0x1 13133 10032
D/PMS     (  947): releaseWL(42fc6918): PARTIAL_WAKE_LOCK  VisualSearch_60 0x1
D/PMS     (  947): releaseWL(42db5c00): PARTIAL_WAKE_LOCK  VisualSearch_600 0x1
D/PMS     (  947): acquireWL(42b5e060): PARTIAL_WAKE_LOCK  VisualSearch_1800 0x1 13133 10032
I/ActivityManager(  947): Start proc com.htc.album for service com.htc.album/com.htc.mediamanager.MMService: pid=13151 uid=10032 gids={50032, 3003, 5012, 1028, 1015, 1023, 2001, 3002}
I/ActivityManager(  947): Start proc com.htc.mediamanager for content provider com.htc.album/com.htc.mediamanager.providers.media.MediaManagerProvider: pid=13163 uid=10032 gids={50032, 3003, 5012, 1028, 1015, 1023, 2001, 3002}
I/ActivityManager(  947): Killing 11570:com.google.android.apps.plus/u0a186 (adj 15): empty #17
I/ActivityManager(  947): Killing 11963:com.nero.android.htc.sync.installer/u0a68 (adj 15): empty #17
I/ActivityManager(  947): Recipient 11570
I/ActivityManager(  947): Recipient 11963
D/PMS     (  947): releaseWL(42b5e060): PARTIAL_WAKE_LOCK  VisualSearch_1800 0x1
I/ActivityManager(  947): Killing 11802:com.verizon.playphone.gameportal/u0a87 (adj 15): empty #17
I/ActivityManager(  947): Recipient 11802
D/PMS     (  947): acquireWL(43549678): PARTIAL_WAKE_LOCK  AlarmManager 0x1 947 1000
V/AlarmManager(  947): sending alarm PendingIntent{427a7838: PendingIntentRecord{427a6738 android broadcastIntent}}, i=android.intent.action.TIME_TICK, t=3, cnt=1, w=5762450618, Int=0
D/PMS     (  947): releaseWL(43549678): PARTIAL_WAKE_LOCK  AlarmManager 0x1
D/PMS     (  947): acquireWL(43545128): PARTIAL_WAKE_LOCK  BatteryServiceUpdateStats_3 0x1 0 0
I/BatteryService(  947): n_update end
D/PMS     (  947): releaseWL(43545128): PARTIAL_WAKE_LOCK  BatteryServiceUpdateStats_3 0x1
D/PowerUI ( 1196): closing low battery warning: level=54
D/PowerUI ( 1196): plugged = true, health = 2, mBatteryLevel = 54, mPluggedBatteryLevel = 52, mLowBatteryWarningLevel2 = 25, mshowLowChargingWarning2 = true
D/HtcPowerSaver(  947): updateBatteryInfo
D/PMS     (  947): runPSCheck
D/HtcPowerSaver(  947): Checking...
I/HtcPowerSaver(  947): >> updateStatus
D/PMS     (  947): acquireWL(4352ab60): PARTIAL_WAKE_LOCK  BatteryServiceUpdateStats_3 0x1 0 0
I/BatteryService(  947): n_update end
D/PMS     (  947): releaseWL(4352ab60): PARTIAL_WAKE_LOCK  BatteryServiceUpdateStats_3 0x1
I/HtcPowerSaver(  947): updateStatus (8000,54,-1,false,false,false,-1)
I/HtcPowerSaver(  947): << updateStatus
D/HtcPowerSaver(  947): updateBatteryInfo
D/PMS     (  947): runPSCheck
D/HtcPowerSaver(  947): Checking...
I/HtcPowerSaver(  947): >> updateStatus
D/PowerUI ( 1196): closing low battery warning: level=55
D/PowerUI ( 1196): plugged = true, health = 2, mBatteryLevel = 55, mPluggedBatteryLevel = 52, mLowBatteryWarningLevel2 = 25, mshowLowChargingWarning2 = true
I/HtcPowerSaver(  947): updateStatus (8000,55,-1,false,false,false,-1)
I/HtcPowerSaver(  947): << updateStatus
D/PMS     (  947): acquireWL(433f52e0): PARTIAL_WAKE_LOCK  NlpWakeLock 0x1 19430 10028
D/PMS     (  947): acquireWL(433ee7b0): PARTIAL_WAKE_LOCK  NlpWakeLock 0x1 19430 10028
D/WifiService(  947): acquireWifiLockLocked: WifiLock{NlpWifiLock type=2 binder=android.os.BinderProxy@42e826f8}
D/PMS     (  947): acquireWL(433e7b90): PARTIAL_WAKE_LOCK  AlarmManager 0x1 947 1000
V/AlarmManager(  947): sending alarm PendingIntent{41df1330: PendingIntentRecord{42e9bf00 com.google.android.gms broadcastIntent}}, i=com.google.android.gms.nlp.ALARM_WAKEUP_LOCATOR, t=2, cnt=1, w=5762480042, Int=0
D/PMS     (  947): releaseWL(433e7b90): PARTIAL_WAKE_LOCK  AlarmManager 0x1
D/PMS     (  947): releaseWL(433f52e0): PARTIAL_WAKE_LOCK  NlpWakeLock 0x1
D/TelephonyCallback( 1196): onCellInfoChanged
D/TelephonyCallback( 1196): CellInfo: 552449
D/FEMTOCELL_ICON( 1196): updateFemtocellIcon
D/FEMTOCELL_ICON( 1196): voice nid=6
D/FEMTOCELL_ICON( 1196): data rat=13 sid= cid=552449
W/ContextImpl(  947): Calling a method in the system process without a qualified user: android.app.ContextImpl.sendBroadcast:1379 android.net.wifi.WifiStateMachine.sendDongleScanResultsAvailableBroadcast:5750 android.net.wifi.WifiStateMachine.handleMediaLinkEvent:5912 android.net.wifi.WifiStateMachine.access$5700:243 android.net.wifi.WifiStateMachine$SupplicantStartedState.processMessage:7082 
D/WifiStateMachine(  947): 0: scan result = SSID: , BSSID: 00:00:00:00:00:00, capabilities: [WEP][ESS], level: -92, frequency: 2422, timestamp: 5065763413853, distance: ?(cm), distanceSd: ?(cm)
D/WifiStateMachine(  947): 1: scan result = SSID: CBZQH, BSSID: 00:24:7b:94:1a:f1, capabilities: [WPA-PSK-CCMP][WPA2-PSK-CCMP][ESS], level: -47, frequency: 2437, timestamp: 5762481961599, distance: ?(cm), distanceSd: ?(cm)
D/WifiStateMachine(  947): add 2 to mScanResults
D/PMS     (  947): acquireWL(4326ef88): PARTIAL_WAKE_LOCK  NlpWakeLock 0x1 19430 10028
D/PMS     (  947): releaseWL(4326ef88): PARTIAL_WAKE_LOCK  NlpWakeLock 0x1
D/PMS     (  947): acquireWL(432685d0): PARTIAL_WAKE_LOCK  NlpWakeLock 0x1 19430 10028
D/PMS     (  947): releaseWL(432685d0): PARTIAL_WAKE_LOCK  NlpWakeLock 0x1
D/PMS     (  947): acquireWL(432519a8): PARTIAL_WAKE_LOCK  GCoreFlp 0x1 19430 10028
D/PMS     (  947): acquireWL(432464f0): PARTIAL_WAKE_LOCK  GCoreFlp 0x1 19430 10028
D/PMS     (  947): acquireWL(43239270): PARTIAL_WAKE_LOCK  GCoreFlp 0x1 19430 10028
D/PMS     (  947): releaseWL(43239270): PARTIAL_WAKE_LOCK  GCoreFlp 0x1
D/PMS     (  947): releaseWL(432519a8): PARTIAL_WAKE_LOCK  GCoreFlp 0x1
D/PMS     (  947): acquireWL(4322c9c0): PARTIAL_WAKE_LOCK  NlpWakeLock 0x1 19430 10028
D/PMS     (  947): releaseWL(4322c9c0): PARTIAL_WAKE_LOCK  NlpWakeLock 0x1
D/PMS     (  947): acquireWL(43228b90): PARTIAL_WAKE_LOCK  GCoreFlp 0x1 19430 10028
D/PMS     (  947): acquireWL(43225d40): PARTIAL_WAKE_LOCK  UlrDispatchingService 0x1 19430 10028
D/PMS     (  947): releaseWL(432464f0): PARTIAL_WAKE_LOCK  GCoreFlp 0x1
D/PMS     (  947): releaseWL(43228b90): PARTIAL_WAKE_LOCK  GCoreFlp 0x1
D/PMS     (  947): acquireWL(43222de8): PARTIAL_WAKE_LOCK  LocationManagerService 0x1 947 1000
D/PMS     (  947): acquireWL(4321b958): PARTIAL_WAKE_LOCK  LocationManagerService 0x1 947 1000
D/WifiService(  947): releaseWifiLockLocked: WifiLock{NlpWifiLock type=2 binder=android.os.BinderProxy@42e826f8}
D/PMS     (  947): releaseWL(433ee7b0): PARTIAL_WAKE_LOCK  NlpWakeLock 0x1
D/PMS     (  947): acquireWL(43201a50): PARTIAL_WAKE_LOCK  LocationManagerService 0x1 947 1000
D/PMS     (  947): acquireWL(431feea8): PARTIAL_WAKE_LOCK  LocationManagerService 0x1 947 1000
D/PMS     (  947): acquireWL(431ec690): PARTIAL_WAKE_LOCK  LocationManagerService 0x1 947 1000
D/PMS     (  947): releaseWL(43222de8): PARTIAL_WAKE_LOCK  LocationManagerService 0x1
D/PMS     (  947): releaseWL(43201a50): PARTIAL_WAKE_LOCK  LocationManagerService 0x1
D/PMS     (  947): releaseWL(431feea8): PARTIAL_WAKE_LOCK  LocationManagerService 0x1
D/PMS     (  947): releaseWL(4321b958): PARTIAL_WAKE_LOCK  LocationManagerService 0x1
D/PMS     (  947): releaseWL(431ec690): PARTIAL_WAKE_LOCK  LocationManagerService 0x1
D/PMS     (  947): releaseWL(43225d40): PARTIAL_WAKE_LOCK  UlrDispatchingService 0x1
D/PMS     (  947): acquireWL(431d1458): PARTIAL_WAKE_LOCK  AlarmManager 0x1 947 1000
V/AlarmManager(  947): sending alarm PendingIntent{427a7838: PendingIntentRecord{427a6738 android broadcastIntent}}, i=android.intent.action.TIME_TICK, t=3, cnt=1, w=5762510618, Int=0
D/PMS     (  947): releaseWL(431d1458): PARTIAL_WAKE_LOCK  AlarmManager 0x1
D/PMS     (  947): acquireWL(431ce078): PARTIAL_WAKE_LOCK  BatteryServiceUpdateStats_3 0x1 0 0
I/BatteryService(  947): n_update end
D/HtcPowerSaver(  947): updateBatteryInfo
D/PowerUI ( 1196): closing low battery warning: level=55
D/PowerUI ( 1196): plugged = true, health = 2, mBatteryLevel = 55, mPluggedBatteryLevel = 52, mLowBatteryWarningLevel2 = 25, mshowLowChargingWarning2 = true
D/PMS     (  947): releaseWL(431ce078): PARTIAL_WAKE_LOCK  BatteryServiceUpdateStats_3 0x1
D/PMS     (  947): runPSCheck
D/HtcPowerSaver(  947): Checking...
I/HtcPowerSaver(  947): >> updateStatus
I/HtcPowerSaver(  947): updateStatus (8000,55,-1,false,false,false,-1)
I/HtcPowerSaver(  947): << updateStatus
I/ActivityManager(  947): Start proc com.google.android.apps.plus for service com.google.android.apps.plus/com.google.android.apps.moviemaker.service.PluggedInAnalyzerService: pid=13329 uid=10186 gids={50186, 3003, 5012, 3002, 1028, 1015}
D/PMS     (  947): acquireWL(43101290): PARTIAL_WAKE_LOCK  AlarmManager 0x1 947 1000
V/AlarmManager(  947): sending alarm PendingIntent{4352d470: PendingIntentRecord{4355c888 com.google.android.apps.plus startService}}, i=com.google.android.apps.moviemaker.analyzer.PING, t=2, cnt=1, w=5762555020, Int=0
D/PMS     (  947): releaseWL(43101290): PARTIAL_WAKE_LOCK  AlarmManager 0x1
I/PackageManager(  947):  setEnabledSetting(), pkgName=com.google.android.apps.plus, clsName=com.google.android.apps.moviemaker.MovieMakerActivity, state=0, flag=1, pid=13329, uid=10186, userID:0
I/PackageManager(  947):  setEnabledSetting(), pkgName=com.google.android.apps.plus, clsName=com.google.android.apps.moviemaker.analyzer.AnalyzerService, state=0, flag=1, pid=13329, uid=10186, userID:0
I/PackageManager(  947):  setEnabledSetting(), pkgName=com.google.android.apps.plus, clsName=com.google.android.apps.moviemaker.service.PostCaptureAnalyzerService, state=0, flag=1, pid=13329, uid=10186, userID:0
I/PackageManager(  947):  setEnabledSetting(), pkgName=com.google.android.apps.plus, clsName=com.google.android.apps.moviemaker.service.PluggedInAnalyzerService, state=0, flag=1, pid=13329, uid=10186, userID:0
I/PackageManager(  947):  setEnabledSetting(), pkgName=com.google.android.apps.plus, clsName=com.google.android.apps.moviemaker.receiver.NewVideoReceiver, state=0, flag=1, pid=13329, uid=10186, userID:0
I/PackageManager(  947):  setEnabledSetting(), pkgName=com.google.android.apps.plus, clsName=com.google.android.apps.moviemaker.receiver.PowerStatusReceiver, state=0, flag=1, pid=13329, uid=10186, userID:0
D/PMS     (  947): acquireWL(43072de8): PARTIAL_WAKE_LOCK  fingerprint_scanner_static 0x1 13329 10186
D/PMS     (  947): acquireWL(43062c90): PARTIAL_WAKE_LOCK  fingerprint_scanner_local 0x1 13329 10186
D/PMS     (  947): releaseWL(43072de8): PARTIAL_WAKE_LOCK  fingerprint_scanner_static 0x1
D/PMS     (  947): releaseWL(43062c90): PARTIAL_WAKE_LOCK  fingerprint_scanner_local 0x1
I/ActivityManager(  947): Killing 11817:com.htc.cs.dm/u0a18 (adj 15): empty #17
I/ActivityManager(  947): Recipient 11817
D/PMS     (  947): acquireWL(42723120): PARTIAL_WAKE_LOCK  AlarmManager 0x1 947 1000
V/AlarmManager(  947): sending alarm PendingIntent{427a7838: PendingIntentRecord{427a6738 android broadcastIntent}}, i=android.intent.action.TIME_TICK, t=3, cnt=1, w=5762570618, Int=0
D/PMS     (  947): releaseWL(42723120): PARTIAL_WAKE_LOCK  AlarmManager 0x1
D/PMS     (  947): acquireWL(4263de18): PARTIAL_WAKE_LOCK  BatteryServiceUpdateStats_3 0x1 0 0
I/BatteryService(  947): n_update end
D/HtcPowerSaver(  947): updateBatteryInfo
D/PMS     (  947): releaseWL(4263de18): PARTIAL_WAKE_LOCK  BatteryServiceUpdateStats_3 0x1
D/PowerUI ( 1196): closing low battery warning: level=55
D/PowerUI ( 1196): plugged = true, health = 2, mBatteryLevel = 55, mPluggedBatteryLevel = 52, mLowBatteryWarningLevel2 = 25, mshowLowChargingWarning2 = true
D/PMS     (  947): runPSCheck
D/HtcPowerSaver(  947): Checking...
I/HtcPowerSaver(  947): >> updateStatus
I/HtcPowerSaver(  947): updateStatus (8000,55,-1,false,false,false,-1)
I/HtcPowerSaver(  947): << updateStatus
D/InputDispatcher(  947): notify PowerKey:0
I/PMS     (  947): Waking up from sleep...
W/BatSI   (  947): Couldn't get kernel wake lock stats
V/LightsService(  947): setLight #2: color=#ff
D/qdlights(  947): set_light_buttons_func: on=255 brightness=255
D/PMN     (  947): wakingUp
D/AlarmManager(  947): ACTION_SCREEN_ON
I/AlarmManager(  947): [AlarmQueuing] recover blocked alarms
I/AlarmManager(  947): [AlarmQueuing] done recovering
I/AlarmManager(  947): [AlarmQueuing] recover EPS screen off blocked alarms
I/AlarmManager(  947): [AlarmQueuing] done EPS screen off alarm recovering
V/LightsService(  947): setLight #2: color=#0
D/qdlights(  947): set_light_buttons_func: on=0 brightness=0
D/PMS     (  947): nativeSetAutoSuspend:false
D/PMS     (  947): nativeSetAutoSuspend:false done
D/PMS     (  947): nativeSetInteractive:true
D/PMS     (  947): nativeSetInteractive:true done
D/WIFI_ICON( 1196): WifiActivity: 3
D/StatusBar.NetworkController( 1196): dumpIcon[stat_sys_vzw_lte_dormant stat_sys_5signal_1|null stat_sys_wifi_signal_inandout_4 (gone) F (gone)]
I/WindowManager(  947): Lock screen displayed!
D/PMN     (  947): onScreenOn
D/XAN-DPC (  947): Unblocked screen on after 5762600756 ms
W/ContextImpl(  947): Calling a method in the system process without a qualified user: android.app.ContextImpl.startService:1735 android.content.ContextWrapper.startService:501 android.content.ContextWrapper.startService:501 com.htc.smartdim.SystemIntentReceiver.onReceive:143 android.app.ActivityThread.handleReceiver:2833 
W/BroadcastQueue(  947): Permission Denial: broadcasting Intent { act=com.htc.cover.closed flg=0x10 (has extras) } from null (pid=-1, uid=-1) requires com.htc.permission.APP_DEFAULT due to registered receiver BroadcastFilter{42bec8f8 u0 ReceiverList{42bef2b8 947 system/1000/u0 local:42c07800}}
I/ActivityManager(  947): Start proc com.android.defcontainer for service com.android.defcontainer/.DefaultContainerService: pid=13447 uid=10016 gids={50016, 1028, 1015, 1023, 2001, 1035, 5001}
D/HABCtrl (  947): ALG=2, lsvalue=40(1th)->40(1th), last_level=2, lValue=64->64
I/InputMethodManagerService(  947): screenObserver, isScreenOn=true
I/InputMethodManagerService(  947): Enable input method client, pid=20994
D/PMS     (  947): OOBE c monitor 11
V/LightsService(  947): setLight #2: color=#ff
D/qdlights(  947): set_light_buttons_func: on=255 brightness=255
V/LightsService(  947): setLight #0: color=#57
D/PMS     (  947): acquireWL(429cf178): PARTIAL_WAKE_LOCK  NfcService:mRoutingWakeLock 0x1 1423 1027
D/PMS     (  947): releaseWL(429cf178): PARTIAL_WAKE_LOCK  NfcService:mRoutingWakeLock 0x1
V/LightsService(  947): setLight #0: color=#56
W/ActivityManager(  947): No content provider found for permission revoke: file:
V/LightsService(  947): setLight #0: color=#55
D/NetworkPolicy(  947): updateScreenOn: true
V/LightsService(  947): setLight #0: color=#54
D/PMS     (  947): acquireWL(43014f10): PARTIAL_WAKE_LOCK  Wakeful StateMachine: GeofencerStateMachine 0x1 19430 10028
D/PMS     (  947): releaseWL(43014f10): PARTIAL_WAKE_LOCK  Wakeful StateMachine: GeofencerStateMachine 0x1
D/PMS     (  947): acquireWL(42f3d6a0): PARTIAL_WAKE_LOCK  GCoreFlp 0x1 19430 10028
D/PMS     (  947): releaseWL(42f3d6a0): PARTIAL_WAKE_LOCK  GCoreFlp 0x1
V/LightsService(  947): setLight #0: color=#52
D/TelephonyRegistry(  947): This is not dual project
D/TelephonyCallback( 1196): SignalStrength: 1
D/SIGNAL_ICON( 1196): level=1/5
D/StatusBar.NetworkController( 1196): dumpIcon[stat_sys_vzw_lte_dormant stat_sys_5signal_1|null stat_sys_wifi_signal_inandout_4 (gone) F (gone)]
D/TelephonyCallback( 1196): onCellInfoChanged
D/TelephonyCallback( 1196): CellInfo: 552449
D/FEMTOCELL_ICON( 1196): updateFemtocellIcon
D/FEMTOCELL_ICON( 1196): voice nid=6
D/FEMTOCELL_ICON( 1196): data rat=13 sid= cid=552449
V/LightsService(  947): setLight #0: color=#51
D/TelephonyCallback( 1196): SignalStrength: 1
D/TelephonyRegistry(  947): This is not dual project
D/SIGNAL_ICON( 1196): level=1/5
D/StatusBar.NetworkController( 1196): dumpIcon[stat_sys_vzw_lte_dormant stat_sys_5signal_1|null stat_sys_wifi_signal_inandout_4 (gone) F (gone)]
D/TelephonyCallback( 1196): onCellInfoChanged
D/TelephonyCallback( 1196): CellInfo: 552449
D/FEMTOCELL_ICON( 1196): updateFemtocellIcon
D/FEMTOCELL_ICON( 1196): voice nid=6
D/FEMTOCELL_ICON( 1196): data rat=13 sid= cid=552449
V/LightsService(  947): setLight #0: color=#50
V/LightsService(  947): setLight #0: color=#4f
D/PMS     (  947): acquireWL(4334f008): PARTIAL_WAKE_LOCK  BatteryServiceUpdateStats_3 0x1 0 0
I/BatteryService(  947): n_update end
D/PMS     (  947): releaseWL(4334f008): PARTIAL_WAKE_LOCK  BatteryServiceUpdateStats_3 0x1
D/HtcPowerSaver(  947): updateBatteryInfo
V/LightsService(  947): setLight #0: color=#4e
D/PMS     (  947): runPSCheck
D/HtcPowerSaver(  947): Checking...
I/HtcPowerSaver(  947): >> updateStatus
D/PowerUI ( 1196): closing low battery warning: level=55
D/PowerUI ( 1196): plugged = true, health = 2, mBatteryLevel = 55, mPluggedBatteryLevel = 52, mLowBatteryWarningLevel2 = 25, mshowLowChargingWarning2 = true
V/LightsService(  947): setLight #0: color=#4d
I/HtcPowerSaver(  947): updateStatus (8000,55,-1,false,false,false,-1)
I/HtcPowerSaver(  947): << updateStatus
V/LightsService(  947): setLight #0: color=#4c
V/LightsService(  947): setLight #0: color=#4b
V/LightsService(  947): setLight #0: color=#4a
V/LightsService(  947): setLight #0: color=#49
V/LightsService(  947): setLight #0: color=#48
V/LightsService(  947): setLight #0: color=#47
V/LightsService(  947): setLight #0: color=#46
V/LightsService(  947): setLight #0: color=#45
V/LightsService(  947): setLight #0: color=#44
D/TelephonyCallback( 1196): onCellInfoChanged
D/TelephonyCallback( 1196): CellInfo: 552449
D/FEMTOCELL_ICON( 1196): updateFemtocellIcon
D/FEMTOCELL_ICON( 1196): voice nid=6
D/FEMTOCELL_ICON( 1196): data rat=13 sid= cid=552449
D/TelephonyRegistry(  947): This is not dual project
V/LightsService(  947): setLight #0: color=#43
D/TelephonyCallback( 1196): SignalStrength: 1
D/SIGNAL_ICON( 1196): level=1/5
D/StatusBar.NetworkController( 1196): dumpIcon[stat_sys_vzw_lte_dormant stat_sys_5signal_1|null stat_sys_wifi_signal_inandout_4 (gone) F (gone)]
D/TelephonyCallback( 1196): onCellInfoChanged
D/TelephonyCallback( 1196): CellInfo: 552449
D/FEMTOCELL_ICON( 1196): updateFemtocellIcon
D/FEMTOCELL_ICON( 1196): voice nid=6
D/FEMTOCELL_ICON( 1196): data rat=13 sid= cid=552449
V/LightsService(  947): setLight #0: color=#42
V/LightsService(  947): setLight #0: color=#41
V/LightsService(  947): setLight #0: color=#40
W/ActivityManager(  947): No content provider found for permission revoke: file:
I/PackageManager(  947): Copying native libraries to /data/app-lib/vmdl-1417273743
I/ActivityManager(  947): Force stopping com.happygoatstudios.bttest appid=10218 user=-1: uninstall pkg
I/ActivityManager(  947): Killing 11653:com.happygoatstudios.bttest:stellar_test/u0a218 (adj 2): stop com.happygoatstudios.bttest
W/ActivityManager(  947): Scheduling restart of crashed service com.happygoatstudios.bttest/com.offsetnull.bt.service.StellarService in 1000ms
I/ActivityManager(  947):   Force stopping service ServiceRecord{43d64b48 u0 com.happygoatstudios.bttest/com.offsetnull.bt.service.StellarService}
D/WifiService(  947): releaseWifiLockLocked: WifiLock{BLOWTORCH_WIFI_LOCK type=1 binder=android.os.BinderProxy@425a9cb0}
V/NotificationService(  947): batLight: plugged
V/LightsService(  947): setLight #8: color=#c8c800
I/PackageManager(  947): Package com.happygoatstudios.bttest codePath changed from /data/app/com.happygoatstudios.bttest-1.apk to /data/app/com.happygoatstudios.bttest-2.apk; Retaining data and using new
D/qdlights(  947): set_color_led color=13158400, mode=255, off_min=0, off_sec=0
D/qdlights(  947): [LedInfo] without indicator attribute, red:c80000, green:c800, blue:0
V/LightsService(  947): setLight #8: color=#c80000
D/qdlights(  947): set_color_led color=13107200, mode=1, off_min=0, off_sec=0
D/qdlights(  947): [LedInfo] without indicator attribute, red:c80000, green:0, blue:0
D/qdlights(  947): [LedInfo] write attr ok name=/sys/class/leds/amber/brightness string=1,len=1
D/qdlights(  947): [LedInfo] write attr ok name=/sys/class/leds/amber/blink string=0,len=1
D/qdlights(  947): [LedInfo] write attr ok name=/sys/class/leds/amber/off_timer string=0 0,len=3
D/qdlights(  947): [LedInfo] write attr ok name=/sys/class/leds/green/brightness string=0,len=1
D/qdlights(  947): [LedInfo] write attr ok name=/sys/class/leds/green/blink string=0,len=1
D/qdlights(  947): [LedInfo] write attr ok name=/sys/class/leds/green/off_timer string=0 0,len=3
V/NotificationService(  947): batLight: plugged
V/LightsService(  947): setLight #8: color=#c8c800
D/qdlights(  947): set_color_led color=13158400, mode=255, off_min=0, off_sec=0
D/qdlights(  947): [LedInfo] without indicator attribute, red:c80000, green:c800, blue:0
V/LightsService(  947): setLight #8: color=#c80000
D/qdlights(  947): set_color_led color=13107200, mode=1, off_min=0, off_sec=0
D/qdlights(  947): [LedInfo] without indicator attribute, red:c80000, green:0, blue:0
D/qdlights(  947): [LedInfo] write attr ok name=/sys/class/leds/amber/brightness string=1,len=1
D/qdlights(  947): [LedInfo] write attr ok name=/sys/class/leds/amber/blink string=0,len=1
D/qdlights(  947): [LedInfo] write attr ok name=/sys/class/leds/amber/off_timer string=0 0,len=3
D/qdlights(  947): [LedInfo] write attr ok name=/sys/class/leds/green/brightness string=0,len=1
D/qdlights(  947): [LedInfo] write attr ok name=/sys/class/leds/green/blink string=0,len=1
D/qdlights(  947): [LedInfo] write attr ok name=/sys/class/leds/green/off_timer string=0 0,len=3
I/ActivityManager(  947): Force stopping com.happygoatstudios.bttest appid=10218 user=-1: update pkg
W/PackageManager(  947): Code path for pkg : com.happygoatstudios.bttest changing from /data/app/com.happygoatstudios.bttest-1.apk to /data/app/com.happygoatstudios.bttest-2.apk
W/PackageManager(  947): Resource path for pkg : com.happygoatstudios.bttest changing from /data/app/com.happygoatstudios.bttest-1.apk to /data/app/com.happygoatstudios.bttest-2.apk
I/ActivityManager(  947): Force stopping com.happygoatstudios.bttest appid=10218 user=0: pkg removed
I/ActivityManager(  947): Killing 11831:com.htc.providers.settings:remote/u0a14 (adj 15): empty #17
D/HtcAppWifiOffload(  947): PACKAGE_CHANGED
D/HtcAppWifiOffload(  947): Update HomePackageName:com.htc.launcher
D/HtcAppWifiOffload(  947): Update HomePackageName:com.teslacoilsw.launcher
I/ActivityManager(  947): Recipient 11831
D/HtcAppWifiOffload(  947): PACKAGE_CHANGED
